BL51 BANKED LINKER/LOCATER V6.22                                                        10/06/2020  15:47:36  PAGE 1


BL51 BANKED LINKER/LOCATER V6.22, INVOKED BY:
C:\KEIL4\C51\BIN\BL51.EXE .\Objects\STARTUP.obj, .\Objects\HC-MCU-XBR.obj, .\Objects\mcu_api.obj, .\Objects\protocol.obj
>> , .\Objects\system.obj TO .\Objects\HC-MCU-XBR PRINT (.\Listings\HC-MCU-XBR.m51) RAMSIZE (256) CODE (0X0000-0X3FFF) X
>> DATA (0X0000-0X07FF)


MEMORY MODEL: SMALL WITH FLOATING POINT ARITHMETIC


INPUT MODULES INCLUDED:
  .\Objects\STARTUP.obj (?C_STARTUP)
  .\Objects\HC-MCU-XBR.obj (HC_MCU_XBR)
  .\Objects\mcu_api.obj (MCU_API)
  .\Objects\protocol.obj (PROTOCOL)
  .\Objects\system.obj (SYSTEM)
  C:\KEIL4\C51\LIB\C51FPS.LIB (?C?FPDIV)
  C:\KEIL4\C51\LIB\C51FPS.LIB (?C?FCAST)
  C:\KEIL4\C51\LIB\C51FPS.LIB (?C?CASTF)
  C:\KEIL4\C51\LIB\C51FPS.LIB (?C?FPGETOPN)
  C:\KEIL4\C51\LIB\C51S.LIB (?C_INIT)
  C:\KEIL4\C51\LIB\C51S.LIB (?C?CLDPTR)
  C:\KEIL4\C51\LIB\C51S.LIB (?C?CLDOPTR)
  C:\KEIL4\C51\LIB\C51S.LIB (?C?CSTPTR)
  C:\KEIL4\C51\LIB\C51S.LIB (?C?CSTOPTR)
  C:\KEIL4\C51\LIB\C51S.LIB (?C?IMUL)
  C:\KEIL4\C51\LIB\C51S.LIB (?C?LMUL)
  C:\KEIL4\C51\LIB\C51S.LIB (?C?ULDIV)
  C:\KEIL4\C51\LIB\C51S.LIB (?C?LNEG)
  C:\KEIL4\C51\LIB\C51S.LIB (?C?SLCMP)
  C:\KEIL4\C51\LIB\C51S.LIB (?C?ULCMP)
  C:\KEIL4\C51\LIB\C51S.LIB (?C?ULSHR)
  C:\KEIL4\C51\LIB\C51S.LIB (?C?LSHL)
  C:\KEIL4\C51\LIB\C51S.LIB (?C?LSTXDATA)
  C:\KEIL4\C51\LIB\C51S.LIB (?C?LSTKXDATA)
  C:\KEIL4\C51\LIB\C51S.LIB (?C?CCASE)


LINK MAP OF MODULE:  .\Objects\HC-MCU-XBR (?C_STARTUP)


            TYPE    BASE      LENGTH    RELOCATION   SEGMENT NAME
            -----------------------------------------------------

            * * * * * * *   D A T A   M E M O R Y   * * * * * * *
            REG     0000H     0008H     ABSOLUTE     "REG BANK 0"
            DATA    0008H     0031H     UNIT         _DATA_GROUP_
            DATA    0039H     000DH     UNIT         ?DT?PROTOCOL
            DATA    0046H     0009H     UNIT         ?DT?_MY_MEMSET?MCU_API
            DATA    004FH     0007H     UNIT         ?DT?_MCU_DP_FAULT_UPDATE?MCU_API
            DATA    0056H     0007H     UNIT         ?DT?SYSTEM
            DATA    005DH     0006H     UNIT         ?DT?HC_MCU_XBR
            DATA    0063H     0006H     UNIT         ?DT?_MCU_DP_RAW_UPDATE?MCU_API
            DATA    0069H     0006H     UNIT         ?DT?_MCU_DP_STRING_UPDATE?MCU_API
            DATA    006FH     0004H     UNIT         ?DT?_INT_TO_BYTE?MCU_API
            DATA    0073H     0004H     UNIT         ?DT?_DP_DOWNLOAD_ADDR_HANDLE?PROTOCOL
            DATA    0077H     0004H     UNIT         ?DT?_DP_DOWNLOAD_ADDREND_HANDLE?PROTOCOL
            DATA    007BH     0002H     UNIT         ?DT?MCU_API
            DATA    007DH     0002H     UNIT         ?DT?_BT_UART_MESH_WRITE_FRAME?SYSTEM
BL51 BANKED LINKER/LOCATER V6.22                                                      10/06/2020  15:47:36  PAGE 2


            IDATA   007FH     0011H     UNIT         _IDATA_GROUP_
            IDATA   0090H     0004H     UNIT         ?ID?HC_MCU_XBR
            IDATA   0094H     0001H     UNIT         ?STACK

            * * * * * * *  X D A T A   M E M O R Y  * * * * * * *
            XDATA   0000H     005BH     UNIT         ?XD?HC_MCU_XBR
            XDATA   005BH     0059H     UNIT         ?XD?SYSTEM
            XDATA   00B4H     0012H     UNIT         ?XD?PROTOCOL
                    00C6H     FDBAH                  *** GAP ***
            XDATA   FE80H     0001H     ABSOLUTE     
                    FE81H     0004H                  *** GAP ***
            XDATA   FE85H     0001H     ABSOLUTE     
                    FE86H     0002H                  *** GAP ***
            XDATA   FE88H     0001H     ABSOLUTE     
            XDATA   FE89H     0001H     ABSOLUTE     
            XDATA   FE8AH     0001H     ABSOLUTE     
                    FE8BH     0006H                  *** GAP ***
            XDATA   FE91H     0001H     ABSOLUTE     
            XDATA   FE92H     0001H     ABSOLUTE     
            XDATA   FE93H     0001H     ABSOLUTE     
            XDATA   FE94H     0001H     ABSOLUTE     
            XDATA   FE95H     0001H     ABSOLUTE     
                    FE96H     0002H                  *** GAP ***
            XDATA   FE98H     0001H     ABSOLUTE     
                    FE99H     0002H                  *** GAP ***
            XDATA   FE9BH     0001H     ABSOLUTE     
                    FE9CH     0004H                  *** GAP ***
            XDATA   FEA0H     0001H     ABSOLUTE     
                    FEA1H     0001H                  *** GAP ***
            XDATA   FEA2H     0001H     ABSOLUTE     
                    FEA3H     0001H                  *** GAP ***
            XDATA   FEA4H     0001H     ABSOLUTE     
            XDATA   FEA5H     0001H     ABSOLUTE     
                    FEA6H     0001H                  *** GAP ***
            XDATA   FEA7H     0001H     ABSOLUTE     
                    FEA8H     0002H                  *** GAP ***
            XDATA   FEAAH     0001H     ABSOLUTE     
                    FEABH     0005H                  *** GAP ***
            XDATA   FEB0H     0001H     ABSOLUTE     
            XDATA   FEB1H     0001H     ABSOLUTE     
            XDATA   FEB2H     0001H     ABSOLUTE     
            XDATA   FEB3H     0001H     ABSOLUTE     
                    FEB4H     0004H                  *** GAP ***
            XDATA   FEB8H     0001H     ABSOLUTE     
            XDATA   FEB9H     0001H     ABSOLUTE     
                    FEBAH     0002H                  *** GAP ***
            XDATA   FEBCH     0001H     ABSOLUTE     
                    FEBDH     0043H                  *** GAP ***
            XDATA   FF00H     0001H     ABSOLUTE     
            XDATA   FF01H     0001H     ABSOLUTE     
            XDATA   FF02H     0001H     ABSOLUTE     
            XDATA   FF03H     0001H     ABSOLUTE     
                    FF04H     0001H                  *** GAP ***
            XDATA   FF05H     0001H     ABSOLUTE     
                    FF06H     0002H                  *** GAP ***
            XDATA   FF08H     0001H     ABSOLUTE     
                    FF09H     0007H                  *** GAP ***
BL51 BANKED LINKER/LOCATER V6.22                                                      10/06/2020  15:47:36  PAGE 3


            XDATA   FF10H     0001H     ABSOLUTE     
            XDATA   FF11H     0001H     ABSOLUTE     
            XDATA   FF12H     0001H     ABSOLUTE     
            XDATA   FF13H     0001H     ABSOLUTE     
                    FF14H     002CH                  *** GAP ***
            XDATA   FF40H     0001H     ABSOLUTE     
            XDATA   FF41H     0001H     ABSOLUTE     
            XDATA   FF42H     0001H     ABSOLUTE     
                    FF43H     003DH                  *** GAP ***
            XDATA   FF80H     0001H     ABSOLUTE     
            XDATA   FF81H     0001H     ABSOLUTE     
                    FF82H     0001H                  *** GAP ***
            XDATA   FF83H     0001H     ABSOLUTE     
            XDATA   FF84H     0001H     ABSOLUTE     
            XDATA   FF85H     0001H     ABSOLUTE     
                    FF86H     0009H                  *** GAP ***
            XDATA   FF8FH     0001H     ABSOLUTE     
            XDATA   FF90H     0001H     ABSOLUTE     
            XDATA   FF91H     0001H     ABSOLUTE     
                    FF92H     0002H                  *** GAP ***
            XDATA   FF94H     0001H     ABSOLUTE     
            XDATA   FF95H     0001H     ABSOLUTE     
                    FF96H     0002H                  *** GAP ***
            XDATA   FF98H     0001H     ABSOLUTE     
            XDATA   FF99H     0001H     ABSOLUTE     
                    FF9AH     0002H                  *** GAP ***
            XDATA   FF9CH     0001H     ABSOLUTE     
                    FF9DH     0003H                  *** GAP ***
            XDATA   FFA0H     0001H     ABSOLUTE     
            XDATA   FFA1H     0001H     ABSOLUTE     
                    FFA2H     0002H                  *** GAP ***
            XDATA   FFA4H     0001H     ABSOLUTE     
            XDATA   FFA5H     0001H     ABSOLUTE     
            XDATA   FFA6H     0001H     ABSOLUTE     
            XDATA   FFA7H     0001H     ABSOLUTE     
            XDATA   FFA8H     0001H     ABSOLUTE     
            XDATA   FFA9H     0001H     ABSOLUTE     

            * * * * * * *   C O D E   M E M O R Y   * * * * * * *
            CODE    0000H     0003H     ABSOLUTE     
            CODE    0003H     0017H     UNIT         ?PR?INITSYS?HC_MCU_XBR
            CODE    001AH     0001H     UNIT         ?PR?UART2_RPT?HC_MCU_XBR
            CODE    001BH     0003H     ABSOLUTE     
            CODE    001EH     0003H     UNIT         ?PR?GET_DOWNLOAD_CMD_TOTAL?PROTOCOL
                    0021H     0002H                  *** GAP ***
            CODE    0023H     0003H     ABSOLUTE     
            CODE    0026H     0014H     UNIT         ?PR?_SET_BT_UART_BYTE?SYSTEM
                    003AH     0001H                  *** GAP ***
            CODE    003BH     0003H     ABSOLUTE     
            CODE    003EH     0973H     UNIT         ?PR?XBRHANDLE?HC_MCU_XBR
            CODE    09B1H     03C6H     UNIT         ?C?LIB_CODE
            CODE    0D77H     01DEH     UNIT         ?PR?MAIN?HC_MCU_XBR
            CODE    0F55H     0181H     UNIT         ?PR?BT_UART_SERVICE?MCU_API
            CODE    10D6H     0156H     UNIT         ?PR?SET_VAR?HC_MCU_XBR
            CODE    122CH     00FFH     UNIT         ?PR?_DATA_HANDLE?SYSTEM
            CODE    132BH     00F7H     UNIT         ?PR?_DP_DOWNLOAD_HANDLE?PROTOCOL
            CODE    1422H     00F3H     UNIT         ?C_INITSEG
BL51 BANKED LINKER/LOCATER V6.22                                                      10/06/2020  15:47:36  PAGE 4


            CODE    1515H     00EDH     UNIT         ?PR?SAVEVAR?PROTOCOL
            CODE    1602H     00E8H     UNIT         ?PR?_MCU_DP_FAULT_UPDATE?MCU_API
            CODE    16EAH     00D1H     UNIT         ?PR?_MY_MEMCPY?MCU_API
            CODE    17BBH     00CAH     UNIT         ?PR?ALL_DATA_UPDATE?PROTOCOL
            CODE    1885H     00C8H     UNIT         ?PR?_DP_DOWNLOAD_SENSING_RADIUS_HANDLE?PROTOCOL
            CODE    194DH     00BAH     UNIT         ?PR?_MCU_DP_VALUE_MESH_UPDATE?MCU_API
            CODE    1A07H     00B2H     UNIT         ?PR?_MCU_DP_ENUM_MESH_UPDATE?MCU_API
            CODE    1AB9H     00A2H     UNIT         ?PR?TIMER1_RPT?HC_MCU_XBR
            CODE    1B5BH     00A1H     UNIT         ?PR?_BYTE_TO_INT?MCU_API
            CODE    1BFCH     009EH     UNIT         ?PR?_DP_DOWNLOAD_CDS_HANDLE?PROTOCOL
            CODE    1C9AH     0096H     UNIT         ?PR?_MCU_DP_VALUE_UPDATE?MCU_API
            CODE    1D30H     008CH     UNIT         ?C_C51STARTUP
            CODE    1DBCH     0087H     UNIT         ?PR?_MCU_DP_BOOL_MESH_UPDATE?MCU_API
            CODE    1E43H     0083H     UNIT         ?PR?WAIT1?HC_MCU_XBR
            CODE    1EC6H     007EH     UNIT         ?PR?WAIT2?HC_MCU_XBR
            CODE    1F44H     0071H     UNIT         ?PR?_HEX_TO_BCD?MCU_API
            CODE    1FB5H     0071H     UNIT         ?PR?_UART_RECEIVE_INPUT?MCU_API
            CODE    2026H     0070H     UNIT         ?PR?_DP_DOWNLOAD_BRIGHT_VALUE_HANDLE?PROTOCOL
            CODE    2096H     006AH     UNIT         ?PR?_DP_DOWNLOAD_PIR_DELAY_HANDLE?PROTOCOL
            CODE    2100H     0066H     UNIT         ?PR?_BT_UART_MESH_WRITE_FRAME?SYSTEM
            CODE    2166H     0060H     UNIT         ?PR?_DP_DOWNLOAD_STANDBY_TIME_HANDLE?PROTOCOL
            CODE    21C6H     0060H     UNIT         ?PR?_DATA_POINT_HANDLE?SYSTEM
            CODE    2226H     005AH     UNIT         ?PR?_DP_DOWNLOAD_SWITCH_LED2_HANDLE?PROTOCOL
            CODE    2280H     0055H     UNIT         ?PR?_MY_STRLEN?MCU_API
            CODE    22D5H     0053H     UNIT         ?PR?_MCU_DP_RAW_UPDATE?MCU_API
            CODE    2328H     0053H     UNIT         ?PR?_MCU_DP_STRING_UPDATE?MCU_API
            CODE    237BH     0053H     UNIT         ?PR?_BT_UART_WRITE_FRAME?SYSTEM
            CODE    23CEH     004FH     UNIT         ?PR?_MCU_DP_BOOL_UPDATE?MCU_API
            CODE    241DH     0047H     UNIT         ?PR?UART1_RPT?HC_MCU_XBR
            CODE    2464H     0045H     UNIT         ?PR?_READ_AD?HC_MCU_XBR
            CODE    24A9H     0043H     UNIT         ?PR?_INT_TO_BYTE?MCU_API
            CODE    24ECH     0042H     UNIT         ?PR?_MCU_DP_ENUM_UPDATE?MCU_API
            CODE    252EH     0042H     UNIT         ?PR?QUEUE_READ_BYTE?SYSTEM
            CODE    2570H     003EH     UNIT         ?PR?_DP_DOWNLOAD_SWITCH_XBR_HANDLE?PROTOCOL
            CODE    25AEH     003DH     UNIT         ?PR?_MY_MEMSET?MCU_API
            CODE    25EBH     003DH     UNIT         ?PR?_BT_UART_WRITE_DATA?SYSTEM
            CODE    2628H     003CH     UNIT         ?PR?_SET_BT_UART_BUFFER?SYSTEM
            CODE    2664H     0038H     UNIT         ?PR?PRODUCT_INFO_UPDATE?SYSTEM
            CODE    269CH     0037H     UNIT         ?PR?_FLASH_READARR?HC_MCU_XBR
            CODE    26D3H     0032H     UNIT         ?PR?_GET_CHECK_SUM?SYSTEM
            CODE    2705H     0031H     UNIT         ?PR?UART1_INIT?HC_MCU_XBR
            CODE    2736H     002DH     UNIT         ?PR?_PWM3INIT?HC_MCU_XBR
            CODE    2763H     0028H     UNIT         ?PR?_DELAY_MS?HC_MCU_XBR
            CODE    278BH     0027H     UNIT         ?PR?_FLASH_WRITEDATA?HC_MCU_XBR
            CODE    27B2H     0026H     UNIT         ?PR?_DP_DOWNLOAD_ADDR_HANDLE?PROTOCOL
            CODE    27D8H     0026H     UNIT         ?PR?_DP_DOWNLOAD_ADDREND_HANDLE?PROTOCOL
            CODE    27FEH     0026H     UNIT         ?PR?_GET_DOWMLOAD_DPID_INDEX?SYSTEM
            CODE    2824H     0025H     UNIT         ?PR?_FLASH_ERASEBLOCK?HC_MCU_XBR
            CODE    2849H     0020H     UNIT         ?PR?HEAT_BEAT_CHECK?SYSTEM
            CODE    2869H     001EH     UNIT         ?PR?TIMER_INIT?HC_MCU_XBR
            CODE    2887H     001EH     UNIT         ?PR?GET_QUEUE_TOTAL_DATA?SYSTEM
            CODE    28A5H     001CH     UNIT         ?PR?GPIO_INIT?HC_MCU_XBR
            CODE    28C1H     001CH     UNIT         ?PR?_SEND_DATA?HC_MCU_XBR
            CODE    28DDH     0019H     UNIT         ?PR?BT_PROTOCOL_INIT?MCU_API
            CODE    28F6H     0017H     UNIT         ?PR?ADC_INIT?HC_MCU_XBR
            CODE    290DH     0013H     UNIT         ?PR?_DP_DOWNLOAD_SWITCH_LED_HANDLE?PROTOCOL
            CODE    2920H     0013H     UNIT         ?PR?_DP_DOWNLOAD_SWITCH_PIR_HANDLE?PROTOCOL
BL51 BANKED LINKER/LOCATER V6.22                                                      10/06/2020  15:47:36  PAGE 5


            CODE    2933H     0012H     UNIT         ?PR?_DELAY_US?HC_MCU_XBR
            CODE    2945H     0012H     UNIT         ?PR?_DELAY_US_1?HC_MCU_XBR
            CODE    2957H     000FH     UNIT         ?CO?SYSTEM
            CODE    2966H     000CH     UNIT         ?PR?MCU_RESET_BT?MCU_API
            CODE    2972H     000BH     UNIT         ?PR?_UART_TRANSMIT_OUTPUT?PROTOCOL
            CODE    297DH     0009H     UNIT         ?PR?_MCU_GET_DP_DOWNLOAD_BOOL?MCU_API
            CODE    2986H     0009H     UNIT         ?PR?_MCU_GET_DP_DOWNLOAD_ENUM?MCU_API
            CODE    298FH     0008H     UNIT         ?PR?_MCU_GET_DP_DOWNLOAD_VALUE?MCU_API
            CODE    2997H     0008H     UNIT         ?PR?GET_MCU_BT_MODE?SYSTEM
            CODE    299FH     0006H     UNIT         ?PR?MCU_GET_RESET_BT_FLAG?MCU_API
            CODE    29A5H     0006H     UNIT         ?PR?MCU_GET_BT_WORK_STATE?MCU_API



OVERLAY MAP OF MODULE:   .\Objects\HC-MCU-XBR (?C_STARTUP)


SEGMENT                                            DATA_GROUP          IDATA_GROUP
  +--> CALLED SEGMENT                            START    LENGTH     START    LENGTH
------------------------------------------------------------------------------------
?C_C51STARTUP                                    -----    -----      -----    -----
  +--> ?PR?MAIN?HC_MCU_XBR
  +--> ?C_INITSEG

?PR?MAIN?HC_MCU_XBR                              0008H    0002H      -----    -----
  +--> ?PR?BT_PROTOCOL_INIT?MCU_API
  +--> ?PR?INITSYS?HC_MCU_XBR
  +--> ?PR?GPIO_INIT?HC_MCU_XBR
  +--> ?PR?_PWM3INIT?HC_MCU_XBR
  +--> ?PR?TIMER_INIT?HC_MCU_XBR
  +--> ?PR?UART1_INIT?HC_MCU_XBR
  +--> ?PR?ADC_INIT?HC_MCU_XBR
  +--> ?PR?_DELAY_MS?HC_MCU_XBR
  +--> ?PR?_READ_AD?HC_MCU_XBR
  +--> ?PR?SET_VAR?HC_MCU_XBR
  +--> ?PR?_FLASH_ERASEBLOCK?HC_MCU_XBR
  +--> ?PR?_DELAY_US_1?HC_MCU_XBR
  +--> ?PR?_FLASH_WRITEDATA?HC_MCU_XBR
  +--> ?PR?WAIT1?HC_MCU_XBR
  +--> ?PR?WAIT2?HC_MCU_XBR
  +--> ?PR?_SEND_DATA?HC_MCU_XBR
  +--> ?PR?BT_UART_SERVICE?MCU_API
  +--> ?PR?XBRHANDLE?HC_MCU_XBR

?PR?ADC_INIT?HC_MCU_XBR                          -----    -----      -----    -----
  +--> ?PR?_DELAY_US?HC_MCU_XBR

?PR?_READ_AD?HC_MCU_XBR                          -----    -----      -----    -----
  +--> ?PR?_DELAY_US?HC_MCU_XBR

?PR?SET_VAR?HC_MCU_XBR                           -----    -----      -----    -----
  +--> ?PR?_FLASH_READARR?HC_MCU_XBR

?PR?_FLASH_READARR?HC_MCU_XBR                    000AH    0005H      -----    -----

?PR?WAIT1?HC_MCU_XBR                             000AH    0002H      -----    -----
  +--> ?PR?_DELAY_MS?HC_MCU_XBR
BL51 BANKED LINKER/LOCATER V6.22                                                      10/06/2020  15:47:36  PAGE 6



?PR?WAIT2?HC_MCU_XBR                             000AH    0006H      -----    -----

?PR?BT_UART_SERVICE?MCU_API                      000AH    0004H      -----    -----
  +--> ?PR?GET_QUEUE_TOTAL_DATA?SYSTEM
  +--> ?PR?QUEUE_READ_BYTE?SYSTEM
  +--> ?PR?_GET_CHECK_SUM?SYSTEM
  +--> ?PR?_DATA_HANDLE?SYSTEM
  +--> ?PR?_MY_MEMCPY?MCU_API

?PR?_GET_CHECK_SUM?SYSTEM                        0030H    0005H      -----    -----

?PR?_DATA_HANDLE?SYSTEM                          000EH    0008H      -----    -----
  +--> ?PR?HEAT_BEAT_CHECK?SYSTEM
  +--> ?PR?PRODUCT_INFO_UPDATE?SYSTEM
  +--> ?PR?GET_MCU_BT_MODE?SYSTEM
  +--> ?PR?_BT_UART_WRITE_FRAME?SYSTEM
  +--> ?PR?_DATA_POINT_HANDLE?SYSTEM
  +--> ?PR?SAVEVAR?PROTOCOL
  +--> ?PR?ALL_DATA_UPDATE?PROTOCOL

?PR?HEAT_BEAT_CHECK?SYSTEM                       -----    -----      -----    -----
  +--> ?PR?_SET_BT_UART_BYTE?SYSTEM
  +--> ?PR?_BT_UART_WRITE_FRAME?SYSTEM

?PR?_BT_UART_WRITE_FRAME?SYSTEM                  002EH    0002H      -----    -----
  +--> ?PR?_GET_CHECK_SUM?SYSTEM
  +--> ?PR?_BT_UART_WRITE_DATA?SYSTEM

?PR?_BT_UART_WRITE_DATA?SYSTEM                   0030H    0005H      -----    -----
  +--> ?PR?_UART_TRANSMIT_OUTPUT?PROTOCOL

?PR?PRODUCT_INFO_UPDATE?SYSTEM                   0016H    0001H      -----    -----
  +--> ?CO?SYSTEM
  +--> ?PR?_MY_STRLEN?MCU_API
  +--> ?PR?_SET_BT_UART_BUFFER?SYSTEM
  +--> ?PR?_BT_UART_WRITE_FRAME?SYSTEM

?PR?_MY_STRLEN?MCU_API                           0017H    0007H      -----    -----

?PR?_SET_BT_UART_BUFFER?SYSTEM                   0017H    0007H      -----    -----
  +--> ?PR?_MY_MEMCPY?MCU_API

?PR?_MY_MEMCPY?MCU_API                           001EH    0010H      -----    -----

?PR?GET_MCU_BT_MODE?SYSTEM                       -----    -----      -----    -----
  +--> ?PR?_BT_UART_WRITE_FRAME?SYSTEM

?PR?_DATA_POINT_HANDLE?SYSTEM                    0016H    0007H      -----    -----
  +--> ?PR?_GET_DOWMLOAD_DPID_INDEX?SYSTEM
  +--> ?PR?_DP_DOWNLOAD_HANDLE?PROTOCOL

?PR?_GET_DOWMLOAD_DPID_INDEX?SYSTEM              001DH    0001H      -----    -----
  +--> ?PR?GET_DOWNLOAD_CMD_TOTAL?PROTOCOL

?PR?_DP_DOWNLOAD_HANDLE?PROTOCOL                 001DH    0007H      -----    -----
  +--> ?PR?_DP_DOWNLOAD_SWITCH_LED_HANDLE?PR...
BL51 BANKED LINKER/LOCATER V6.22                                                      10/06/2020  15:47:36  PAGE 7


  +--> ?PR?_SEND_DATA?HC_MCU_XBR
  +--> ?PR?_DP_DOWNLOAD_SWITCH_LED2_HANDLE?P...
  +--> ?PR?_DP_DOWNLOAD_SWITCH_XBR_HANDLE?PR...
  +--> ?PR?_DP_DOWNLOAD_BRIGHT_VALUE_HANDLE?...
  +--> ?PR?_DP_DOWNLOAD_CDS_HANDLE?PROTOCOL
  +--> ?PR?_DP_DOWNLOAD_PIR_DELAY_HANDLE?PRO...
  +--> ?PR?_DP_DOWNLOAD_SWITCH_PIR_HANDLE?PR...
  +--> ?PR?_DP_DOWNLOAD_STANDBY_TIME_HANDLE?...
  +--> ?PR?_DP_DOWNLOAD_SENSING_RADIUS_HANDL...

?PR?_DP_DOWNLOAD_SWITCH_LED_HANDLE?PR...         -----    -----      -----    -----
  +--> ?PR?_MCU_GET_DP_DOWNLOAD_BOOL?MCU_API
  +--> ?PR?_MCU_DP_BOOL_UPDATE?MCU_API

?PR?_MCU_GET_DP_DOWNLOAD_BOOL?MCU_API            0025H    0002H      -----    -----

?PR?_MCU_DP_BOOL_UPDATE?MCU_API                  0025H    0001H      -----    -----
  +--> ?PR?_SET_BT_UART_BYTE?SYSTEM
  +--> ?PR?_BT_UART_WRITE_FRAME?SYSTEM

?PR?_DP_DOWNLOAD_SWITCH_LED2_HANDLE?P...         0024H    0001H      -----    -----
  +--> ?PR?_MCU_GET_DP_DOWNLOAD_BOOL?MCU_API
  +--> ?PR?_MCU_DP_BOOL_MESH_UPDATE?MCU_API
  +--> ?PR?_PWM3INIT?HC_MCU_XBR
  +--> ?PR?_MCU_DP_BOOL_UPDATE?MCU_API

?PR?_MCU_DP_BOOL_MESH_UPDATE?MCU_API             0025H    0013H      -----    -----
  +--> ?PR?_UART_TRANSMIT_OUTPUT?PROTOCOL

?PR?_DP_DOWNLOAD_SWITCH_XBR_HANDLE?PR...         0024H    0001H      -----    -----
  +--> ?PR?_MCU_GET_DP_DOWNLOAD_BOOL?MCU_API
  +--> ?PR?_MCU_DP_BOOL_MESH_UPDATE?MCU_API
  +--> ?PR?_MCU_DP_BOOL_UPDATE?MCU_API

?PR?_DP_DOWNLOAD_BRIGHT_VALUE_HANDLE?...         0024H    0004H      -----    -----
  +--> ?PR?_MCU_GET_DP_DOWNLOAD_VALUE?MCU_API
  +--> ?PR?_MCU_DP_VALUE_MESH_UPDATE?MCU_API
  +--> ?PR?SAVEVAR?PROTOCOL
  +--> ?PR?_MCU_DP_VALUE_UPDATE?MCU_API

?PR?_MCU_GET_DP_DOWNLOAD_VALUE?MCU_API           0029H    0002H      -----    -----
  +--> ?PR?_BYTE_TO_INT?MCU_API

?PR?_BYTE_TO_INT?MCU_API                         002BH    0004H      -----    -----

?PR?_MCU_DP_VALUE_MESH_UPDATE?MCU_API            0029H    0009H      007FH    0011H
  +--> ?PR?_UART_TRANSMIT_OUTPUT?PROTOCOL

?PR?SAVEVAR?PROTOCOL                             -----    -----      -----    -----
  +--> ?PR?_FLASH_ERASEBLOCK?HC_MCU_XBR
  +--> ?PR?_DELAY_US_1?HC_MCU_XBR
  +--> ?PR?_FLASH_WRITEDATA?HC_MCU_XBR

?PR?_MCU_DP_VALUE_UPDATE?MCU_API                 0029H    0005H      -----    -----
  +--> ?PR?_SET_BT_UART_BYTE?SYSTEM
  +--> ?PR?_BT_UART_WRITE_FRAME?SYSTEM

BL51 BANKED LINKER/LOCATER V6.22                                                      10/06/2020  15:47:36  PAGE 8


?PR?_DP_DOWNLOAD_CDS_HANDLE?PROTOCOL             0024H    0001H      -----    -----
  +--> ?PR?_MCU_GET_DP_DOWNLOAD_ENUM?MCU_API
  +--> ?PR?_MCU_DP_ENUM_MESH_UPDATE?MCU_API
  +--> ?PR?SAVEVAR?PROTOCOL
  +--> ?PR?_MCU_DP_ENUM_UPDATE?MCU_API

?PR?_MCU_GET_DP_DOWNLOAD_ENUM?MCU_API            0025H    0002H      -----    -----

?PR?_MCU_DP_ENUM_MESH_UPDATE?MCU_API             0025H    0013H      -----    -----
  +--> ?PR?_UART_TRANSMIT_OUTPUT?PROTOCOL

?PR?_MCU_DP_ENUM_UPDATE?MCU_API                  0025H    0001H      -----    -----
  +--> ?PR?_SET_BT_UART_BYTE?SYSTEM
  +--> ?PR?_BT_UART_WRITE_FRAME?SYSTEM

?PR?_DP_DOWNLOAD_PIR_DELAY_HANDLE?PRO...         0024H    0004H      -----    -----
  +--> ?PR?_MCU_GET_DP_DOWNLOAD_VALUE?MCU_API
  +--> ?PR?_MCU_DP_VALUE_MESH_UPDATE?MCU_API
  +--> ?PR?SAVEVAR?PROTOCOL
  +--> ?PR?_MCU_DP_VALUE_UPDATE?MCU_API

?PR?_DP_DOWNLOAD_SWITCH_PIR_HANDLE?PR...         -----    -----      -----    -----
  +--> ?PR?_MCU_GET_DP_DOWNLOAD_BOOL?MCU_API
  +--> ?PR?_MCU_DP_BOOL_UPDATE?MCU_API

?PR?_DP_DOWNLOAD_STANDBY_TIME_HANDLE?...         0024H    0004H      -----    -----
  +--> ?PR?_MCU_GET_DP_DOWNLOAD_VALUE?MCU_API
  +--> ?PR?_MCU_DP_VALUE_MESH_UPDATE?MCU_API
  +--> ?PR?_MCU_DP_VALUE_UPDATE?MCU_API

?PR?_DP_DOWNLOAD_SENSING_RADIUS_HANDL...         0024H    0005H      -----    -----
  +--> ?PR?_MCU_GET_DP_DOWNLOAD_VALUE?MCU_API
  +--> ?PR?_MCU_DP_VALUE_MESH_UPDATE?MCU_API
  +--> ?PR?SAVEVAR?PROTOCOL
  +--> ?PR?_MCU_DP_VALUE_UPDATE?MCU_API

?PR?ALL_DATA_UPDATE?PROTOCOL                     0016H    0001H      -----    -----
  +--> ?PR?_MCU_DP_BOOL_UPDATE?MCU_API
  +--> ?PR?_MCU_DP_VALUE_UPDATE?MCU_API
  +--> ?PR?_MCU_DP_ENUM_UPDATE?MCU_API

?PR?XBRHANDLE?HC_MCU_XBR                         000AH    0004H      -----    -----
  +--> ?PR?_PWM3INIT?HC_MCU_XBR
  +--> ?PR?_READ_AD?HC_MCU_XBR
  +--> ?PR?_SEND_DATA?HC_MCU_XBR
  +--> ?PR?_DELAY_MS?HC_MCU_XBR

*** NEW ROOT ***************************************************

?PR?UART1_RPT?HC_MCU_XBR                         -----    -----      -----    -----
  +--> ?PR?_UART_RECEIVE_INPUT?MCU_API

?PR?_UART_RECEIVE_INPUT?MCU_API                  0038H    0001H      -----    -----



SYMBOL TABLE OF MODULE:  .\Objects\HC-MCU-XBR (?C_STARTUP)
BL51 BANKED LINKER/LOCATER V6.22                                                      10/06/2020  15:47:36  PAGE 9



  VALUE           TYPE          NAME
  ----------------------------------

  -------         MODULE        ?C_STARTUP
  C:1D30H         SEGMENT       ?C_C51STARTUP
  I:0094H         SEGMENT       ?STACK
  C:0000H         PUBLIC        ?C_STARTUP
  D:00E0H         SYMBOL        ACC
  D:00F0H         SYMBOL        B
  D:0083H         SYMBOL        DPH
  D:0082H         SYMBOL        DPL
  N:0000H         SYMBOL        IBPSTACK
  N:0100H         SYMBOL        IBPSTACKTOP
  N:0080H         SYMBOL        IDATALEN
  C:1D33H         SYMBOL        IDATALOOP
  N:0000H         SYMBOL        PBPSTACK
  N:0100H         SYMBOL        PBPSTACKTOP
  N:0000H         SYMBOL        PDATALEN
  N:0000H         SYMBOL        PDATASTART
  N:0000H         SYMBOL        PPAGE
  N:0000H         SYMBOL        PPAGEENABLE
  D:00A0H         SYMBOL        PPAGE_SFR
  D:0081H         SYMBOL        SP
  C:1D30H         SYMBOL        STARTUP1
  N:0000H         SYMBOL        XBPSTACK
  N:0000H         SYMBOL        XBPSTACKTOP
  N:0000H         SYMBOL        XDATALEN
  N:0000H         SYMBOL        XDATASTART
  C:0000H         LINE#         126
  C:1D30H         LINE#         133
  C:1D32H         LINE#         134
  C:1D33H         LINE#         135
  C:1D34H         LINE#         136
  C:1D36H         LINE#         185
  C:1D39H         LINE#         196
  -------         ENDMOD        ?C_STARTUP

  -------         MODULE        HC_MCU_XBR
  C:0000H         SYMBOL        _ICE_DUMMY_
  X:FF08H         PUBLIC        P1M0
  X:FF01H         PUBLIC        P0M1
  X:FF10H         PUBLIC        P2M0
  X:FF02H         PUBLIC        P0M2
  D:0080H         PUBLIC        P0
  X:FF11H         PUBLIC        P2M1
  X:FF03H         PUBLIC        P0M3
  D:0090H         PUBLIC        P1
  X:FF12H         PUBLIC        P2M2
  D:00A0H         PUBLIC        P2
  X:0000H         PUBLIC        check_light_times
  X:FF13H         PUBLIC        P2M3
  X:0001H         PUBLIC        lowlight1minflag
  B:00A8H.7       PUBLIC        EA
  C:241DH         PUBLIC        UART1_Rpt
  C:001AH         PUBLIC        UART2_Rpt
  X:FE94H         PUBLIC        XTALCFG
BL51 BANKED LINKER/LOCATER V6.22                                                      10/06/2020  15:47:36  PAGE 10


  X:0002H         PUBLIC        SUM1_counter
  D:00A8H         PUBLIC        IE
  B:0080H.0       PUBLIC        P0_0
  D:00FCH         PUBLIC        IAP_CMD
  X:0003H         PUBLIC        guc_Read_a1
  D:00F8H         PUBLIC        RSTFR
  B:0080H.4       PUBLIC        P0_4
  X:0004H         PUBLIC        lowlight1mincount
  X:0006H         PUBLIC        alarm_times
  X:FF91H         PUBLIC        PWM01_MAP
  C:0003H         PUBLIC        InitSYS
  X:0007H         PUBLIC        LIGHT_off
  X:FF95H         PUBLIC        PWM11_MAP
  X:FF99H         PUBLIC        PWM21_MAP
  X:FE89H         PUBLIC        S2CON2
  D:00B6H         PUBLIC        ADCR
  X:0009H         PUBLIC        TH
  X:FEA2H         PUBLIC        CRCC
  X:FE85H         PUBLIC        T5CON1
  X:000DH         PUBLIC        addr
  X:FFA5H         PUBLIC        SCK_MAP
  X:000EH         PUBLIC        SWITCHflag2
  X:000FH         PUBLIC        times
  X:0011H         PUBLIC        SUM0
  C:0D77H         PUBLIC        main
  C:28A5H         PUBLIC        GPIO_Init
  X:0015H         PUBLIC        SUM1
  X:FEA4H         PUBLIC        BORC
  X:0019H         PUBLIC        SUM2
  C:28D2H         PUBLIC        _send_data
  X:001DH         PUBLIC        SWITCHfXBR
  D:00BBH         PUBLIC        LVDC
  X:FFA1H         PUBLIC        RXD_MAP
  X:FEA5H         PUBLIC        BORDBC
  X:FFA0H         PUBLIC        TXD_MAP
  X:FEA7H         PUBLIC        LVDDBC
  D:0099H         PUBLIC        SBUF
  X:FEB8H         PUBLIC        PINTE0
  C:2763H         PUBLIC        _Delay_ms
  C:2824H         PUBLIC        _Flash_EraseBlock
  X:001EH         PUBLIC        lowlightDELAY_NUM
  X:001FH         PUBLIC        MAX_DELTA
  X:FEB9H         PUBLIC        PINTE1
  D:00BDH         PUBLIC        WDTC
  D:0098H         PUBLIC        SCON
  D:0089H         PUBLIC        TMOD
  D:0088H         PUBLIC        TCON
  X:0023H         PUBLIC        start_times
  X:0025H         PUBLIC        check_sum
  X:FE95H         PUBLIC        SPOV_RSTEN
  C:2933H         PUBLIC        _Delay_us
  X:0026H         PUBLIC        lightvalue
  D:00B4H         PUBLIC        ADCC0
  C:003EH         PUBLIC        XBRHandle
  D:00B5H         PUBLIC        ADCC1
  X:FE9BH         PUBLIC        ADCC2
  C:28F6H         PUBLIC        ADC_Init
BL51 BANKED LINKER/LOCATER V6.22                                                      10/06/2020  15:47:36  PAGE 11


  X:FE91H         PUBLIC        CLKDIV
  D:00B8H         PUBLIC        IE1
  X:0027H         PUBLIC        light_ad
  X:0028H         PUBLIC        DELAY_NUM
  X:002AH         PUBLIC        send_byte
  X:FF80H         PUBLIC        T0_MAP
  C:2464H         PUBLIC        _read_ad
  X:FF81H         PUBLIC        T1_MAP
  X:FEAAH         PUBLIC        RSTDBC
  X:002BH         PUBLIC        resetbtcnt
  X:FF83H         PUBLIC        T3_MAP
  X:FF84H         PUBLIC        T4_MAP
  X:FF85H         PUBLIC        T5_MAP
  D:005DH         PUBLIC        Timer_Counter
  X:FEA0H         PUBLIC        WDTCCR
  D:0061H         PUBLIC        while_1flag
  D:0062H         PUBLIC        while_2flag
  C:1AB9H         PUBLIC        TIMER1_Rpt
  C:2945H         PUBLIC        _Delay_us_1
  D:008CH         PUBLIC        TH0
  D:008DH         PUBLIC        TH1
  X:002CH         PUBLIC        stop_times
  X:002DH         PUBLIC        XRBoffbrightvalue
  D:00CEH         PUBLIC        TH4
  D:008AH         PUBLIC        TL0
  D:008BH         PUBLIC        TL1
  X:FE93H         PUBLIC        CLKOUT
  D:00CDH         PUBLIC        TL4
  X:002EH         PUBLIC        addrend
  D:00FBH         PUBLIC        IAP_DATA
  X:002FH         PUBLIC        SUM01
  X:0033H         PUBLIC        SUM10
  D:00F9H         PUBLIC        IAP_ADDR
  X:0037H         PUBLIC        SUM0_num
  D:008EH         PUBLIC        CLKSWR
  X:0038H         PUBLIC        SUM1_num
  C:278BH         PUBLIC        _FLASH_WriteData
  X:0039H         PUBLIC        slowchcnt
  X:003AH         PUBLIC        calc_average_times
  I:0090H         PUBLIC        light1sflag
  X:003BH         PUBLIC        switchcnt
  X:003CH         PUBLIC        SUM16
  C:2736H         PUBLIC        _PWM3init
  X:0040H         PUBLIC        average
  X:0042H         PUBLIC        guc_Read_a
  X:FFA9H         PUBLIC        RXD2_MAP
  X:004CH         PUBLIC        ALL_SUM1
  X:FFA8H         PUBLIC        TXD2_MAP
  X:FE98H         PUBLIC        ADCWC
  X:FE8AH         PUBLIC        S2BUF
  X:FF90H         PUBLIC        PWM0_MAP
  C:2705H         PUBLIC        UART1_Init
  X:FFA4H         PUBLIC        SS_MAP
  X:FF94H         PUBLIC        PWM1_MAP
  X:FF98H         PUBLIC        PWM2_MAP
  X:FE88H         PUBLIC        S2CON
  X:FE80H         PUBLIC        TCON1
BL51 BANKED LINKER/LOCATER V6.22                                                      10/06/2020  15:47:36  PAGE 12


  D:009EH         PUBLIC        SCON2
  X:FF9CH         PUBLIC        PWM3_MAP
  C:1E43H         PUBLIC        wait1
  C:1EC6H         PUBLIC        wait2
  X:FF8FH         PUBLIC        CLKO_MAP
  X:FEBCH         PUBLIC        INT01_PINS
  D:00CCH         PUBLIC        T4CON
  X:FE92H         PUBLIC        FREQ_CLK
  D:00DDH         PUBLIC        PWM3C
  D:00DFH         PUBLIC        PWM3D
  I:0092H         PUBLIC        light1scount
  X:0050H         PUBLIC        devgroup
  X:0051H         PUBLIC        SWITCHflag
  X:0052H         PUBLIC        light_ad0
  X:FEB0H         PUBLIC        PITS0
  X:FF05H         PUBLIC        P0LPU
  X:FEB1H         PUBLIC        PITS1
  X:FEB2H         PUBLIC        PITS2
  X:FEB3H         PUBLIC        PITS3
  X:0053H         PUBLIC        SUM
  C:269CH         PUBLIC        _Flash_ReadArr
  X:0057H         PUBLIC        LIGHT_TH
  C:10D6H         PUBLIC        set_var
  X:FFA7H         PUBLIC        MISO_MAP
  X:FFA6H         PUBLIC        MOSI_MAP
  D:00DEH         PUBLIC        PWM3P
  X:0058H         PUBLIC        LIGHT
  C:2869H         PUBLIC        Timer_Init
  X:FF40H         PUBLIC        P00DBC
  D:00D0H         PUBLIC        PSW
  X:FF41H         PUBLIC        P01DBC
  X:005AH         PUBLIC        RXnum
  X:FF42H         PUBLIC        P02DBC
  X:FF00H         PUBLIC        P0M0
  -------         PROC          _FLASH_READARR
  D:000AH         SYMBOL        fui_Address
  D:0005H         SYMBOL        fuc_Length
  D:000CH         SYMBOL        fucp_SaveArr
  C:269CH         LINE#         102
  C:26A6H         LINE#         103
  C:26A6H         LINE#         104
  C:26ACH         LINE#         105
  C:26D2H         LINE#         106
  -------         ENDPROC       _FLASH_READARR
  -------         PROC          _DELAY_US
  D:0006H         SYMBOL        q
  -------         DO            
  D:0004H         SYMBOL        j
  -------         ENDDO         
  C:2933H         LINE#         108
  C:2933H         LINE#         109
  C:2933H         LINE#         111
  C:293DH         LINE#         112
  C:293DH         LINE#         114
  C:2944H         LINE#         115
  -------         ENDPROC       _DELAY_US
  -------         PROC          _DELAY_MS
BL51 BANKED LINKER/LOCATER V6.22                                                      10/06/2020  15:47:36  PAGE 13


  D:0082H         SYMBOL        t
  C:2763H         LINE#         117
  C:2767H         LINE#         118
  C:2767H         LINE#         119
  C:2770H         LINE#         120
  C:2785H         LINE#         121
  C:2785H         LINE#         122
  C:2788H         LINE#         123
  C:278AH         LINE#         125
  -------         ENDPROC       _DELAY_MS
  -------         PROC          _DELAY_US_1
  D:0006H         SYMBOL        q1
  -------         DO            
  D:0004H         SYMBOL        j
  -------         ENDDO         
  C:2945H         LINE#         127
  C:2945H         LINE#         128
  C:2945H         LINE#         130
  C:294FH         LINE#         131
  C:294FH         LINE#         133
  C:2956H         LINE#         134
  -------         ENDPROC       _DELAY_US_1
  -------         PROC          INITSYS
  C:0003H         LINE#         153
  C:0003H         LINE#         154
  C:0003H         LINE#         157
  C:0006H         LINE#         158
  C:000CH         LINE#         159
  C:0010H         LINE#         167
  C:0013H         LINE#         168
  C:0019H         LINE#         170
  -------         ENDPROC       INITSYS
  -------         PROC          TIMER_INIT
  C:2869H         LINE#         178
  C:2869H         LINE#         179
  C:2869H         LINE#         181
  C:286EH         LINE#         182
  C:2871H         LINE#         194
  C:2874H         LINE#         195
  C:2877H         LINE#         196
  C:287AH         LINE#         197
  C:287DH         LINE#         201
  C:2880H         LINE#         202
  C:2883H         LINE#         204
  C:2886H         LINE#         205
  -------         ENDPROC       TIMER_INIT
  -------         PROC          UART1_INIT
  C:2705H         LINE#         213
  C:2705H         LINE#         214
  C:2705H         LINE#         216
  C:270EH         LINE#         217
  C:2717H         LINE#         218
  C:2719H         LINE#         219
  C:271FH         LINE#         220
  C:2723H         LINE#         221
  C:2726H         LINE#         238
  C:2729H         LINE#         239
BL51 BANKED LINKER/LOCATER V6.22                                                      10/06/2020  15:47:36  PAGE 14


  C:272CH         LINE#         240
  C:272FH         LINE#         241
  C:2732H         LINE#         242
  C:2735H         LINE#         244
  -------         ENDPROC       UART1_INIT
  -------         PROC          ADC_INIT
  C:28F6H         LINE#         252
  C:28F6H         LINE#         253
  C:28F6H         LINE#         255
  C:28F9H         LINE#         256
  C:28FCH         LINE#         257
  C:2903H         LINE#         258
  C:2906H         LINE#         259
  C:290CH         LINE#         260
  -------         ENDPROC       ADC_INIT
  -------         PROC          GPIO_INIT
  C:28A5H         LINE#         268
  C:28A5H         LINE#         269
  C:28A5H         LINE#         309
  C:28AEH         LINE#         311
  C:28B7H         LINE#         313
  C:28C0H         LINE#         327
  -------         ENDPROC       GPIO_INIT
  -------         PROC          L?0178
  -------         ENDPROC       L?0178
  -------         PROC          _SEND_DATA
  D:0007H         SYMBOL        d
  C:28D2H         LINE#         482
  C:28D2H         LINE#         483
  C:28D2H         LINE#         484
  C:28D4H         LINE#         485
  C:28D9H         LINE#         486
  C:28DCH         LINE#         487
  -------         ENDPROC       _SEND_DATA
  -------         PROC          _READ_AD
  D:0007H         SYMBOL        ch
  -------         DO            
  D:0001H         SYMBOL        i
  D:0002H         SYMBOL        ad_sum
  -------         ENDDO         
  C:2464H         LINE#         489
  C:2464H         LINE#         490
  C:2464H         LINE#         517
  C:2466H         LINE#         518
  C:2469H         LINE#         519
  C:246EH         LINE#         520
  C:2471H         LINE#         527
  C:2478H         LINE#         529
  C:247BH         LINE#         533
  C:247CH         LINE#         534
  C:247CH         LINE#         547
  C:247FH         LINE#         548
  C:2484H         LINE#         549
  C:2487H         LINE#         550
  C:248FH         LINE#         552
  C:2496H         LINE#         553
  C:249AH         LINE#         556
BL51 BANKED LINKER/LOCATER V6.22                                                      10/06/2020  15:47:36  PAGE 15


  C:249DH         LINE#         557
  C:249FH         LINE#         559
  C:24A6H         LINE#         560
  C:24A8H         LINE#         562
  -------         ENDPROC       _READ_AD
  -------         PROC          SET_VAR
  C:10D6H         LINE#         564
  C:10D6H         LINE#         565
  C:10D6H         LINE#         567
  C:10E5H         LINE#         569
  C:10F4H         LINE#         570
  C:110DH         LINE#         571
  C:1136H         LINE#         572
  C:1154H         LINE#         573
  C:1190H         LINE#         576
  C:1198H         LINE#         578
  C:119CH         LINE#         580
  C:11A6H         LINE#         582
  C:11B3H         LINE#         583
  C:11BCH         LINE#         584
  C:11CEH         LINE#         585
  C:11E8H         LINE#         588
  C:11F0H         LINE#         590
  C:11F4H         LINE#         592
  C:11FCH         LINE#         593
  C:120AH         LINE#         595
  C:1214H         LINE#         602
  C:1223H         LINE#         603
  C:122BH         LINE#         604
  -------         ENDPROC       SET_VAR
  -------         PROC          XBRHANDLE
  -------         DO            
  D:000AH         SYMBOL        i
  D:000BH         SYMBOL        j
  D:000CH         SYMBOL        k
  -------         ENDDO         
  C:003EH         LINE#         607
  C:003EH         LINE#         608
  C:003EH         LINE#         614
  C:0045H         LINE#         615
  C:0045H         LINE#         627
  C:0048H         LINE#         628
  C:004DH         LINE#         629
  C:0050H         LINE#         630
  C:0056H         LINE#         632
  C:0064H         LINE#         634
  C:0089H         LINE#         637
  C:00A6H         LINE#         638
  C:00B1H         LINE#         639
  C:00D6H         LINE#         641
  C:00E2H         LINE#         642
  C:00E2H         LINE#         643
  C:00F1H         LINE#         644
  C:00F1H         LINE#         648
  C:00F9H         LINE#         649
  C:00F9H         LINE#         650
  C:00FDH         LINE#         651
BL51 BANKED LINKER/LOCATER V6.22                                                      10/06/2020  15:47:36  PAGE 16


  C:0103H         LINE#         652
  C:0103H         LINE#         653
  C:0106H         LINE#         654
  C:0106H         LINE#         655
  C:0106H         LINE#         656
  C:0106H         LINE#         657
  C:0108H         LINE#         658
  C:011AH         LINE#         659
  C:011AH         LINE#         660
  C:0128H         LINE#         661
  C:0128H         LINE#         662
  C:0131H         LINE#         663
  C:0141H         LINE#         664
  C:0141H         LINE#         665
  C:0149H         LINE#         666
  C:0149H         LINE#         667
  C:0149H         LINE#         669
  C:0155H         LINE#         670
  C:0155H         LINE#         672
  C:0158H         LINE#         674
  C:015CH         LINE#         676
  C:0162H         LINE#         678
  C:0190H         LINE#         680
  C:0199H         LINE#         681
  C:0199H         LINE#         682
  C:019BH         LINE#         684
  C:01B4H         LINE#         686
  C:01CAH         LINE#         687
  C:01D2H         LINE#         688
  C:01DCH         LINE#         689
  C:01DCH         LINE#         691
  C:01E5H         LINE#         692
  C:01E5H         LINE#         693
  C:01E8H         LINE#         694
  C:01EAH         LINE#         696
  C:01EAH         LINE#         697
  C:01F4H         LINE#         698
  C:01F4H         LINE#         700
  C:01FEH         LINE#         702
  C:022BH         LINE#         703
  C:0233H         LINE#         705
  C:023BH         LINE#         707
  C:0240H         LINE#         708
  C:0240H         LINE#         709
  C:0240H         LINE#         711
  C:0259H         LINE#         712
  C:0259H         LINE#         713
  C:0279H         LINE#         714
  C:02A8H         LINE#         715
  C:02A8H         LINE#         717
  C:02AEH         LINE#         718
  C:02AEH         LINE#         719
  C:02C2H         LINE#         720
  C:02CCH         LINE#         722
  C:02CCH         LINE#         724
  C:0342H         LINE#         725
  C:0342H         LINE#         726
BL51 BANKED LINKER/LOCATER V6.22                                                      10/06/2020  15:47:36  PAGE 17


  C:0348H         LINE#         727
  C:036DH         LINE#         728
  C:038DH         LINE#         729
  C:03A6H         LINE#         730
  C:03CBH         LINE#         731
  C:03F0H         LINE#         733
  C:0412H         LINE#         734
  C:0412H         LINE#         735
  C:043EH         LINE#         736
  C:0462H         LINE#         737
  C:0485H         LINE#         741
  C:0485H         LINE#         742
  C:048BH         LINE#         743
  C:048BH         LINE#         745
  C:04BFH         LINE#         746
  C:04BFH         LINE#         747
  C:04CAH         LINE#         748
  C:04CAH         LINE#         749
  C:04E3H         LINE#         750
  C:0514H         LINE#         751
  C:0514H         LINE#         752
  C:0542H         LINE#         753
  C:055FH         LINE#         754
  C:055FH         LINE#         755
  C:055FH         LINE#         756
  C:055FH         LINE#         757
  C:055FH         LINE#         758
  C:0562H         LINE#         760
  C:0572H         LINE#         761
  C:0572H         LINE#         769
  C:05A3H         LINE#         770
  C:05A3H         LINE#         771
  C:05CFH         LINE#         773
  C:060DH         LINE#         775
  C:060DH         LINE#         776
  C:0615H         LINE#         777
  C:0615H         LINE#         778
  C:0615H         LINE#         779
  C:0615H         LINE#         780
  C:0617H         LINE#         782
  C:0617H         LINE#         783
  C:063BH         LINE#         784
  C:065FH         LINE#         785
  C:0662H         LINE#         786
  C:066FH         LINE#         787
  C:066FH         LINE#         788
  C:069DH         LINE#         789
  C:06BAH         LINE#         790
  C:06BAH         LINE#         791
  C:06BAH         LINE#         792
  C:06BAH         LINE#         793
  C:06BAH         LINE#         800
  C:06C7H         LINE#         801
  C:06C7H         LINE#         802
  C:06C8H         LINE#         803
  C:06C8H         LINE#         804
  C:06C8H         LINE#         805
BL51 BANKED LINKER/LOCATER V6.22                                                      10/06/2020  15:47:36  PAGE 18


  C:06C8H         LINE#         806
  C:06CAH         LINE#         808
  C:06CAH         LINE#         809
  C:06CFH         LINE#         810
  C:06D9H         LINE#         811
  C:06D9H         LINE#         858
  C:06E5H         LINE#         859
  C:06E5H         LINE#         860
  C:06E8H         LINE#         861
  C:076AH         LINE#         862
  C:076DH         LINE#         864
  C:076DH         LINE#         866
  C:077FH         LINE#         867
  C:077FH         LINE#         868
  C:078BH         LINE#         870
  C:079BH         LINE#         871
  C:079BH         LINE#         879
  C:07B7H         LINE#         880
  C:07B7H         LINE#         881
  C:07C1H         LINE#         882
  C:07C3H         LINE#         884
  C:07C3H         LINE#         885
  C:07EFH         LINE#         886
  C:080BH         LINE#         887
  C:080BH         LINE#         888
  C:082EH         LINE#         889
  C:082EH         LINE#         891
  C:082EH         LINE#         893
  C:082EH         LINE#         895
  C:082EH         LINE#         901
  C:082EH         LINE#         903
  C:082EH         LINE#         905
  C:0866H         LINE#         906
  C:0866H         LINE#         911
  C:0882H         LINE#         912
  C:0882H         LINE#         921
  C:0882H         LINE#         922
  C:08A0H         LINE#         923
  C:08A8H         LINE#         926
  C:08A8H         LINE#         942
  C:08ADH         LINE#         944
  C:08B3H         LINE#         945
  C:08BAH         LINE#         946
  C:08BFH         LINE#         947
  C:08C4H         LINE#         950
  C:08C4H         LINE#         951
  C:08C4H         LINE#         953
  C:08C4H         LINE#         955
  C:08C4H         LINE#         957
  C:08D6H         LINE#         958
  C:08E9H         LINE#         959
  C:08F1H         LINE#         960
  C:08F6H         LINE#         961
  C:08FBH         LINE#         962
  C:0911H         LINE#         963
  C:0927H         LINE#         965
  C:0931H         LINE#         966
BL51 BANKED LINKER/LOCATER V6.22                                                      10/06/2020  15:47:36  PAGE 19


  C:093BH         LINE#         968
  C:094BH         LINE#         969
  C:094BH         LINE#         980
  C:095AH         LINE#         981
  C:095AH         LINE#         982
  C:0961H         LINE#         983
  C:0964H         LINE#         986
  C:0964H         LINE#         987
  C:0964H         LINE#         990
  C:0964H         LINE#         993
  C:0965H         LINE#         995
  C:0965H         LINE#         996
  C:096DH         LINE#         997
  C:0970H         LINE#         1004
  C:0970H         LINE#         1007
  C:0976H         LINE#         1008
  C:097AH         LINE#         1013
  C:0980H         LINE#         1021
  C:098AH         LINE#         1022
  C:098FH         LINE#         1023
  C:0995H         LINE#         1025
  C:099BH         LINE#         1027
  C:09A1H         LINE#         1029
  C:09A6H         LINE#         1030
  C:09B0H         LINE#         1034
  C:09B0H         LINE#         1036
  -------         ENDPROC       XBRHANDLE
  -------         PROC          WAIT1
  -------         DO            
  D:000AH         SYMBOL        i
  D:000BH         SYMBOL        j
  -------         ENDDO         
  C:1E43H         LINE#         1039
  C:1E43H         LINE#         1040
  C:1E43H         LINE#         1044
  C:1E46H         LINE#         1045
  C:1E46H         LINE#         1046
  C:1E46H         LINE#         1047
  C:1E50H         LINE#         1067
  C:1E53H         LINE#         1068
  C:1E53H         LINE#         1070
  C:1E56H         LINE#         1071
  C:1E5BH         LINE#         1072
  C:1E5EH         LINE#         1075
  C:1E85H         LINE#         1077
  C:1E8CH         LINE#         1098
  C:1E93H         LINE#         1104
  C:1EA8H         LINE#         1105
  C:1EBBH         LINE#         1107
  C:1EBDH         LINE#         1109
  C:1EC5H         LINE#         1112
  -------         ENDPROC       WAIT1
  -------         PROC          WAIT2
  -------         DO            
  D:000AH         SYMBOL        i
  D:000BH         SYMBOL        j
  D:000CH         SYMBOL        k
BL51 BANKED LINKER/LOCATER V6.22                                                      10/06/2020  15:47:36  PAGE 20


  D:000EH         SYMBOL        t
  -------         ENDDO         
  C:1EC6H         LINE#         1113
  C:1EC6H         LINE#         1114
  C:1EC6H         LINE#         1118
  C:1ED0H         LINE#         1121
  C:1ED3H         LINE#         1122
  C:1ED3H         LINE#         1123
  C:1ED8H         LINE#         1124
  C:1ED8H         LINE#         1135
  C:1EDBH         LINE#         1136
  C:1EE0H         LINE#         1137
  C:1EE3H         LINE#         1138
  C:1EE9H         LINE#         1140
  C:1F0EH         LINE#         1142
  C:1F1EH         LINE#         1143
  C:1F21H         LINE#         1145
  C:1F28H         LINE#         1147
  C:1F43H         LINE#         1154
  -------         ENDPROC       WAIT2
  -------         PROC          _PWM3INIT
  D:0007H         SYMBOL        ab
  -------         DO            
  D:0004H         SYMBOL        i11
  D:0007H         SYMBOL        j11
  -------         ENDDO         
  C:2736H         LINE#         1156
  C:2736H         LINE#         1157
  C:2736H         LINE#         1160
  C:2751H         LINE#         1161
  C:2754H         LINE#         1175
  C:275AH         LINE#         1184
  C:275DH         LINE#         1191
  C:275FH         LINE#         1192
  C:2762H         LINE#         1193
  -------         ENDPROC       _PWM3INIT
  -------         PROC          MAIN
  -------         DO            
  D:0008H         SYMBOL        i
  D:0009H         SYMBOL        j
  -------         ENDDO         
  C:0D77H         LINE#         1201
  C:0D77H         LINE#         1202
  C:0D77H         LINE#         1204
  C:0D7AH         LINE#         1205
  C:0D7DH         LINE#         1206
  C:0D80H         LINE#         1207
  C:0D80H         LINE#         1209
  C:0D85H         LINE#         1210
  C:0D88H         LINE#         1211
  C:0D8BH         LINE#         1212
  C:0D8EH         LINE#         1214
  C:0D91H         LINE#         1218
  C:0D97H         LINE#         1219
  C:0D9AH         LINE#         1221
  C:0D9CH         LINE#         1223
  C:0DA3H         LINE#         1225
BL51 BANKED LINKER/LOCATER V6.22                                                      10/06/2020  15:47:36  PAGE 21


  C:0DA3H         LINE#         1226
  C:0DA8H         LINE#         1227
  C:0DAEH         LINE#         1228
  C:0DB8H         LINE#         1229
  C:0DBCH         LINE#         1231
  C:0DBEH         LINE#         1232
  C:0DC1H         LINE#         1248
  C:0DC7H         LINE#         1250
  C:0DCEH         LINE#         1251
  C:0DD5H         LINE#         1252
  C:0DE1H         LINE#         1253
  C:0DE8H         LINE#         1255
  C:0DEAH         LINE#         1258
  C:0DEDH         LINE#         1260
  C:0DF6H         LINE#         1262
  C:0DF9H         LINE#         1263
  C:0DF9H         LINE#         1265
  C:0E00H         LINE#         1267
  C:0E03H         LINE#         1269
  C:0E0DH         LINE#         1270
  C:0E0DH         LINE#         1271
  C:0E0DH         LINE#         1272
  C:0E16H         LINE#         1273
  C:0E16H         LINE#         1274
  C:0E18H         LINE#         1275
  C:0E1DH         LINE#         1276
  C:0E22H         LINE#         1277
  C:0E27H         LINE#         1278
  C:0E2CH         LINE#         1279
  C:0E31H         LINE#         1280
  C:0E34H         LINE#         1281
  C:0E39H         LINE#         1283
  C:0E39H         LINE#         1284
  C:0E3CH         LINE#         1285
  C:0E3FH         LINE#         1287
  C:0E4AH         LINE#         1288
  C:0E4AH         LINE#         1289
  C:0E4EH         LINE#         1290
  C:0E4EH         LINE#         1291
  C:0E50H         LINE#         1293
  C:0E53H         LINE#         1294
  C:0E5BH         LINE#         1297
  C:0E65H         LINE#         1298
  C:0E6AH         LINE#         1299
  C:0E70H         LINE#         1301
  C:0E76H         LINE#         1303
  C:0E7CH         LINE#         1305
  C:0E81H         LINE#         1306
  C:0E8BH         LINE#         1307
  C:0E8BH         LINE#         1309
  C:0E8EH         LINE#         1311
  C:0E9DH         LINE#         1312
  C:0E9DH         LINE#         1313
  C:0EA4H         LINE#         1314
  C:0EA4H         LINE#         1315
  C:0EA6H         LINE#         1316
  C:0EB4H         LINE#         1317
BL51 BANKED LINKER/LOCATER V6.22                                                      10/06/2020  15:47:36  PAGE 22


  C:0EC7H         LINE#         1318
  C:0EC7H         LINE#         1319
  C:0ECBH         LINE#         1320
  C:0ECFH         LINE#         1322
  C:0ECFH         LINE#         1323
  C:0ECFH         LINE#         1324
  C:0ECFH         LINE#         1325
  C:0EE1H         LINE#         1326
  C:0EE1H         LINE#         1327
  C:0EEDH         LINE#         1328
  C:0EEDH         LINE#         1329
  C:0EF0H         LINE#         1330
  C:0EFCH         LINE#         1337
  C:0EFCH         LINE#         1338
  C:0EFCH         LINE#         1340
  C:0EFFH         LINE#         1342
  C:0EFFH         LINE#         1343
  C:0F02H         LINE#         1344
  C:0F08H         LINE#         1345
  C:0F08H         LINE#         1346
  C:0F0CH         LINE#         1347
  C:0F0FH         LINE#         1349
  C:0F0FH         LINE#         1350
  C:0F17H         LINE#         1352
  C:0F1AH         LINE#         1354
  C:0F22H         LINE#         1358
  C:0F2CH         LINE#         1359
  C:0F31H         LINE#         1360
  C:0F37H         LINE#         1362
  C:0F3DH         LINE#         1364
  C:0F43H         LINE#         1366
  C:0F48H         LINE#         1367
  C:0F52H         LINE#         1369
  C:0F52H         LINE#         1372
  C:0F52H         LINE#         1374
  -------         ENDPROC       MAIN
  -------         PROC          TIMER1_RPT
  C:1AB9H         LINE#         1393
  C:1AD6H         LINE#         1396
  C:1AEFH         LINE#         1398
  C:1AFDH         LINE#         1399
  C:1B14H         LINE#         1400
  C:1B14H         LINE#         1401
  C:1B1BH         LINE#         1402
  C:1B20H         LINE#         1403
  C:1B20H         LINE#         1404
  C:1B28H         LINE#         1405
  C:1B34H         LINE#         1406
  C:1B34H         LINE#         1407
  C:1B39H         LINE#         1408
  C:1B40H         LINE#         1409
  C:1B40H         LINE#         1412
  -------         ENDPROC       TIMER1_RPT
  -------         PROC          UART1_RPT
  -------         DO            
  D:0007H         SYMBOL        i
  -------         ENDDO         
BL51 BANKED LINKER/LOCATER V6.22                                                      10/06/2020  15:47:36  PAGE 23


  C:241DH         LINE#         1421
  C:243AH         LINE#         1426
  C:243FH         LINE#         1427
  C:243FH         LINE#         1428
  C:2441H         LINE#         1429
  C:2444H         LINE#         1430
  C:2447H         LINE#         1431
  C:2449H         LINE#         1432
  C:2449H         LINE#         1433
  -------         ENDPROC       UART1_RPT
  -------         PROC          UART2_RPT
  C:001AH         LINE#         1435
  C:001AH         LINE#         1437
  -------         ENDPROC       UART2_RPT
  -------         PROC          _FLASH_ERASEBLOCK
  D:0006H         SYMBOL        fui_Address
  C:2824H         LINE#         1444
  C:2824H         LINE#         1445
  C:2824H         LINE#         1446
  C:2824H         LINE#         1447
  C:2824H         LINE#         1448
  C:2827H         LINE#         1449
  C:2829H         LINE#         1450
  C:282EH         LINE#         1452
  C:2830H         LINE#         1453
  C:2832H         LINE#         1454
  C:2838H         LINE#         1455
  C:283CH         LINE#         1456
  C:2842H         LINE#         1457
  C:2848H         LINE#         1459
  -------         ENDPROC       _FLASH_ERASEBLOCK
  -------         PROC          _FLASH_WRITEDATA
  D:0007H         SYMBOL        fuc_SaveData
  D:0004H         SYMBOL        fui_Address
  C:278BH         LINE#         1469
  C:278BH         LINE#         1470
  C:278BH         LINE#         1471
  C:278BH         LINE#         1472
  C:278BH         LINE#         1473
  C:278EH         LINE#         1474
  C:2790H         LINE#         1475
  C:2795H         LINE#         1477
  C:2797H         LINE#         1478
  C:2799H         LINE#         1479
  C:279BH         LINE#         1480
  C:27A1H         LINE#         1481
  C:27A5H         LINE#         1482
  C:27ABH         LINE#         1483
  C:27B1H         LINE#         1485
  -------         ENDPROC       _FLASH_WRITEDATA
  -------         ENDMOD        HC_MCU_XBR

  -------         MODULE        MCU_API
  C:0000H         SYMBOL        _ICE_DUMMY_
  D:0080H         PUBLIC        P0
  D:0090H         PUBLIC        P1
  D:00A0H         PUBLIC        P2
BL51 BANKED LINKER/LOCATER V6.22                                                      10/06/2020  15:47:36  PAGE 24


  C:1DBCH         PUBLIC        _mcu_dp_bool_mesh_update
  C:2966H         PUBLIC        mcu_reset_bt
  C:1A07H         PUBLIC        _mcu_dp_enum_mesh_update
  D:00A8H         PUBLIC        IE
  C:22D5H         PUBLIC        _mcu_dp_raw_update
  D:00F8H         PUBLIC        RSTFR
  C:1F44H         PUBLIC        _hex_to_bcd
  C:1FB5H         PUBLIC        _uart_receive_input
  C:299FH         PUBLIC        mcu_get_reset_bt_flag
  C:1B5BH         PUBLIC        _byte_to_int
  C:24A9H         PUBLIC        _int_to_byte
  D:0098H         PUBLIC        SCON
  D:0088H         PUBLIC        TCON
  D:00B8H         PUBLIC        IE1
  C:28DDH         PUBLIC        bt_protocol_init
  C:29A5H         PUBLIC        mcu_get_bt_work_state
  C:0F55H         PUBLIC        bt_uart_service
  C:16EAH         PUBLIC        _my_memcpy
  C:25AEH         PUBLIC        _my_memset
  C:298FH         PUBLIC        _mcu_get_dp_download_value
  C:2328H         PUBLIC        _mcu_dp_string_update
  C:1602H         PUBLIC        _mcu_dp_fault_update
  C:2280H         PUBLIC        _my_strlen
  C:1C9AH         PUBLIC        _mcu_dp_value_update
  C:297DH         PUBLIC        _mcu_get_dp_download_bool
  C:23CEH         PUBLIC        _mcu_dp_bool_update
  C:2986H         PUBLIC        _mcu_get_dp_download_enum
  C:194DH         PUBLIC        _mcu_dp_value_mesh_update
  D:00D0H         PUBLIC        PSW
  C:24ECH         PUBLIC        _mcu_dp_enum_update
  -------         PROC          _HEX_TO_BCD
  D:0007H         SYMBOL        Value_H
  D:0005H         SYMBOL        Value_L
  -------         DO            
  D:0007H         SYMBOL        bcd_value
  -------         ENDDO         
  C:1F44H         LINE#         29
  C:1F44H         LINE#         30
  C:1F44H         LINE#         33
  C:1F50H         LINE#         34
  C:1F56H         LINE#         35
  C:1F62H         LINE#         36
  C:1F68H         LINE#         37
  C:1F74H         LINE#         38
  C:1F78H         LINE#         40
  C:1F7BH         LINE#         42
  C:1F7FH         LINE#         43
  C:1F8BH         LINE#         44
  C:1F91H         LINE#         45
  C:1F9DH         LINE#         46
  C:1F9FH         LINE#         47
  C:1FABH         LINE#         48
  C:1FAFH         LINE#         50
  C:1FB4H         LINE#         52
  C:1FB4H         LINE#         53
  -------         ENDPROC       _HEX_TO_BCD
  -------         PROC          _MY_STRLEN
BL51 BANKED LINKER/LOCATER V6.22                                                      10/06/2020  15:47:36  PAGE 25


  D:0017H         SYMBOL        str
  -------         DO            
  D:001AH         SYMBOL        len
  -------         ENDDO         
  C:2280H         LINE#         60
  C:2286H         LINE#         61
  C:2286H         LINE#         62
  C:228FH         LINE#         63
  C:2294H         LINE#         64
  C:2294H         LINE#         65
  C:2299H         LINE#         66
  C:2299H         LINE#         68
  C:22B5H         LINE#         69
  C:22B5H         LINE#         70
  C:22CAH         LINE#         71
  C:22CCH         LINE#         73
  C:22D4H         LINE#         74
  -------         ENDPROC       _MY_STRLEN
  -------         PROC          _MY_MEMSET
  D:0046H         SYMBOL        src
  D:0005H         SYMBOL        ch
  D:004AH         SYMBOL        count
  -------         DO            
  D:004CH         SYMBOL        tmp
  -------         ENDDO         
  C:25AEH         LINE#         83
  C:25B4H         LINE#         84
  C:25B4H         LINE#         85
  C:25BAH         LINE#         87
  C:25BFH         LINE#         88
  C:25BFH         LINE#         89
  C:25C3H         LINE#         90
  C:25C3H         LINE#         92
  C:25D0H         LINE#         93
  C:25D0H         LINE#         94
  C:25E2H         LINE#         95
  C:25E4H         LINE#         97
  C:25EAH         LINE#         98
  -------         ENDPROC       _MY_MEMSET
  -------         PROC          _MY_MEMCPY
  D:001EH         SYMBOL        dest
  D:0021H         SYMBOL        src
  D:0024H         SYMBOL        count
  -------         DO            
  D:0026H         SYMBOL        pdest
  D:0029H         SYMBOL        psrc
  D:002CH         SYMBOL        i
  -------         ENDDO         
  C:16EAH         LINE#         107
  C:16F0H         LINE#         108
  C:16F0H         LINE#         109
  C:16F6H         LINE#         110
  C:16FFH         LINE#         113
  C:170CH         LINE#         114
  C:170CH         LINE#         115
  C:1713H         LINE#         116
  C:1713H         LINE#         118
BL51 BANKED LINKER/LOCATER V6.22                                                      10/06/2020  15:47:36  PAGE 26


  C:173DH         LINE#         119
  C:173DH         LINE#         120
  C:174DH         LINE#         121
  C:174DH         LINE#         122
  C:176BH         LINE#         123
  C:1775H         LINE#         124
  C:1775H         LINE#         126
  C:1775H         LINE#         127
  C:1786H         LINE#         128
  C:1786H         LINE#         129
  C:17AAH         LINE#         130
  C:17B4H         LINE#         131
  C:17B4H         LINE#         133
  C:17BAH         LINE#         134
  -------         ENDPROC       _MY_MEMCPY
  -------         PROC          _INT_TO_BYTE
  D:006FH         SYMBOL        number
  D:0001H         SYMBOL        value
  C:24A9H         LINE#         141
  C:24B1H         LINE#         142
  C:24B1H         LINE#         143
  C:24BAH         LINE#         144
  C:24CEH         LINE#         145
  C:24E2H         LINE#         146
  -------         ENDPROC       _INT_TO_BYTE
  -------         PROC          _BYTE_TO_INT
  D:0001H         SYMBOL        value
  -------         DO            
  D:002BH         SYMBOL        nubmer
  -------         ENDDO         
  C:1B5BH         LINE#         154
  C:1B5BH         LINE#         155
  C:1B5BH         LINE#         156
  C:1B64H         LINE#         158
  C:1B71H         LINE#         159
  C:1B84H         LINE#         160
  C:1B9CH         LINE#         161
  C:1BB0H         LINE#         162
  C:1BC8H         LINE#         163
  C:1BDCH         LINE#         164
  C:1BF4H         LINE#         166
  C:1BFBH         LINE#         167
  -------         ENDPROC       _BYTE_TO_INT
  -------         PROC          MCU_GET_RESET_BT_FLAG
  C:299FH         LINE#         177
  C:299FH         LINE#         178
  C:299FH         LINE#         179
  C:29A4H         LINE#         180
  -------         ENDPROC       MCU_GET_RESET_BT_FLAG
  -------         PROC          MCU_RESET_BT
  C:2966H         LINE#         189
  C:2966H         LINE#         190
  C:2966H         LINE#         191
  C:296BH         LINE#         193
  -------         ENDPROC       MCU_RESET_BT
  -------         PROC          MCU_GET_BT_WORK_STATE
  C:29A5H         LINE#         205
BL51 BANKED LINKER/LOCATER V6.22                                                      10/06/2020  15:47:36  PAGE 27


  C:29A5H         LINE#         206
  C:29A5H         LINE#         207
  C:29AAH         LINE#         208
  -------         ENDPROC       MCU_GET_BT_WORK_STATE
  -------         PROC          _MCU_DP_RAW_UPDATE
  D:0063H         SYMBOL        dpid
  D:0064H         SYMBOL        value
  D:0067H         SYMBOL        len
  -------         DO            
  D:0004H         SYMBOL        length
  -------         ENDDO         
  C:22D5H         LINE#         219
  C:22DDH         LINE#         220
  C:22DDH         LINE#         221
  C:22E0H         LINE#         223
  C:22E7H         LINE#         224
  C:22EAH         LINE#         226
  C:22F5H         LINE#         227
  C:22FCH         LINE#         229
  C:2304H         LINE#         230
  C:230DH         LINE#         232
  C:2320H         LINE#         234
  C:2325H         LINE#         236
  C:2327H         LINE#         237
  -------         ENDPROC       _MCU_DP_RAW_UPDATE
  -------         PROC          _MCU_DP_BOOL_UPDATE
  D:0003H         SYMBOL        dpid
  D:0025H         SYMBOL        value
  -------         DO            
  D:0004H         SYMBOL        length
  -------         ENDDO         
  C:23CEH         LINE#         245
  C:23D2H         LINE#         246
  C:23D2H         LINE#         247
  C:23D5H         LINE#         249
  C:23DCH         LINE#         250
  C:23DFH         LINE#         252
  C:23EAH         LINE#         253
  C:23F1H         LINE#         255
  C:23F8H         LINE#         256
  C:2401H         LINE#         258
  C:2405H         LINE#         259
  C:2405H         LINE#         260
  C:2406H         LINE#         261
  C:2408H         LINE#         263
  C:2408H         LINE#         264
  C:2415H         LINE#         265
  C:2415H         LINE#         267
  C:241AH         LINE#         269
  C:241CH         LINE#         270
  -------         ENDPROC       _MCU_DP_BOOL_UPDATE
  -------         PROC          _MCU_DP_BOOL_MESH_UPDATE
  D:0007H         SYMBOL        dpid
  D:0005H         SYMBOL        value
  -------         DO            
  D:0006H         SYMBOL        check_sum
  D:0025H         SYMBOL        len
BL51 BANKED LINKER/LOCATER V6.22                                                      10/06/2020  15:47:36  PAGE 28


  D:0027H         SYMBOL        buf
  D:0036H         SYMBOL        i
  -------         ENDDO         
  C:1DBCH         LINE#         271
  C:1DBCH         LINE#         272
  C:1DBCH         LINE#         274
  C:1DBEH         LINE#         275
  C:1DC2H         LINE#         282
  C:1DC9H         LINE#         283
  C:1DCCH         LINE#         285
  C:1DCFH         LINE#         286
  C:1DD2H         LINE#         287
  C:1DD5H         LINE#         288
  C:1DD8H         LINE#         290
  C:1DDAH         LINE#         291
  C:1DDDH         LINE#         292
  C:1DE0H         LINE#         293
  C:1DE3H         LINE#         294
  C:1DE5H         LINE#         295
  C:1DE8H         LINE#         296
  C:1DEAH         LINE#         297
  C:1DEDH         LINE#         298
  C:1DF0H         LINE#         299
  C:1DF0H         LINE#         300
  C:1DF2H         LINE#         301
  C:1DF4H         LINE#         303
  C:1DF4H         LINE#         304
  C:1DF7H         LINE#         305
  C:1DF7H         LINE#         307
  C:1DFCH         LINE#         308
  C:1DFCH         LINE#         309
  C:1E04H         LINE#         310
  C:1E12H         LINE#         311
  C:1E14H         LINE#         312
  C:1E1AH         LINE#         313
  C:1E1FH         LINE#         314
  C:1E2CH         LINE#         315
  C:1E2CH         LINE#         316
  C:1E36H         LINE#         317
  C:1E3EH         LINE#         318
  C:1E40H         LINE#         321
  C:1E42H         LINE#         322
  -------         ENDPROC       _MCU_DP_BOOL_MESH_UPDATE
  -------         PROC          _MCU_DP_ENUM_MESH_UPDATE
  D:0007H         SYMBOL        dpid
  D:0005H         SYMBOL        value
  -------         DO            
  D:0006H         SYMBOL        check_sum
  D:0025H         SYMBOL        len
  D:0027H         SYMBOL        buf
  D:0036H         SYMBOL        i
  -------         ENDDO         
  C:1A07H         LINE#         324
  C:1A07H         LINE#         325
  C:1A07H         LINE#         327
  C:1A09H         LINE#         328
  C:1A0DH         LINE#         335
BL51 BANKED LINKER/LOCATER V6.22                                                      10/06/2020  15:47:36  PAGE 29


  C:1A14H         LINE#         336
  C:1A17H         LINE#         338
  C:1A1AH         LINE#         339
  C:1A1DH         LINE#         340
  C:1A20H         LINE#         341
  C:1A23H         LINE#         343
  C:1A25H         LINE#         344
  C:1A28H         LINE#         345
  C:1A2BH         LINE#         346
  C:1A2EH         LINE#         347
  C:1A30H         LINE#         348
  C:1A33H         LINE#         349
  C:1A35H         LINE#         350
  C:1A38H         LINE#         351
  C:1A3BH         LINE#         352
  C:1A3BH         LINE#         353
  C:1A3DH         LINE#         354
  C:1A3FH         LINE#         355
  C:1A42H         LINE#         356
  C:1A42H         LINE#         357
  C:1A45H         LINE#         358
  C:1A47H         LINE#         359
  C:1A4AH         LINE#         360
  C:1A4AH         LINE#         361
  C:1A4DH         LINE#         362
  C:1A4FH         LINE#         363
  C:1A52H         LINE#         364
  C:1A52H         LINE#         365
  C:1A55H         LINE#         366
  C:1A57H         LINE#         367
  C:1A5AH         LINE#         368
  C:1A5AH         LINE#         369
  C:1A5DH         LINE#         370
  C:1A5FH         LINE#         371
  C:1A62H         LINE#         372
  C:1A62H         LINE#         373
  C:1A65H         LINE#         374
  C:1A67H         LINE#         375
  C:1A6AH         LINE#         376
  C:1A6AH         LINE#         377
  C:1A6DH         LINE#         378
  C:1A6DH         LINE#         380
  C:1A72H         LINE#         381
  C:1A72H         LINE#         382
  C:1A7AH         LINE#         383
  C:1A88H         LINE#         384
  C:1A8AH         LINE#         385
  C:1A90H         LINE#         386
  C:1A95H         LINE#         387
  C:1AA2H         LINE#         388
  C:1AA2H         LINE#         389
  C:1AACH         LINE#         390
  C:1AB4H         LINE#         391
  C:1AB6H         LINE#         394
  C:1AB8H         LINE#         395
  -------         ENDPROC       _MCU_DP_ENUM_MESH_UPDATE
  -------         PROC          _MCU_DP_VALUE_UPDATE
BL51 BANKED LINKER/LOCATER V6.22                                                      10/06/2020  15:47:36  PAGE 30


  D:0003H         SYMBOL        dpid
  D:002AH         SYMBOL        value
  -------         DO            
  D:0004H         SYMBOL        length
  -------         ENDDO         
  C:1C9AH         LINE#         408
  C:1C9CH         LINE#         409
  C:1C9CH         LINE#         410
  C:1C9FH         LINE#         412
  C:1CA6H         LINE#         413
  C:1CA9H         LINE#         415
  C:1CB4H         LINE#         416
  C:1CBBH         LINE#         418
  C:1CC2H         LINE#         419
  C:1CC7H         LINE#         421
  C:1CE1H         LINE#         422
  C:1CFBH         LINE#         423
  C:1D17H         LINE#         424
  C:1D28H         LINE#         426
  C:1D2DH         LINE#         428
  C:1D2FH         LINE#         429
  -------         ENDPROC       _MCU_DP_VALUE_UPDATE
  -------         PROC          _MCU_DP_VALUE_MESH_UPDATE
  D:0007H         SYMBOL        dpid
  D:002AH         SYMBOL        value
  -------         DO            
  D:0003H         SYMBOL        check_sum
  D:002EH         SYMBOL        len
  I:007FH         SYMBOL        buf
  D:0030H         SYMBOL        i
  -------         ENDDO         
  C:194DH         LINE#         431
  C:194DH         LINE#         432
  C:194DH         LINE#         434
  C:194FH         LINE#         435
  C:1953H         LINE#         442
  C:195AH         LINE#         443
  C:195DH         LINE#         445
  C:1961H         LINE#         446
  C:1964H         LINE#         447
  C:1967H         LINE#         448
  C:196AH         LINE#         450
  C:196CH         LINE#         451
  C:196FH         LINE#         452
  C:1972H         LINE#         453
  C:1975H         LINE#         454
  C:1978H         LINE#         455
  C:197BH         LINE#         456
  C:197DH         LINE#         457
  C:1980H         LINE#         458
  C:1991H         LINE#         459
  C:19A2H         LINE#         460
  C:19B3H         LINE#         461
  C:19BAH         LINE#         465
  C:19BEH         LINE#         466
  C:19BEH         LINE#         467
  C:19C6H         LINE#         468
BL51 BANKED LINKER/LOCATER V6.22                                                      10/06/2020  15:47:36  PAGE 31


  C:19D4H         LINE#         469
  C:19D8H         LINE#         470
  C:19DEH         LINE#         471
  C:19E3H         LINE#         472
  C:19F0H         LINE#         473
  C:19F0H         LINE#         474
  C:19FAH         LINE#         475
  C:1A02H         LINE#         476
  C:1A04H         LINE#         479
  C:1A06H         LINE#         480
  -------         ENDPROC       _MCU_DP_VALUE_MESH_UPDATE
  -------         PROC          _MCU_DP_STRING_UPDATE
  D:0069H         SYMBOL        dpid
  D:006AH         SYMBOL        value
  D:006DH         SYMBOL        len
  -------         DO            
  D:0004H         SYMBOL        length
  -------         ENDDO         
  C:2328H         LINE#         491
  C:2330H         LINE#         492
  C:2330H         LINE#         493
  C:2333H         LINE#         495
  C:233AH         LINE#         496
  C:233DH         LINE#         498
  C:2348H         LINE#         499
  C:234FH         LINE#         501
  C:2357H         LINE#         502
  C:2360H         LINE#         504
  C:2373H         LINE#         506
  C:2378H         LINE#         508
  C:237AH         LINE#         509
  -------         ENDPROC       _MCU_DP_STRING_UPDATE
  -------         PROC          _MCU_DP_ENUM_UPDATE
  D:0003H         SYMBOL        dpid
  D:0025H         SYMBOL        value
  -------         DO            
  D:0004H         SYMBOL        length
  -------         ENDDO         
  C:24ECH         LINE#         517
  C:24F0H         LINE#         518
  C:24F0H         LINE#         519
  C:24F3H         LINE#         521
  C:24FAH         LINE#         522
  C:24FDH         LINE#         524
  C:2508H         LINE#         525
  C:250FH         LINE#         527
  C:2516H         LINE#         528
  C:251DH         LINE#         530
  C:2526H         LINE#         532
  C:252BH         LINE#         534
  C:252DH         LINE#         535
  -------         ENDPROC       _MCU_DP_ENUM_UPDATE
  -------         PROC          _MCU_DP_FAULT_UPDATE
  D:0005H         SYMBOL        dpid
  D:0050H         SYMBOL        value
  -------         DO            
  D:0054H         SYMBOL        length
BL51 BANKED LINKER/LOCATER V6.22                                                      10/06/2020  15:47:36  PAGE 32


  -------         ENDDO         
  C:1602H         LINE#         543
  C:1604H         LINE#         544
  C:1604H         LINE#         545
  C:1609H         LINE#         547
  C:1610H         LINE#         548
  C:1613H         LINE#         550
  C:161EH         LINE#         551
  C:1627H         LINE#         553
  C:1630H         LINE#         555
  C:1648H         LINE#         556
  C:1648H         LINE#         557
  C:1655H         LINE#         558
  C:1657H         LINE#         559
  C:1659H         LINE#         560
  C:1670H         LINE#         561
  C:1670H         LINE#         562
  C:1672H         LINE#         563
  C:1672H         LINE#         564
  C:1672H         LINE#         565
  C:1674H         LINE#         567
  C:1674H         LINE#         568
  C:1681H         LINE#         569
  C:169BH         LINE#         570
  C:16B5H         LINE#         571
  C:16CFH         LINE#         572
  C:16DEH         LINE#         573
  C:16DEH         LINE#         575
  C:16E7H         LINE#         577
  C:16E9H         LINE#         578
  -------         ENDPROC       _MCU_DP_FAULT_UPDATE
  -------         PROC          _MCU_GET_DP_DOWNLOAD_BOOL
  D:0001H         SYMBOL        value
  D:0025H         SYMBOL        len
  C:297DH         LINE#         586
  C:2981H         LINE#         587
  C:2981H         LINE#         588
  C:2985H         LINE#         589
[...]
  C:15EFH         LINE#         1033
  C:15F6H         LINE#         1034
  C:15FFH         LINE#         1036
  C:1601H         LINE#         1038
  -------         ENDPROC       SAVEVAR
  -------         PROC          _DP_DOWNLOAD_HANDLE
  D:0007H         SYMBOL        dpid
  D:001EH         SYMBOL        value
  D:0021H         SYMBOL        length
  -------         DO            
  D:0023H         SYMBOL        ret
  -------         ENDDO         
  C:132BH         LINE#         1052
  C:1331H         LINE#         1053
  C:1331H         LINE#         1063
  C:1354H         LINE#         1064
  C:1354H         LINE#         1065
  C:1354H         LINE#         1067
  C:1363H         LINE#         1068
  C:136CH         LINE#         1069
  C:136CH         LINE#         1070
  C:1372H         LINE#         1071
  C:137BH         LINE#         1072
  C:137BH         LINE#         1073
  C:137DH         LINE#         1074
  C:1382H         LINE#         1075
  C:1387H         LINE#         1076
  C:138CH         LINE#         1077
  C:1391H         LINE#         1078
  C:1396H         LINE#         1079
  C:139BH         LINE#         1080
  C:13A0H         LINE#         1081
  C:13A0H         LINE#         1083
  C:13A0H         LINE#         1085
  C:13A2H         LINE#         1086
  C:13A2H         LINE#         1088
  C:13AFH         LINE#         1089
  C:13AFH         LINE#         1091
  C:13B1H         LINE#         1092
  C:13B1H         LINE#         1094
BL51 BANKED LINKER/LOCATER V6.22                                                      10/06/2020  15:47:36  PAGE 43


  C:13BEH         LINE#         1095
  C:13BEH         LINE#         1097
  C:13C0H         LINE#         1102
  C:13C0H         LINE#         1104
  C:13CDH         LINE#         1105
  C:13CDH         LINE#         1106
  C:13CFH         LINE#         1111
  C:13CFH         LINE#         1113
  C:13DCH         LINE#         1114
  C:13DCH         LINE#         1115
  C:13DEH         LINE#         1120
  C:13DEH         LINE#         1122
  C:13EBH         LINE#         1123
  C:13EBH         LINE#         1124
  C:13EDH         LINE#         1125
  C:13EDH         LINE#         1127
  C:13FAH         LINE#         1128
  C:13FAH         LINE#         1129
  C:13FCH         LINE#         1130
  C:13FCH         LINE#         1132
  C:1409H         LINE#         1133
  C:1409H         LINE#         1134
  C:140BH         LINE#         1135
  C:140BH         LINE#         1137
  C:141AH         LINE#         1138
  C:141FH         LINE#         1139
  C:141FH         LINE#         1150
  C:141FH         LINE#         1151
  C:141FH         LINE#         1152
  C:141FH         LINE#         1158
  C:1421H         LINE#         1159
  -------         ENDPROC       _DP_DOWNLOAD_HANDLE
  -------         PROC          GET_DOWNLOAD_CMD_TOTAL
  C:001EH         LINE#         1167
  C:001EH         LINE#         1168
  C:001EH         LINE#         1169
  C:0020H         LINE#         1170
  -------         ENDPROC       GET_DOWNLOAD_CMD_TOTAL
  -------         ENDMOD        PROTOCOL

  -------         MODULE        SYSTEM
  C:0000H         SYMBOL        _ICE_DUMMY_
  C:27FEH         SYMBOL        _get_dowmload_dpid_index
  X:005BH         PUBLIC        bt_queue_buf
  D:0080H         PUBLIC        P0
  D:0090H         PUBLIC        P1
  C:25EBH         SYMBOL        _bt_uart_write_data
  D:00A0H         PUBLIC        P2
  X:0072H         PUBLIC        bt_work_state
  C:262EH         PUBLIC        _set_bt_uart_buffer
  C:2100H         PUBLIC        _bt_uart_mesh_write_frame
  C:2849H         SYMBOL        heat_beat_check
  D:00A8H         PUBLIC        IE
  D:00F8H         PUBLIC        RSTFR
  C:2997H         SYMBOL        get_mcu_bt_mode
  X:0073H         PUBLIC        set_btmode_flag
  X:0074H         PUBLIC        stop_update_flag
BL51 BANKED LINKER/LOCATER V6.22                                                      10/06/2020  15:47:36  PAGE 44


  D:0098H         PUBLIC        SCON
  D:0088H         PUBLIC        TCON
  C:0026H         PUBLIC        _set_bt_uart_byte
  D:00B8H         PUBLIC        IE1
  C:2887H         PUBLIC        get_queue_total_data
  C:26D3H         PUBLIC        _get_check_sum
  X:0075H         PUBLIC        reset_bt_flag
  C:252EH         PUBLIC        Queue_Read_Byte
  D:0057H         PUBLIC        queue_in
  X:0076H         PUBLIC        bt_uart_rx_buf
  D:005AH         PUBLIC        queue_out
  X:0095H         PUBLIC        bt_uart_tx_buf
  C:122CH         PUBLIC        _data_handle
  C:237BH         PUBLIC        _bt_uart_write_frame
  C:21C6H         SYMBOL        _data_point_handle
  D:00D0H         PUBLIC        PSW
  C:2664H         SYMBOL        product_info_update
  -------         PROC          _SET_BT_UART_BYTE
  D:0006H         SYMBOL        dest
  D:0005H         SYMBOL        byte
  -------         DO            
  D:0001H         SYMBOL        obj
  -------         ENDDO         
  C:0026H         LINE#         34
  C:0026H         LINE#         35
  C:0026H         LINE#         36
  C:0030H         LINE#         38
  C:0034H         LINE#         39
  C:0039H         LINE#         41
  C:0039H         LINE#         42
  -------         ENDPROC       _SET_BT_UART_BYTE
  -------         PROC          L?0058
  -------         ENDPROC       L?0058
  -------         PROC          _SET_BT_UART_BUFFER
  D:0017H         SYMBOL        dest
  D:0019H         SYMBOL        src
  D:001CH         SYMBOL        len
  -------         DO            
  D:0001H         SYMBOL        obj
  -------         ENDDO         
  C:262EH         LINE#         51
  C:2638H         LINE#         52
  C:2638H         LINE#         53
  C:2642H         LINE#         55
  C:2654H         LINE#         57
  C:2660H         LINE#         58
  C:2663H         LINE#         59
  -------         ENDPROC       _SET_BT_UART_BUFFER
  -------         PROC          _BT_UART_WRITE_DATA
  D:0030H         SYMBOL        in
  D:0033H         SYMBOL        len
  C:25EBH         LINE#         67
  C:25F5H         LINE#         68
  C:25F5H         LINE#         69
  C:2600H         LINE#         70
  C:2600H         LINE#         72
  C:2600H         LINE#         74
BL51 BANKED LINKER/LOCATER V6.22                                                      10/06/2020  15:47:36  PAGE 45


  C:260DH         LINE#         75
  C:260DH         LINE#         76
  C:261AH         LINE#         77
  C:2625H         LINE#         78
  C:2627H         LINE#         79
  -------         ENDPROC       _BT_UART_WRITE_DATA
  -------         PROC          _GET_CHECK_SUM
  D:0030H         SYMBOL        pack
  D:0033H         SYMBOL        pack_len
  -------         DO            
  D:0004H         SYMBOL        i
  D:0007H         SYMBOL        check_sum
  -------         ENDDO         
  C:26D3H         LINE#         87
  C:26DDH         LINE#         88
  C:26DDH         LINE#         90
  C:26DFH         LINE#         92
  C:26EAH         LINE#         93
  C:26EAH         LINE#         94
  C:26FDH         LINE#         95
  C:2704H         LINE#         97
  C:2704H         LINE#         98
  -------         ENDPROC       _GET_CHECK_SUM
  -------         PROC          _BT_UART_WRITE_FRAME
  D:0007H         SYMBOL        fr_type
  D:002EH         SYMBOL        len
  -------         DO            
  D:0006H         SYMBOL        check_sum
  -------         ENDDO         
  C:237BH         LINE#         106
  C:237FH         LINE#         107
  C:237FH         LINE#         108
  C:237FH         LINE#         110
  C:2385H         LINE#         111
  C:2389H         LINE#         112
  C:238CH         LINE#         113
  C:238FH         LINE#         114
  C:2393H         LINE#         115
  C:2397H         LINE#         117
  C:23A0H         LINE#         118
  C:23B3H         LINE#         119
  C:23C1H         LINE#         121
  -------         ENDPROC       _BT_UART_WRITE_FRAME
  -------         PROC          _BT_UART_MESH_WRITE_FRAME
  D:0007H         SYMBOL        fr_type
  D:007DH         SYMBOL        len
  -------         DO            
  D:0006H         SYMBOL        check_sum
  -------         ENDDO         
  C:2100H         LINE#         125
  C:2104H         LINE#         126
  C:2104H         LINE#         127
  C:2104H         LINE#         129
  C:210FH         LINE#         131
  C:2115H         LINE#         132
  C:2119H         LINE#         133
  C:211CH         LINE#         134
BL51 BANKED LINKER/LOCATER V6.22                                                      10/06/2020  15:47:36  PAGE 46


  C:211FH         LINE#         136
  C:2123H         LINE#         137
  C:2127H         LINE#         138
  C:212BH         LINE#         139
  C:212DH         LINE#         142
  C:2138H         LINE#         143
  C:214BH         LINE#         144
  C:2159H         LINE#         146
  -------         ENDPROC       _BT_UART_MESH_WRITE_FRAME
  -------         PROC          HEAT_BEAT_CHECK
  -------         DO            
  D:0007H         SYMBOL        length
  D:0056H         SYMBOL        mcu_reset_state
  -------         ENDDO         
  C:2849H         LINE#         157
  C:2849H         LINE#         158
  C:2849H         LINE#         159
  C:284BH         LINE#         162
  C:284FH         LINE#         163
  C:284FH         LINE#         164
  C:2854H         LINE#         165
  C:2857H         LINE#         166
  C:2859H         LINE#         168
  C:2859H         LINE#         169
  C:2860H         LINE#         170
  C:2860H         LINE#         172
  -------         ENDPROC       HEAT_BEAT_CHECK
  -------         PROC          PRODUCT_INFO_UPDATE
  -------         DO            
  D:0016H         SYMBOL        length
  -------         ENDDO         
  C:2664H         LINE#         180
  C:2664H         LINE#         181
  C:2664H         LINE#         182
  C:2667H         LINE#         184
  C:267DH         LINE#         185
  C:2693H         LINE#         187
  -------         ENDPROC       PRODUCT_INFO_UPDATE
  -------         PROC          GET_MCU_BT_MODE
  -------         DO            
  D:0007H         SYMBOL        length
  -------         ENDDO         
  C:2997H         LINE#         195
  C:2997H         LINE#         196
  C:2997H         LINE#         197
  C:2998H         LINE#         206
  -------         ENDPROC       GET_MCU_BT_MODE
  -------         PROC          _GET_DOWMLOAD_DPID_INDEX
  D:001DH         SYMBOL        dpid
  -------         DO            
  D:0006H         SYMBOL        index
  D:0007H         SYMBOL        total
  -------         ENDDO         
  C:27FEH         LINE#         214
  C:2800H         LINE#         215
  C:2800H         LINE#         217
  C:2803H         LINE#         219
BL51 BANKED LINKER/LOCATER V6.22                                                      10/06/2020  15:47:36  PAGE 47


  C:280AH         LINE#         220
  C:280AH         LINE#         221
  C:281EH         LINE#         222
  C:281EH         LINE#         223
  C:281EH         LINE#         224
  C:281EH         LINE#         225
  C:2821H         LINE#         227
  C:2823H         LINE#         228
  -------         ENDPROC       _GET_DOWMLOAD_DPID_INDEX
  -------         PROC          _DATA_POINT_HANDLE
  D:0016H         SYMBOL        value
  -------         DO            
  D:0019H         SYMBOL        dp_id
  D:0007H         SYMBOL        index
  D:001AH         SYMBOL        dp_type
  D:0007H         SYMBOL        ret
  D:001BH         SYMBOL        dp_len
  -------         ENDDO         
  C:21C6H         LINE#         235
  C:21CCH         LINE#         236
  C:21CCH         LINE#         242
  C:21D1H         LINE#         243
  C:21D9H         LINE#         244
  C:21E4H         LINE#         245
  C:21F3H         LINE#         247
  C:21F8H         LINE#         249
  C:220CH         LINE#         250
  C:220CH         LINE#         252
  C:220FH         LINE#         253
  C:220FH         LINE#         255
  C:220FH         LINE#         256
  C:2225H         LINE#         257
  C:2225H         LINE#         259
  C:2225H         LINE#         260
  -------         ENDPROC       _DATA_POINT_HANDLE
  -------         PROC          _DATA_HANDLE
  D:000EH         SYMBOL        offset
  -------         DO            
  D:0010H         SYMBOL        dp_len
  D:0007H         SYMBOL        ret
  D:0012H         SYMBOL        i
  D:0014H         SYMBOL        total_len
  D:0007H         SYMBOL        cmd_type
  -------         ENDDO         
  C:122CH         LINE#         267
  C:1230H         LINE#         268
  C:1230H         LINE#         280
  C:123CH         LINE#         282
  C:1266H         LINE#         283
  C:1266H         LINE#         284
  C:1266H         LINE#         285
  C:1269H         LINE#         286
  C:1269H         LINE#         288
  C:1269H         LINE#         289
  C:126CH         LINE#         290
  C:126CH         LINE#         292
  C:126CH         LINE#         293
BL51 BANKED LINKER/LOCATER V6.22                                                      10/06/2020  15:47:36  PAGE 48


  C:126FH         LINE#         294
  C:126FH         LINE#         297
  C:126FH         LINE#         298
  C:1280H         LINE#         299
  C:1288H         LINE#         300
  C:1288H         LINE#         302
  C:1288H         LINE#         303
  C:128EH         LINE#         304
  C:128FH         LINE#         307
  C:128FH         LINE#         308
  C:12A1H         LINE#         309
  C:12B7H         LINE#         311
  C:12C7H         LINE#         312
  C:12C7H         LINE#         313
  C:12E1H         LINE#         314
  C:12F5H         LINE#         316
  C:130CH         LINE#         318
  C:130FH         LINE#         319
  C:130FH         LINE#         321
  C:1312H         LINE#         322
  C:1312H         LINE#         324
  C:1312H         LINE#         326
  C:1312H         LINE#         328
  C:1325H         LINE#         329
  C:1327H         LINE#         331
  C:1327H         LINE#         333
  C:1327H         LINE#         334
  C:132AH         LINE#         335
  C:132AH         LINE#         396
  C:132AH         LINE#         397
  C:132AH         LINE#         398
  C:132AH         LINE#         399
  -------         ENDPROC       _DATA_HANDLE
  -------         PROC          GET_QUEUE_TOTAL_DATA
  C:2887H         LINE#         406
  C:2887H         LINE#         407
  C:2887H         LINE#         408
  C:289FH         LINE#         409
  C:28A2H         LINE#         411
  C:28A4H         LINE#         412
  -------         ENDPROC       GET_QUEUE_TOTAL_DATA
  -------         PROC          QUEUE_READ_BYTE
  -------         DO            
  D:0007H         SYMBOL        value
  -------         ENDDO         
  C:252EH         LINE#         419
  C:252EH         LINE#         420
  C:252EH         LINE#         423
  C:2546H         LINE#         424
  C:2546H         LINE#         426
  C:2554H         LINE#         427
  C:2554H         LINE#         429
  C:255DH         LINE#         430
  C:255DH         LINE#         432
  C:256FH         LINE#         433
  C:256FH         LINE#         435
  C:256FH         LINE#         436
BL51 BANKED LINKER/LOCATER V6.22                                                      10/06/2020  15:47:36  PAGE 49


  -------         ENDPROC       QUEUE_READ_BYTE
  -------         ENDMOD        SYSTEM

  -------         MODULE        ?C?FPDIV
  C:09B4H         PUBLIC        ?C?FPDIV
  -------         ENDMOD        ?C?FPDIV

  -------         MODULE        ?C?FCAST
  C:0A5BH         PUBLIC        ?C?FCASTC
  C:0A56H         PUBLIC        ?C?FCASTI
  C:0A51H         PUBLIC        ?C?FCASTL
  -------         ENDMOD        ?C?FCAST

  -------         MODULE        ?C?CASTF
  C:0A8FH         PUBLIC        ?C?CASTF
  -------         ENDMOD        ?C?CASTF

  -------         MODULE        ?C?CLDPTR
  C:0B10H         PUBLIC        ?C?CLDPTR
  -------         ENDMOD        ?C?CLDPTR

  -------         MODULE        ?C?CLDOPTR
  C:0B29H         PUBLIC        ?C?CLDOPTR
  -------         ENDMOD        ?C?CLDOPTR

  -------         MODULE        ?C?CSTPTR
  C:0B56H         PUBLIC        ?C?CSTPTR
  -------         ENDMOD        ?C?CSTPTR

  -------         MODULE        ?C?CSTOPTR
  C:0B68H         PUBLIC        ?C?CSTOPTR
  -------         ENDMOD        ?C?CSTOPTR

  -------         MODULE        ?C?IMUL
  C:0B8AH         PUBLIC        ?C?IMUL
  -------         ENDMOD        ?C?IMUL

  -------         MODULE        ?C?LMUL
  C:0B9CH         PUBLIC        ?C?LMUL
  -------         ENDMOD        ?C?LMUL

  -------         MODULE        ?C?ULDIV
  C:0C27H         PUBLIC        ?C?ULDIV
  -------         ENDMOD        ?C?ULDIV

  -------         MODULE        ?C?LNEG
  C:0CB9H         PUBLIC        ?C?LNEG
  -------         ENDMOD        ?C?LNEG

  -------         MODULE        ?C?SLCMP
  C:0CC7H         PUBLIC        ?C?SLCMP
  -------         ENDMOD        ?C?SLCMP

  -------         MODULE        ?C?ULCMP
  C:0CDDH         PUBLIC        ?C?ULCMP
  -------         ENDMOD        ?C?ULCMP

BL51 BANKED LINKER/LOCATER V6.22                                                      10/06/2020  15:47:36  PAGE 50


  -------         MODULE        ?C?ULSHR
  C:0CEEH         PUBLIC        ?C?ULSHR
  -------         ENDMOD        ?C?ULSHR

  -------         MODULE        ?C?LSHL
  C:0D01H         PUBLIC        ?C?LSHL
  -------         ENDMOD        ?C?LSHL

  -------         MODULE        ?C?LSTXDATA
  C:0D14H         PUBLIC        ?C?LSTXDATA
  -------         ENDMOD        ?C?LSTXDATA

  -------         MODULE        ?C?LSTKXDATA
  C:0D20H         PUBLIC        ?C?LSTKXDATA
  -------         ENDMOD        ?C?LSTKXDATA

  -------         MODULE        ?C?CCASE
  C:0D51H         PUBLIC        ?C?CCASE
  -------         ENDMOD        ?C?CCASE

*** WARNING L16: UNCALLED SEGMENT, IGNORED FOR OVERLAY PROCESS
    SEGMENT: ?PR?_HEX_TO_BCD?MCU_API

*** WARNING L16: UNCALLED SEGMENT, IGNORED FOR OVERLAY PROCESS
    SEGMENT: ?PR?_MY_MEMSET?MCU_API

*** WARNING L16: UNCALLED SEGMENT, IGNORED FOR OVERLAY PROCESS
    SEGMENT: ?PR?_INT_TO_BYTE?MCU_API

*** WARNING L16: UNCALLED SEGMENT, IGNORED FOR OVERLAY PROCESS
    SEGMENT: ?PR?MCU_GET_RESET_BT_FLAG?MCU_API

*** WARNING L16: UNCALLED SEGMENT, IGNORED FOR OVERLAY PROCESS
    SEGMENT: ?PR?MCU_RESET_BT?MCU_API

*** WARNING L16: UNCALLED SEGMENT, IGNORED FOR OVERLAY PROCESS
    SEGMENT: ?PR?MCU_GET_BT_WORK_STATE?MCU_API

*** WARNING L16: UNCALLED SEGMENT, IGNORED FOR OVERLAY PROCESS
    SEGMENT: ?PR?_MCU_DP_RAW_UPDATE?MCU_API

*** WARNING L16: UNCALLED SEGMENT, IGNORED FOR OVERLAY PROCESS
    SEGMENT: ?PR?_MCU_DP_STRING_UPDATE?MCU_API

*** WARNING L16: UNCALLED SEGMENT, IGNORED FOR OVERLAY PROCESS
    SEGMENT: ?PR?_MCU_DP_FAULT_UPDATE?MCU_API

*** WARNING L16: UNCALLED SEGMENT, IGNORED FOR OVERLAY PROCESS
    SEGMENT: ?PR?_DP_DOWNLOAD_ADDR_HANDLE?PROTOCOL

*** WARNING L16: UNCALLED SEGMENT, IGNORED FOR OVERLAY PROCESS
    SEGMENT: ?PR?_DP_DOWNLOAD_ADDREND_HANDLE?PROTOCOL

*** WARNING L16: UNCALLED SEGMENT, IGNORED FOR OVERLAY PROCESS
    SEGMENT: ?PR?_BT_UART_MESH_WRITE_FRAME?SYSTEM

Program Size: data=149.0 xdata=257 code=10664
BL51 BANKED LINKER/LOCATER V6.22                                                      10/06/2020  15:47:36  PAGE 51


LINK/LOCATE RUN COMPLETE.  12 WARNING(S),  0 ERROR(S)
