BL51 BANKED LINKER/LOCATER V6.22                                                        10/13/2020  10:11:57  PAGE 1


BL51 BANKED LINKER/LOCATER V6.22, INVOKED BY:
D:\CCCC2020\TOOL\KEIL\C51\BIN\BL51.EXE .\Objects\STARTUP.obj, .\Objects\HC-MCU-XBR.obj, .\Objects\mcu_api.obj, .\Objects
>> \protocol.obj, .\Objects\system.obj TO .\Objects\HC-MCU-XBR PRINT (.\Listings\HC-MCU-XBR.m51) RAMSIZE (256) DISABLEWA
>> RNING (16, 1, 2) CODE (0X0000-0X3FFF) XDATA (0X0000-0X07FF)


MEMORY MODEL: SMALL WITH FLOATING POINT ARITHMETIC


INPUT MODULES INCLUDED:
  .\Objects\STARTUP.obj (?C_STARTUP)
  .\Objects\HC-MCU-XBR.obj (HC_MCU_XBR)
  .\Objects\mcu_api.obj (MCU_API)
  .\Objects\protocol.obj (PROTOCOL)
  .\Objects\system.obj (SYSTEM)
  D:\CCCC2020\TOOL\KEIL\C51\LIB\C51FPS.LIB (?C?FPDIV)
  D:\CCCC2020\TOOL\KEIL\C51\LIB\C51FPS.LIB (?C?FCAST)
  D:\CCCC2020\TOOL\KEIL\C51\LIB\C51FPS.LIB (?C?CASTF)
  D:\CCCC2020\TOOL\KEIL\C51\LIB\C51FPS.LIB (?C?FPGETOPN)
  D:\CCCC2020\TOOL\KEIL\C51\LIB\C51S.LIB (?C_INIT)
  D:\CCCC2020\TOOL\KEIL\C51\LIB\C51S.LIB (?C?CLDPTR)
  D:\CCCC2020\TOOL\KEIL\C51\LIB\C51S.LIB (?C?CLDOPTR)
  D:\CCCC2020\TOOL\KEIL\C51\LIB\C51S.LIB (?C?CSTPTR)
  D:\CCCC2020\TOOL\KEIL\C51\LIB\C51S.LIB (?C?CSTOPTR)
  D:\CCCC2020\TOOL\KEIL\C51\LIB\C51S.LIB (?C?IMUL)
  D:\CCCC2020\TOOL\KEIL\C51\LIB\C51S.LIB (?C?LMUL)
  D:\CCCC2020\TOOL\KEIL\C51\LIB\C51S.LIB (?C?ULDIV)
  D:\CCCC2020\TOOL\KEIL\C51\LIB\C51S.LIB (?C?LNEG)
  D:\CCCC2020\TOOL\KEIL\C51\LIB\C51S.LIB (?C?SLCMP)
  D:\CCCC2020\TOOL\KEIL\C51\LIB\C51S.LIB (?C?ULCMP)
  D:\CCCC2020\TOOL\KEIL\C51\LIB\C51S.LIB (?C?ULSHR)
  D:\CCCC2020\TOOL\KEIL\C51\LIB\C51S.LIB (?C?LSHL)
  D:\CCCC2020\TOOL\KEIL\C51\LIB\C51S.LIB (?C?LSTXDATA)
  D:\CCCC2020\TOOL\KEIL\C51\LIB\C51S.LIB (?C?LSTKXDATA)


LINK MAP OF MODULE:  .\Objects\HC-MCU-XBR (?C_STARTUP)


            TYPE    BASE      LENGTH    RELOCATION   SEGMENT NAME
            -----------------------------------------------------

            * * * * * * *   D A T A   M E M O R Y   * * * * * * *
            REG     0000H     0008H     ABSOLUTE     "REG BANK 0"
            DATA    0008H     0030H     UNIT         _DATA_GROUP_
            DATA    0038H     0009H     UNIT         ?DT?_MY_MEMSET?MCU_API
            DATA    0041H     0007H     UNIT         ?DT?_MCU_DP_FAULT_UPDATE?MCU_API
            DATA    0048H     0007H     UNIT         ?DT?PROTOCOL
            DATA    004FH     0007H     UNIT         ?DT?SYSTEM
            DATA    0056H     0006H     UNIT         ?DT?HC_MCU_XBR
            DATA    005CH     0006H     UNIT         ?DT?_MCU_DP_RAW_UPDATE?MCU_API
            DATA    0062H     0004H     UNIT         ?DT?_INT_TO_BYTE?MCU_API
            DATA    0066H     0002H     UNIT         ?DT?MCU_API
            DATA    0068H     0002H     UNIT         ?DT?_BT_UART_MESH_WRITE_FRAME?SYSTEM
            IDATA   006AH     0016H     UNIT         ?ID?HC_MCU_XBR
            IDATA   0080H     0011H     UNIT         _IDATA_GROUP_
            IDATA   0091H     0001H     UNIT         ?STACK

BL51 BANKED LINKER/LOCATER V6.22                                                      10/13/2020  10:11:57  PAGE 2


            * * * * * * *  X D A T A   M E M O R Y  * * * * * * *
            XDATA   0000H     005BH     UNIT         ?XD?HC_MCU_XBR
            XDATA   005BH     0059H     UNIT         ?XD?SYSTEM
            XDATA   00B4H     0023H     UNIT         ?XD?PROTOCOL
                    00D7H     FDA9H                  *** GAP ***
            XDATA   FE80H     0001H     ABSOLUTE     
                    FE81H     0004H                  *** GAP ***
            XDATA   FE85H     0001H     ABSOLUTE     
                    FE86H     0002H                  *** GAP ***
            XDATA   FE88H     0001H     ABSOLUTE     
            XDATA   FE89H     0001H     ABSOLUTE     
            XDATA   FE8AH     0001H     ABSOLUTE     
                    FE8BH     0006H                  *** GAP ***
            XDATA   FE91H     0001H     ABSOLUTE     
            XDATA   FE92H     0001H     ABSOLUTE     
            XDATA   FE93H     0001H     ABSOLUTE     
            XDATA   FE94H     0001H     ABSOLUTE     
            XDATA   FE95H     0001H     ABSOLUTE     
                    FE96H     0002H                  *** GAP ***
            XDATA   FE98H     0001H     ABSOLUTE     
                    FE99H     0002H                  *** GAP ***
            XDATA   FE9BH     0001H     ABSOLUTE     
                    FE9CH     0004H                  *** GAP ***
            XDATA   FEA0H     0001H     ABSOLUTE     
                    FEA1H     0001H                  *** GAP ***
            XDATA   FEA2H     0001H     ABSOLUTE     
                    FEA3H     0001H                  *** GAP ***
            XDATA   FEA4H     0001H     ABSOLUTE     
            XDATA   FEA5H     0001H     ABSOLUTE     
                    FEA6H     0001H                  *** GAP ***
            XDATA   FEA7H     0001H     ABSOLUTE     
                    FEA8H     0002H                  *** GAP ***
            XDATA   FEAAH     0001H     ABSOLUTE     
                    FEABH     0005H                  *** GAP ***
            XDATA   FEB0H     0001H     ABSOLUTE     
            XDATA   FEB1H     0001H     ABSOLUTE     
            XDATA   FEB2H     0001H     ABSOLUTE     
            XDATA   FEB3H     0001H     ABSOLUTE     
                    FEB4H     0004H                  *** GAP ***
            XDATA   FEB8H     0001H     ABSOLUTE     
            XDATA   FEB9H     0001H     ABSOLUTE     
                    FEBAH     0002H                  *** GAP ***
            XDATA   FEBCH     0001H     ABSOLUTE     
                    FEBDH     0043H                  *** GAP ***
            XDATA   FF00H     0001H     ABSOLUTE     
            XDATA   FF01H     0001H     ABSOLUTE     
            XDATA   FF02H     0001H     ABSOLUTE     
            XDATA   FF03H     0001H     ABSOLUTE     
                    FF04H     0001H                  *** GAP ***
            XDATA   FF05H     0001H     ABSOLUTE     
                    FF06H     0002H                  *** GAP ***
            XDATA   FF08H     0001H     ABSOLUTE     
                    FF09H     0007H                  *** GAP ***
            XDATA   FF10H     0001H     ABSOLUTE     
            XDATA   FF11H     0001H     ABSOLUTE     
            XDATA   FF12H     0001H     ABSOLUTE     
            XDATA   FF13H     0001H     ABSOLUTE     
BL51 BANKED LINKER/LOCATER V6.22                                                      10/13/2020  10:11:57  PAGE 3


                    FF14H     002CH                  *** GAP ***
            XDATA   FF40H     0001H     ABSOLUTE     
            XDATA   FF41H     0001H     ABSOLUTE     
            XDATA   FF42H     0001H     ABSOLUTE     
                    FF43H     003DH                  *** GAP ***
            XDATA   FF80H     0001H     ABSOLUTE     
            XDATA   FF81H     0001H     ABSOLUTE     
                    FF82H     0001H                  *** GAP ***
            XDATA   FF83H     0001H     ABSOLUTE     
            XDATA   FF84H     0001H     ABSOLUTE     
            XDATA   FF85H     0001H     ABSOLUTE     
                    FF86H     0009H                  *** GAP ***
            XDATA   FF8FH     0001H     ABSOLUTE     
            XDATA   FF90H     0001H     ABSOLUTE     
            XDATA   FF91H     0001H     ABSOLUTE     
                    FF92H     0002H                  *** GAP ***
            XDATA   FF94H     0001H     ABSOLUTE     
            XDATA   FF95H     0001H     ABSOLUTE     
                    FF96H     0002H                  *** GAP ***
            XDATA   FF98H     0001H     ABSOLUTE     
            XDATA   FF99H     0001H     ABSOLUTE     
                    FF9AH     0002H                  *** GAP ***
            XDATA   FF9CH     0001H     ABSOLUTE     
                    FF9DH     0003H                  *** GAP ***
            XDATA   FFA0H     0001H     ABSOLUTE     
            XDATA   FFA1H     0001H     ABSOLUTE     
                    FFA2H     0002H                  *** GAP ***
            XDATA   FFA4H     0001H     ABSOLUTE     
            XDATA   FFA5H     0001H     ABSOLUTE     
            XDATA   FFA6H     0001H     ABSOLUTE     
            XDATA   FFA7H     0001H     ABSOLUTE     
            XDATA   FFA8H     0001H     ABSOLUTE     
            XDATA   FFA9H     0001H     ABSOLUTE     

            * * * * * * *   C O D E   M E M O R Y   * * * * * * *
            CODE    0000H     0003H     ABSOLUTE     
            CODE    0003H     0017H     UNIT         ?PR?INITSYS?HC_MCU_XBR
            CODE    001AH     0001H     UNIT         ?PR?UART2_RPT?HC_MCU_XBR
            CODE    001BH     0003H     ABSOLUTE     
            CODE    001EH     0005H     UNIT         ?CO?PROTOCOL
            CODE    0023H     0003H     ABSOLUTE     
            CODE    0026H     0014H     UNIT         ?PR?_SET_BT_UART_BYTE?SYSTEM
                    003AH     0001H                  *** GAP ***
            CODE    003BH     0003H     ABSOLUTE     
            CODE    003EH     0973H     UNIT         ?PR?XBRHANDLE?HC_MCU_XBR
            CODE    09B1H     03A0H     UNIT         ?C?LIB_CODE
            CODE    0D51H     0284H     UNIT         ?PR?_DATA_HANDLE?SYSTEM
            CODE    0FD5H     021CH     UNIT         ?PR?MAIN?HC_MCU_XBR
            CODE    11F1H     0181H     UNIT         ?PR?BT_UART_SERVICE?MCU_API
            CODE    1372H     0156H     UNIT         ?PR?SET_VAR?HC_MCU_XBR
            CODE    14C8H     014DH     UNIT         ?PR?_DP_DOWNLOAD_HANDLE?PROTOCOL
            CODE    1615H     0119H     UNIT         ?C_INITSEG
            CODE    172EH     00F5H     UNIT         ?PR?ALL_DATA_UPDATE?PROTOCOL
            CODE    1823H     00EDH     UNIT         ?PR?SAVEVAR?PROTOCOL
            CODE    1910H     00EAH     UNIT         ?PR?_DP_DOWNLOAD_SENSE_STRESS_HANDLE?PROTOCOL
            CODE    19FAH     00E8H     UNIT         ?PR?_MCU_DP_FAULT_UPDATE?MCU_API
            CODE    1AE2H     00D1H     UNIT         ?PR?_MY_MEMCPY?MCU_API
BL51 BANKED LINKER/LOCATER V6.22                                                      10/13/2020  10:11:57  PAGE 4


            CODE    1BB3H     00CCH     UNIT         ?PR?_DP_DOWNLOAD_CDS_HANDLE?PROTOCOL
            CODE    1C7FH     00BEH     UNIT         ?PR?_MCU_DP_VALUE_MESH_UPDATE?MCU_API
            CODE    1D3DH     00BDH     UNIT         ?PR?_DP_DOWNLOAD_PIR_DELAY_HANDLE?PROTOCOL
            CODE    1DFAH     00B4H     UNIT         ?PR?_DP_DOWNLOAD_STANDBY_TIME_HANDLE?PROTOCOL
            CODE    1EAEH     00B2H     UNIT         ?PR?_MCU_DP_ENUM_MESH_UPDATE?MCU_API
            CODE    1F60H     00A8H     UNIT         ?PR?TIMER1_RPT?HC_MCU_XBR
            CODE    2008H     00A1H     UNIT         ?PR?_BYTE_TO_INT?MCU_API
            CODE    20A9H     009AH     UNIT         ?PR?_DP_DOWNLOAD_SWITCH_LED2_HANDLE?PROTOCOL
            CODE    2143H     0096H     UNIT         ?PR?_MCU_DP_VALUE_UPDATE?MCU_API
            CODE    21D9H     008CH     UNIT         ?C_C51STARTUP
            CODE    2265H     0087H     UNIT         ?PR?_MCU_DP_BOOL_MESH_UPDATE?MCU_API
            CODE    22ECH     0087H     UNIT         ?PR?_DP_DOWNLOAD_BRIGHT_VALUE_HANDLE?PROTOCOL
            CODE    2373H     0083H     UNIT         ?PR?WAIT1?HC_MCU_XBR
            CODE    23F6H     0081H     UNIT         ?PR?_DP_DOWNLOAD_SWITCH_XBR_HANDLE?PROTOCOL
            CODE    2477H     007EH     UNIT         ?PR?WAIT2?HC_MCU_XBR
            CODE    24F5H     0071H     UNIT         ?PR?_HEX_TO_BCD?MCU_API
            CODE    2566H     0071H     UNIT         ?PR?_UART_RECEIVE_INPUT?MCU_API
            CODE    25D7H     0066H     UNIT         ?PR?_BT_UART_MESH_WRITE_FRAME?SYSTEM
            CODE    263DH     0060H     UNIT         ?PR?_DATA_POINT_HANDLE?SYSTEM
            CODE    269DH     0055H     UNIT         ?PR?_MY_STRLEN?MCU_API
            CODE    26F2H     0053H     UNIT         ?PR?_MCU_DP_RAW_UPDATE?MCU_API
            CODE    2745H     0053H     UNIT         ?PR?_MCU_DP_STRING_UPDATE?MCU_API
            CODE    2798H     0053H     UNIT         ?PR?_BT_UART_WRITE_FRAME?SYSTEM
            CODE    27EBH     004FH     UNIT         ?PR?_MCU_DP_BOOL_UPDATE?MCU_API
            CODE    283AH     0047H     UNIT         ?PR?UART1_RPT?HC_MCU_XBR
            CODE    2881H     0045H     UNIT         ?PR?_READ_AD?HC_MCU_XBR
            CODE    28C6H     0043H     UNIT         ?PR?_INT_TO_BYTE?MCU_API
            CODE    2909H     0042H     UNIT         ?PR?_MCU_DP_ENUM_UPDATE?MCU_API
            CODE    294BH     0042H     UNIT         ?PR?QUEUE_READ_BYTE?SYSTEM
            CODE    298DH     003DH     UNIT         ?PR?_MY_MEMSET?MCU_API
            CODE    29CAH     003DH     UNIT         ?PR?_BT_UART_WRITE_DATA?SYSTEM
            CODE    2A07H     003CH     UNIT         ?PR?_SET_BT_UART_BUFFER?SYSTEM
            CODE    2A43H     0038H     UNIT         ?PR?PRODUCT_INFO_UPDATE?SYSTEM
            CODE    2A7BH     0037H     UNIT         ?PR?_FLASH_READARR?HC_MCU_XBR
            CODE    2AB2H     0032H     UNIT         ?PR?_GET_CHECK_SUM?SYSTEM
            CODE    2AE4H     0031H     UNIT         ?PR?UART1_INIT?HC_MCU_XBR
            CODE    2B15H     002FH     UNIT         ?PR?_PWM3INIT?HC_MCU_XBR
            CODE    2B44H     0028H     UNIT         ?PR?_DELAY_MS?HC_MCU_XBR
            CODE    2B6CH     0027H     UNIT         ?PR?_FLASH_WRITEDATA?HC_MCU_XBR
            CODE    2B93H     0026H     UNIT         ?PR?_GET_DOWMLOAD_DPID_INDEX?SYSTEM
            CODE    2BB9H     0025H     UNIT         ?PR?_FLASH_ERASEBLOCK?HC_MCU_XBR
            CODE    2BDEH     0023H     UNIT         ?PR?RESET_BT_MODULE?PROTOCOL
            CODE    2C01H     0021H     UNIT         ?PR?_DP_DOWNLOAD_ADDR_HANDLE?PROTOCOL
            CODE    2C22H     0021H     UNIT         ?PR?_DP_DOWNLOAD_ADDREND_HANDLE?PROTOCOL
            CODE    2C43H     0021H     UNIT         ?PR?_DP_DOWNLOAD_GROUP_HANDLE?PROTOCOL
            CODE    2C64H     0020H     UNIT         ?PR?HEAT_BEAT_CHECK?SYSTEM
            CODE    2C84H     001EH     UNIT         ?PR?TIMER_INIT?HC_MCU_XBR
            CODE    2CA2H     001EH     UNIT         ?PR?GET_QUEUE_TOTAL_DATA?SYSTEM
            CODE    2CC0H     001CH     UNIT         ?PR?GPIO_INIT?HC_MCU_XBR
            CODE    2CDCH     001CH     UNIT         ?PR?_SEND_DATA?HC_MCU_XBR
            CODE    2CF8H     0019H     UNIT         ?PR?BT_PROTOCOL_INIT?MCU_API
            CODE    2D11H     0017H     UNIT         ?PR?ADC_INIT?HC_MCU_XBR
            CODE    2D28H     0017H     UNIT         ?PR?_DP_DOWNLOAD_SWITCH_LED_HANDLE?PROTOCOL
            CODE    2D3FH     0013H     UNIT         ?PR?_DP_DOWNLOAD_TEST_BN0_HANDLE?PROTOCOL
            CODE    2D52H     0013H     UNIT         ?PR?_DP_DOWNLOAD_TEST_BN1_HANDLE?PROTOCOL
            CODE    2D65H     0013H     UNIT         ?PR?_DP_DOWNLOAD_TEST_BN2_HANDLE?PROTOCOL
            CODE    2D78H     0012H     UNIT         ?PR?_DELAY_US?HC_MCU_XBR
BL51 BANKED LINKER/LOCATER V6.22                                                      10/13/2020  10:11:57  PAGE 5


            CODE    2D8AH     0012H     UNIT         ?PR?_DELAY_US_1?HC_MCU_XBR
            CODE    2D9CH     000FH     UNIT         ?CO?SYSTEM
            CODE    2DABH     000CH     UNIT         ?PR?MCU_RESET_BT?MCU_API
            CODE    2DB7H     0009H     UNIT         ?PR?_MCU_GET_DP_DOWNLOAD_BOOL?MCU_API
            CODE    2DC0H     0009H     UNIT         ?PR?_MCU_GET_DP_DOWNLOAD_ENUM?MCU_API
            CODE    2DC9H     0008H     UNIT         ?PR?_MCU_GET_DP_DOWNLOAD_VALUE?MCU_API
            CODE    2DD1H     0008H     UNIT         ?PR?GET_MCU_BT_MODE?SYSTEM
            CODE    2DD9H     0006H     UNIT         ?PR?MCU_GET_RESET_BT_FLAG?MCU_API
            CODE    2DDFH     0006H     UNIT         ?PR?MCU_GET_BT_WORK_STATE?MCU_API
            CODE    2DE5H     0003H     UNIT         ?PR?_UART_TRANSMIT_OUTPUT?PROTOCOL
            CODE    2DE8H     0003H     UNIT         ?PR?GET_DOWNLOAD_CMD_TOTAL?PROTOCOL



OVERLAY MAP OF MODULE:   .\Objects\HC-MCU-XBR (?C_STARTUP)


SEGMENT                                            DATA_GROUP          IDATA_GROUP
  +--> CALLED SEGMENT                            START    LENGTH     START    LENGTH
------------------------------------------------------------------------------------
?C_C51STARTUP                                    -----    -----      -----    -----
  +--> ?PR?MAIN?HC_MCU_XBR
  +--> ?C_INITSEG

?PR?MAIN?HC_MCU_XBR                              -----    -----      -----    -----
  +--> ?PR?BT_PROTOCOL_INIT?MCU_API
  +--> ?PR?INITSYS?HC_MCU_XBR
  +--> ?PR?GPIO_INIT?HC_MCU_XBR
  +--> ?PR?_PWM3INIT?HC_MCU_XBR
  +--> ?PR?TIMER_INIT?HC_MCU_XBR
  +--> ?PR?UART1_INIT?HC_MCU_XBR
  +--> ?PR?ADC_INIT?HC_MCU_XBR
  +--> ?PR?_DELAY_MS?HC_MCU_XBR
  +--> ?PR?_READ_AD?HC_MCU_XBR
  +--> ?PR?SET_VAR?HC_MCU_XBR
  +--> ?PR?_FLASH_ERASEBLOCK?HC_MCU_XBR
  +--> ?PR?_DELAY_US_1?HC_MCU_XBR
  +--> ?PR?_FLASH_WRITEDATA?HC_MCU_XBR
  +--> ?PR?WAIT1?HC_MCU_XBR
  +--> ?PR?WAIT2?HC_MCU_XBR
  +--> ?PR?_SEND_DATA?HC_MCU_XBR
  +--> ?PR?BT_UART_SERVICE?MCU_API
  +--> ?PR?XBRHANDLE?HC_MCU_XBR

?PR?ADC_INIT?HC_MCU_XBR                          -----    -----      -----    -----
  +--> ?PR?_DELAY_US?HC_MCU_XBR

?PR?_READ_AD?HC_MCU_XBR                          -----    -----      -----    -----
  +--> ?PR?_DELAY_US?HC_MCU_XBR

?PR?SET_VAR?HC_MCU_XBR                           -----    -----      -----    -----
  +--> ?PR?_FLASH_READARR?HC_MCU_XBR

?PR?_FLASH_READARR?HC_MCU_XBR                    0008H    0005H      -----    -----

?PR?WAIT1?HC_MCU_XBR                             0008H    0002H      -----    -----
  +--> ?PR?_DELAY_MS?HC_MCU_XBR
BL51 BANKED LINKER/LOCATER V6.22                                                      10/13/2020  10:11:57  PAGE 6



?PR?WAIT2?HC_MCU_XBR                             0008H    0005H      -----    -----

?PR?BT_UART_SERVICE?MCU_API                      0008H    0004H      -----    -----
  +--> ?PR?GET_QUEUE_TOTAL_DATA?SYSTEM
  +--> ?PR?QUEUE_READ_BYTE?SYSTEM
  +--> ?PR?_GET_CHECK_SUM?SYSTEM
  +--> ?PR?_DATA_HANDLE?SYSTEM
  +--> ?PR?_MY_MEMCPY?MCU_API

?PR?_GET_CHECK_SUM?SYSTEM                        002EH    0005H      -----    -----

?PR?_DATA_HANDLE?SYSTEM                          000CH    0008H      -----    -----
  +--> ?PR?HEAT_BEAT_CHECK?SYSTEM
  +--> ?PR?PRODUCT_INFO_UPDATE?SYSTEM
  +--> ?PR?GET_MCU_BT_MODE?SYSTEM
  +--> ?PR?_BT_UART_WRITE_FRAME?SYSTEM
  +--> ?PR?_DATA_POINT_HANDLE?SYSTEM
  +--> ?PR?SAVEVAR?PROTOCOL
  +--> ?PR?ALL_DATA_UPDATE?PROTOCOL

?PR?HEAT_BEAT_CHECK?SYSTEM                       -----    -----      -----    -----
  +--> ?PR?_SET_BT_UART_BYTE?SYSTEM
  +--> ?PR?_BT_UART_WRITE_FRAME?SYSTEM

?PR?_BT_UART_WRITE_FRAME?SYSTEM                  002CH    0002H      -----    -----
  +--> ?PR?_GET_CHECK_SUM?SYSTEM
  +--> ?PR?_BT_UART_WRITE_DATA?SYSTEM

?PR?_BT_UART_WRITE_DATA?SYSTEM                   002EH    0005H      -----    -----
  +--> ?PR?_UART_TRANSMIT_OUTPUT?PROTOCOL

?PR?_UART_TRANSMIT_OUTPUT?PROTOCOL               -----    -----      -----    -----
  +--> ?PR?_SEND_DATA?HC_MCU_XBR

?PR?PRODUCT_INFO_UPDATE?SYSTEM                   0014H    0001H      -----    -----
  +--> ?CO?SYSTEM
  +--> ?PR?_MY_STRLEN?MCU_API
  +--> ?PR?_SET_BT_UART_BUFFER?SYSTEM
  +--> ?PR?_BT_UART_WRITE_FRAME?SYSTEM

?PR?_MY_STRLEN?MCU_API                           0015H    0007H      -----    -----

?PR?_SET_BT_UART_BUFFER?SYSTEM                   001BH    0007H      -----    -----
  +--> ?PR?_MY_MEMCPY?MCU_API

?PR?_MY_MEMCPY?MCU_API                           0022H    0010H      -----    -----

?PR?GET_MCU_BT_MODE?SYSTEM                       -----    -----      -----    -----
  +--> ?PR?_BT_UART_WRITE_FRAME?SYSTEM

?PR?_DATA_POINT_HANDLE?SYSTEM                    0014H    0007H      -----    -----
  +--> ?PR?_GET_DOWMLOAD_DPID_INDEX?SYSTEM
  +--> ?PR?_DP_DOWNLOAD_HANDLE?PROTOCOL

?PR?_GET_DOWMLOAD_DPID_INDEX?SYSTEM              001BH    0001H      -----    -----
  +--> ?PR?GET_DOWNLOAD_CMD_TOTAL?PROTOCOL
BL51 BANKED LINKER/LOCATER V6.22                                                      10/13/2020  10:11:57  PAGE 7



?PR?_DP_DOWNLOAD_HANDLE?PROTOCOL                 001BH    0007H      -----    -----
  +--> ?PR?_DP_DOWNLOAD_SWITCH_LED_HANDLE?PR...
  +--> ?PR?RESET_BT_MODULE?PROTOCOL
  +--> ?PR?_DP_DOWNLOAD_BRIGHT_VALUE_HANDLE?...
  +--> ?PR?_DP_DOWNLOAD_CDS_HANDLE?PROTOCOL
  +--> ?PR?_DP_DOWNLOAD_PIR_DELAY_HANDLE?PRO...
  +--> ?PR?_DP_DOWNLOAD_SWITCH_XBR_HANDLE?PR...
  +--> ?PR?_DP_DOWNLOAD_STANDBY_TIME_HANDLE?...
  +--> ?PR?_DP_DOWNLOAD_SENSE_STRESS_HANDLE?...
  +--> ?PR?_DP_DOWNLOAD_ADDR_HANDLE?PROTOCOL
  +--> ?PR?_DP_DOWNLOAD_ADDREND_HANDLE?PROTOCOL
  +--> ?PR?_DP_DOWNLOAD_GROUP_HANDLE?PROTOCOL
  +--> ?PR?_DP_DOWNLOAD_TEST_BN0_HANDLE?PROT...
  +--> ?PR?_DP_DOWNLOAD_TEST_BN1_HANDLE?PROT...
  +--> ?PR?_DP_DOWNLOAD_TEST_BN2_HANDLE?PROT...
  +--> ?PR?_DP_DOWNLOAD_SWITCH_LED2_HANDLE?P...

?PR?_DP_DOWNLOAD_SWITCH_LED_HANDLE?PR...         -----    -----      -----    -----
  +--> ?PR?_MCU_GET_DP_DOWNLOAD_BOOL?MCU_API
  +--> ?PR?_MCU_DP_BOOL_UPDATE?MCU_API

?PR?_MCU_GET_DP_DOWNLOAD_BOOL?MCU_API            0024H    0002H      -----    -----

?PR?_MCU_DP_BOOL_UPDATE?MCU_API                  0024H    0001H      -----    -----
  +--> ?PR?_SET_BT_UART_BYTE?SYSTEM
  +--> ?PR?_BT_UART_WRITE_FRAME?SYSTEM

?PR?RESET_BT_MODULE?PROTOCOL                     -----    -----      -----    -----
  +--> ?PR?_SEND_DATA?HC_MCU_XBR

?PR?_DP_DOWNLOAD_BRIGHT_VALUE_HANDLE?...         0022H    0005H      -----    -----
  +--> ?PR?_MCU_GET_DP_DOWNLOAD_VALUE?MCU_API
  +--> ?PR?_MCU_DP_VALUE_MESH_UPDATE?MCU_API
  +--> ?PR?SAVEVAR?PROTOCOL
  +--> ?PR?_MCU_DP_VALUE_UPDATE?MCU_API

?PR?_MCU_GET_DP_DOWNLOAD_VALUE?MCU_API           0027H    0002H      -----    -----
  +--> ?PR?_BYTE_TO_INT?MCU_API

?PR?_BYTE_TO_INT?MCU_API                         0029H    0004H      -----    -----

?PR?_MCU_DP_VALUE_MESH_UPDATE?MCU_API            0027H    000BH      0080H    0011H
  +--> ?PR?_UART_TRANSMIT_OUTPUT?PROTOCOL

?PR?SAVEVAR?PROTOCOL                             -----    -----      -----    -----
  +--> ?PR?_FLASH_ERASEBLOCK?HC_MCU_XBR
  +--> ?PR?_DELAY_US_1?HC_MCU_XBR
  +--> ?PR?_FLASH_WRITEDATA?HC_MCU_XBR

?PR?_MCU_DP_VALUE_UPDATE?MCU_API                 0027H    0005H      -----    -----
  +--> ?PR?_SET_BT_UART_BYTE?SYSTEM
  +--> ?PR?_BT_UART_WRITE_FRAME?SYSTEM

?PR?_DP_DOWNLOAD_CDS_HANDLE?PROTOCOL             0022H    0002H      -----    -----
  +--> ?PR?_MCU_GET_DP_DOWNLOAD_ENUM?MCU_API
  +--> ?PR?_MCU_DP_ENUM_MESH_UPDATE?MCU_API
BL51 BANKED LINKER/LOCATER V6.22                                                      10/13/2020  10:11:57  PAGE 8


  +--> ?PR?SAVEVAR?PROTOCOL
  +--> ?PR?_MCU_DP_ENUM_UPDATE?MCU_API

?PR?_MCU_GET_DP_DOWNLOAD_ENUM?MCU_API            0024H    0002H      -----    -----

?PR?_MCU_DP_ENUM_MESH_UPDATE?MCU_API             0024H    0013H      -----    -----
  +--> ?PR?_UART_TRANSMIT_OUTPUT?PROTOCOL

?PR?_MCU_DP_ENUM_UPDATE?MCU_API                  0024H    0001H      -----    -----
  +--> ?PR?_SET_BT_UART_BYTE?SYSTEM
  +--> ?PR?_BT_UART_WRITE_FRAME?SYSTEM

?PR?_DP_DOWNLOAD_PIR_DELAY_HANDLE?PRO...         0022H    0005H      -----    -----
  +--> ?PR?_MCU_GET_DP_DOWNLOAD_VALUE?MCU_API
  +--> ?PR?_MCU_DP_VALUE_MESH_UPDATE?MCU_API
  +--> ?PR?SAVEVAR?PROTOCOL
  +--> ?PR?_MCU_DP_VALUE_UPDATE?MCU_API

?PR?_DP_DOWNLOAD_SWITCH_XBR_HANDLE?PR...         0022H    0002H      -----    -----
  +--> ?PR?_MCU_GET_DP_DOWNLOAD_BOOL?MCU_API
  +--> ?PR?_MCU_DP_BOOL_MESH_UPDATE?MCU_API
  +--> ?PR?SAVEVAR?PROTOCOL
  +--> ?PR?_MCU_DP_BOOL_UPDATE?MCU_API

?PR?_MCU_DP_BOOL_MESH_UPDATE?MCU_API             0024H    0013H      -----    -----
  +--> ?PR?_UART_TRANSMIT_OUTPUT?PROTOCOL

?PR?_DP_DOWNLOAD_STANDBY_TIME_HANDLE?...         0022H    0005H      -----    -----
  +--> ?PR?_MCU_GET_DP_DOWNLOAD_VALUE?MCU_API
  +--> ?PR?_MCU_DP_VALUE_MESH_UPDATE?MCU_API
  +--> ?PR?SAVEVAR?PROTOCOL
  +--> ?PR?_MCU_DP_VALUE_UPDATE?MCU_API

?PR?_DP_DOWNLOAD_SENSE_STRESS_HANDLE?...         0022H    0005H      -----    -----
  +--> ?PR?_MCU_GET_DP_DOWNLOAD_VALUE?MCU_API
  +--> ?PR?_MCU_DP_VALUE_MESH_UPDATE?MCU_API
  +--> ?PR?SAVEVAR?PROTOCOL
  +--> ?PR?_MCU_DP_VALUE_UPDATE?MCU_API

?PR?_DP_DOWNLOAD_ADDR_HANDLE?PROTOCOL            0022H    0004H      -----    -----
  +--> ?PR?_MCU_GET_DP_DOWNLOAD_VALUE?MCU_API
  +--> ?PR?_MCU_DP_VALUE_UPDATE?MCU_API

?PR?_DP_DOWNLOAD_ADDREND_HANDLE?PROTOCOL         0022H    0004H      -----    -----
  +--> ?PR?_MCU_GET_DP_DOWNLOAD_VALUE?MCU_API
  +--> ?PR?_MCU_DP_VALUE_UPDATE?MCU_API

?PR?_DP_DOWNLOAD_GROUP_HANDLE?PROTOCOL           0022H    0004H      -----    -----
  +--> ?PR?_MCU_GET_DP_DOWNLOAD_VALUE?MCU_API
  +--> ?PR?_MCU_DP_VALUE_UPDATE?MCU_API

?PR?_DP_DOWNLOAD_TEST_BN0_HANDLE?PROT...         -----    -----      -----    -----
  +--> ?PR?_MCU_GET_DP_DOWNLOAD_BOOL?MCU_API
  +--> ?PR?_MCU_DP_BOOL_UPDATE?MCU_API

?PR?_DP_DOWNLOAD_TEST_BN1_HANDLE?PROT...         -----    -----      -----    -----
  +--> ?PR?_MCU_GET_DP_DOWNLOAD_BOOL?MCU_API
BL51 BANKED LINKER/LOCATER V6.22                                                      10/13/2020  10:11:57  PAGE 9


  +--> ?PR?_MCU_DP_BOOL_UPDATE?MCU_API

?PR?_DP_DOWNLOAD_TEST_BN2_HANDLE?PROT...         -----    -----      -----    -----
  +--> ?PR?_MCU_GET_DP_DOWNLOAD_BOOL?MCU_API
  +--> ?PR?_MCU_DP_BOOL_UPDATE?MCU_API

?PR?_DP_DOWNLOAD_SWITCH_LED2_HANDLE?P...         0022H    0002H      -----    -----
  +--> ?PR?_MCU_GET_DP_DOWNLOAD_BOOL?MCU_API
  +--> ?PR?_MCU_DP_BOOL_MESH_UPDATE?MCU_API
  +--> ?PR?_PWM3INIT?HC_MCU_XBR
  +--> ?PR?_MCU_DP_BOOL_UPDATE?MCU_API

?PR?ALL_DATA_UPDATE?PROTOCOL                     0014H    0001H      -----    -----
  +--> ?PR?_MCU_DP_BOOL_UPDATE?MCU_API
  +--> ?PR?_MCU_DP_VALUE_UPDATE?MCU_API
  +--> ?PR?_MCU_DP_ENUM_UPDATE?MCU_API
  +--> ?CO?PROTOCOL
  +--> ?PR?_MCU_DP_STRING_UPDATE?MCU_API

?PR?_MCU_DP_STRING_UPDATE?MCU_API                0015H    0006H      -----    -----
  +--> ?PR?_SET_BT_UART_BYTE?SYSTEM
  +--> ?PR?_SET_BT_UART_BUFFER?SYSTEM
  +--> ?PR?_BT_UART_WRITE_FRAME?SYSTEM

?PR?XBRHANDLE?HC_MCU_XBR                         0008H    0002H      -----    -----
  +--> ?PR?_PWM3INIT?HC_MCU_XBR
  +--> ?PR?_READ_AD?HC_MCU_XBR
  +--> ?PR?_SEND_DATA?HC_MCU_XBR
  +--> ?PR?_DELAY_MS?HC_MCU_XBR

*** NEW ROOT ***************************************************

?PR?UART1_RPT?HC_MCU_XBR                         -----    -----      -----    -----
  +--> ?PR?_UART_RECEIVE_INPUT?MCU_API

?PR?_UART_RECEIVE_INPUT?MCU_API                  0037H    0001H      -----    -----



UNRESOLVED EXTERNAL SYMBOLS:
   RESET_BT_BN



SYMBOL TABLE OF MODULE:  .\Objects\HC-MCU-XBR (?C_STARTUP)

  VALUE           TYPE          NAME
  ----------------------------------

  -------         MODULE        ?C_STARTUP
  C:21D9H         SEGMENT       ?C_C51STARTUP
  I:0091H         SEGMENT       ?STACK
  C:0000H         PUBLIC        ?C_STARTUP
  D:00E0H         SYMBOL        ACC
  D:00F0H         SYMBOL        B
  D:0083H         SYMBOL        DPH
  D:0082H         SYMBOL        DPL
BL51 BANKED LINKER/LOCATER V6.22                                                      10/13/2020  10:11:57  PAGE 10


  N:0000H         SYMBOL        IBPSTACK
  N:0100H         SYMBOL        IBPSTACKTOP
  N:0080H         SYMBOL        IDATALEN
  C:21DCH         SYMBOL        IDATALOOP
  N:0000H         SYMBOL        PBPSTACK
  N:0100H         SYMBOL        PBPSTACKTOP
  N:0000H         SYMBOL        PDATALEN
  N:0000H         SYMBOL        PDATASTART
  N:0000H         SYMBOL        PPAGE
  N:0000H         SYMBOL        PPAGEENABLE
  D:00A0H         SYMBOL        PPAGE_SFR
  D:0081H         SYMBOL        SP
  C:21D9H         SYMBOL        STARTUP1
  N:0000H         SYMBOL        XBPSTACK
  N:0000H         SYMBOL        XBPSTACKTOP
  N:0000H         SYMBOL        XDATALEN
  N:0000H         SYMBOL        XDATASTART
  C:0000H         LINE#         126
  C:21D9H         LINE#         133
  C:21DBH         LINE#         134
  C:21DCH         LINE#         135
  C:21DDH         LINE#         136
  C:21DFH         LINE#         185
  C:21E2H         LINE#         196
  -------         ENDMOD        ?C_STARTUP

  -------         MODULE        HC_MCU_XBR
  C:0000H         SYMBOL        _ICE_DUMMY_
  X:FF08H         PUBLIC        P1M0
  X:FF01H         PUBLIC        P0M1
  X:FF10H         PUBLIC        P2M0
  X:FF02H         PUBLIC        P0M2
  D:0080H         PUBLIC        P0
  X:FF11H         PUBLIC        P2M1
  X:FF03H         PUBLIC        P0M3
  D:0090H         PUBLIC        P1
  X:FF12H         PUBLIC        P2M2
  D:00A0H         PUBLIC        P2
  X:0000H         PUBLIC        check_light_times
  X:FF13H         PUBLIC        P2M3
  X:0001H         PUBLIC        lowlight1minflag
  B:00A8H.7       PUBLIC        EA
  C:283AH         PUBLIC        UART1_Rpt
  C:001AH         PUBLIC        UART2_Rpt
  X:FE94H         PUBLIC        XTALCFG
  X:0002H         PUBLIC        SUM1_counter
  D:00A8H         PUBLIC        IE
  I:006AH         PUBLIC        check_group_flag
  B:0080H.0       PUBLIC        P0_0
  D:00FCH         PUBLIC        IAP_CMD
  X:0003H         PUBLIC        guc_Read_a1
  D:00F8H         PUBLIC        RSTFR
  B:0080H.4       PUBLIC        P0_4
  X:0004H         PUBLIC        lowlight1mincount
  X:0006H         PUBLIC        alarm_times
  X:FF91H         PUBLIC        PWM01_MAP
  C:0003H         PUBLIC        InitSYS
BL51 BANKED LINKER/LOCATER V6.22                                                      10/13/2020  10:11:57  PAGE 11


  X:0007H         PUBLIC        LIGHT_off
  X:FF95H         PUBLIC        PWM11_MAP
  X:FF99H         PUBLIC        PWM21_MAP
  X:FE89H         PUBLIC        S2CON2
  D:00B6H         PUBLIC        ADCR
  X:0009H         PUBLIC        TH
  X:FEA2H         PUBLIC        CRCC
  X:FE85H         PUBLIC        T5CON1
  X:000DH         PUBLIC        addr
  I:006BH         PUBLIC        check_group_count
  X:FFA5H         PUBLIC        SCK_MAP
  X:000EH         PUBLIC        SWITCHflag2
  X:000FH         PUBLIC        times
  X:0011H         PUBLIC        SUM0
  C:0FD5H         PUBLIC        main
  C:2CC0H         PUBLIC        GPIO_Init
  X:0015H         PUBLIC        SUM1
  X:FEA4H         PUBLIC        BORC
  X:0019H         PUBLIC        SUM2
  C:2CEDH         PUBLIC        _send_data
  X:001DH         PUBLIC        SWITCHfXBR
  D:00BBH         PUBLIC        LVDC
  X:FFA1H         PUBLIC        RXD_MAP
  X:FEA5H         PUBLIC        BORDBC
  X:FFA0H         PUBLIC        TXD_MAP
  X:FEA7H         PUBLIC        LVDDBC
  D:0099H         PUBLIC        SBUF
  X:FEB8H         PUBLIC        PINTE0
  C:2B44H         PUBLIC        _Delay_ms
  C:2BB9H         PUBLIC        _Flash_EraseBlock
  X:001EH         PUBLIC        lowlightDELAY_NUM
  X:001FH         PUBLIC        MAX_DELTA
  X:FEB9H         PUBLIC        PINTE1
  D:00BDH         PUBLIC        WDTC
  D:0098H         PUBLIC        SCON
  D:0089H         PUBLIC        TMOD
  D:0088H         PUBLIC        TCON
  X:0023H         PUBLIC        start_times
  X:0025H         PUBLIC        check_sum
  X:FE95H         PUBLIC        SPOV_RSTEN
  C:2D78H         PUBLIC        _Delay_us
  X:0026H         PUBLIC        lightvalue
  D:00B4H         PUBLIC        ADCC0
  C:003EH         PUBLIC        XBRHandle
  D:00B5H         PUBLIC        ADCC1
  X:FE9BH         PUBLIC        ADCC2
  C:2D11H         PUBLIC        ADC_Init
  X:FE91H         PUBLIC        CLKDIV
  D:00B8H         PUBLIC        IE1
  X:0027H         PUBLIC        light_ad
  X:0028H         PUBLIC        DELAY_NUM
  X:002AH         PUBLIC        send_byte
  X:FF80H         PUBLIC        T0_MAP
  C:2881H         PUBLIC        _read_ad
  X:FF81H         PUBLIC        T1_MAP
  X:FEAAH         PUBLIC        RSTDBC
  X:002BH         PUBLIC        resetbtcnt
BL51 BANKED LINKER/LOCATER V6.22                                                      10/13/2020  10:11:57  PAGE 12


  X:FF83H         PUBLIC        T3_MAP
  X:FF84H         PUBLIC        T4_MAP
  X:FF85H         PUBLIC        T5_MAP
  D:0056H         PUBLIC        Timer_Counter
  X:FEA0H         PUBLIC        WDTCCR
  D:005AH         PUBLIC        while_1flag
  D:005BH         PUBLIC        while_2flag
  C:1F60H         PUBLIC        TIMER1_Rpt
  C:2D8AH         PUBLIC        _Delay_us_1
  D:008CH         PUBLIC        TH0
  D:008DH         PUBLIC        TH1
  I:006CH         PUBLIC        groupaddr
  X:002CH         PUBLIC        stop_times
  X:002DH         PUBLIC        XRBoffbrightvalue
  D:00CEH         PUBLIC        TH4
  D:008AH         PUBLIC        TL0
  D:008BH         PUBLIC        TL1
  X:FE93H         PUBLIC        CLKOUT
  D:00CDH         PUBLIC        TL4
  X:002EH         PUBLIC        addrend
  D:00FBH         PUBLIC        IAP_DATA
  X:002FH         PUBLIC        SUM01
  X:0033H         PUBLIC        SUM10
  D:00F9H         PUBLIC        IAP_ADDR
  X:0037H         PUBLIC        SUM0_num
  D:008EH         PUBLIC        CLKSWR
  X:0038H         PUBLIC        SUM1_num
  C:2B6CH         PUBLIC        _FLASH_WriteData
  X:0039H         PUBLIC        slowchcnt
  X:003AH         PUBLIC        calc_average_times
  I:007CH         PUBLIC        light1sflag
  X:003BH         PUBLIC        switchcnt
  X:003CH         PUBLIC        SUM16
  C:2B15H         PUBLIC        _PWM3init
  X:0040H         PUBLIC        average
  X:0042H         PUBLIC        guc_Read_a
  X:FFA9H         PUBLIC        RXD2_MAP
  X:004CH         PUBLIC        ALL_SUM1
  X:FFA8H         PUBLIC        TXD2_MAP
  X:FE98H         PUBLIC        ADCWC
  X:FE8AH         PUBLIC        S2BUF
  X:FF90H         PUBLIC        PWM0_MAP
  C:2AE4H         PUBLIC        UART1_Init
  X:FFA4H         PUBLIC        SS_MAP
  X:FF94H         PUBLIC        PWM1_MAP
  X:FF98H         PUBLIC        PWM2_MAP
  X:FE88H         PUBLIC        S2CON
  X:FE80H         PUBLIC        TCON1
  D:009EH         PUBLIC        SCON2
  X:FF9CH         PUBLIC        PWM3_MAP
  C:2373H         PUBLIC        wait1
  C:2477H         PUBLIC        wait2
  X:FF8FH         PUBLIC        CLKO_MAP
  X:FEBCH         PUBLIC        INT01_PINS
  D:00CCH         PUBLIC        T4CON
  X:FE92H         PUBLIC        FREQ_CLK
  D:00DDH         PUBLIC        PWM3C
BL51 BANKED LINKER/LOCATER V6.22                                                      10/13/2020  10:11:57  PAGE 13


  D:00DFH         PUBLIC        PWM3D
  I:007EH         PUBLIC        light1scount
  X:0050H         PUBLIC        devgroup
  X:0051H         PUBLIC        SWITCHflag
  X:0052H         PUBLIC        light_ad0
  X:FEB0H         PUBLIC        PITS0
  X:FF05H         PUBLIC        P0LPU
  X:FEB1H         PUBLIC        PITS1
  X:FEB2H         PUBLIC        PITS2
  X:FEB3H         PUBLIC        PITS3
  X:0053H         PUBLIC        SUM
  C:2A7BH         PUBLIC        _Flash_ReadArr
  X:0057H         PUBLIC        LIGHT_TH
  C:1372H         PUBLIC        set_var
  X:FFA7H         PUBLIC        MISO_MAP
  X:FFA6H         PUBLIC        MOSI_MAP
  D:00DEH         PUBLIC        PWM3P
  X:0058H         PUBLIC        LIGHT
  C:2C84H         PUBLIC        Timer_Init
  X:FF40H         PUBLIC        P00DBC
  D:00D0H         PUBLIC        PSW
  X:FF41H         PUBLIC        P01DBC
  X:005AH         PUBLIC        RXnum
  X:FF42H         PUBLIC        P02DBC
  X:FF00H         PUBLIC        P0M0
  -------         PROC          _FLASH_READARR
  D:0008H         SYMBOL        fui_Address
  D:0005H         SYMBOL        fuc_Length
  D:000AH         SYMBOL        fucp_SaveArr
  C:2A7BH         LINE#         114
  C:2A85H         LINE#         115
  C:2A85H         LINE#         116
  C:2A8BH         LINE#         117
  C:2AB1H         LINE#         118
  -------         ENDPROC       _FLASH_READARR
  -------         PROC          _DELAY_US
  D:0006H         SYMBOL        q
  -------         DO            
  D:0004H         SYMBOL        j
  -------         ENDDO         
  C:2D78H         LINE#         120
  C:2D78H         LINE#         121
  C:2D78H         LINE#         123
  C:2D82H         LINE#         124
  C:2D82H         LINE#         126
  C:2D89H         LINE#         127
  -------         ENDPROC       _DELAY_US
  -------         PROC          _DELAY_MS
  D:0082H         SYMBOL        t
  C:2B44H         LINE#         129
  C:2B48H         LINE#         130
  C:2B48H         LINE#         131
  C:2B51H         LINE#         132
  C:2B66H         LINE#         133
  C:2B66H         LINE#         134
  C:2B69H         LINE#         135
  C:2B6BH         LINE#         137
BL51 BANKED LINKER/LOCATER V6.22                                                      10/13/2020  10:11:57  PAGE 14


  -------         ENDPROC       _DELAY_MS
  -------         PROC          _DELAY_US_1
  D:0006H         SYMBOL        q1
  -------         DO            
  D:0004H         SYMBOL        j
  -------         ENDDO         
  C:2D8AH         LINE#         139
  C:2D8AH         LINE#         140
  C:2D8AH         LINE#         142
  C:2D94H         LINE#         143
  C:2D94H         LINE#         145
  C:2D9BH         LINE#         146
  -------         ENDPROC       _DELAY_US_1
  -------         PROC          INITSYS
  C:0003H         LINE#         165
  C:0003H         LINE#         166
  C:0003H         LINE#         169
  C:0006H         LINE#         170
  C:000CH         LINE#         171
  C:0010H         LINE#         179
  C:0013H         LINE#         180
  C:0019H         LINE#         182
  -------         ENDPROC       INITSYS
  -------         PROC          TIMER_INIT
  C:2C84H         LINE#         190
  C:2C84H         LINE#         191
  C:2C84H         LINE#         193
  C:2C89H         LINE#         194
  C:2C8CH         LINE#         206
  C:2C8FH         LINE#         207
  C:2C92H         LINE#         208
  C:2C95H         LINE#         209
  C:2C98H         LINE#         213
  C:2C9BH         LINE#         214
  C:2C9EH         LINE#         216
  C:2CA1H         LINE#         217
  -------         ENDPROC       TIMER_INIT
  -------         PROC          UART1_INIT
  C:2AE4H         LINE#         225
  C:2AE4H         LINE#         226
  C:2AE4H         LINE#         228
  C:2AEDH         LINE#         229
  C:2AF6H         LINE#         230
  C:2AF8H         LINE#         231
  C:2AFEH         LINE#         232
  C:2B02H         LINE#         233
  C:2B05H         LINE#         250
  C:2B08H         LINE#         251
  C:2B0BH         LINE#         252
  C:2B0EH         LINE#         253
  C:2B11H         LINE#         254
  C:2B14H         LINE#         256
  -------         ENDPROC       UART1_INIT
  -------         PROC          ADC_INIT
  C:2D11H         LINE#         264
  C:2D11H         LINE#         265
  C:2D11H         LINE#         267
BL51 BANKED LINKER/LOCATER V6.22                                                      10/13/2020  10:11:57  PAGE 15


  C:2D14H         LINE#         268
  C:2D17H         LINE#         269
  C:2D1EH         LINE#         270
  C:2D21H         LINE#         271
  C:2D27H         LINE#         272
  -------         ENDPROC       ADC_INIT
  -------         PROC          GPIO_INIT
  C:2CC0H         LINE#         280
  C:2CC0H         LINE#         281
  C:2CC0H         LINE#         321
  C:2CC9H         LINE#         323
  C:2CD2H         LINE#         325
  C:2CDBH         LINE#         339
  -------         ENDPROC       GPIO_INIT
  -------         PROC          L?0182
  -------         ENDPROC       L?0182
  -------         PROC          _SEND_DATA
  D:0007H         SYMBOL        d
  C:2CEDH         LINE#         494
  C:2CEDH         LINE#         495
  C:2CEDH         LINE#         496
  C:2CEFH         LINE#         497
  C:2CF4H         LINE#         498
  C:2CF7H         LINE#         499
  -------         ENDPROC       _SEND_DATA
  -------         PROC          _READ_AD
  D:0007H         SYMBOL        ch
  -------         DO            
  D:0001H         SYMBOL        i
  D:0002H         SYMBOL        ad_sum
  -------         ENDDO         
  C:2881H         LINE#         501
  C:2881H         LINE#         502
  C:2881H         LINE#         529
  C:2883H         LINE#         530
  C:2886H         LINE#         531
  C:288BH         LINE#         532
  C:288EH         LINE#         539
  C:2895H         LINE#         541
  C:2898H         LINE#         545
  C:2899H         LINE#         546
  C:2899H         LINE#         559
  C:289CH         LINE#         560
  C:28A1H         LINE#         561
  C:28A4H         LINE#         562
  C:28ACH         LINE#         564
  C:28B3H         LINE#         565
  C:28B7H         LINE#         568
  C:28BAH         LINE#         569
  C:28BCH         LINE#         571
  C:28C3H         LINE#         572
  C:28C5H         LINE#         574
  -------         ENDPROC       _READ_AD
  -------         PROC          SET_VAR
  C:1372H         LINE#         576
  C:1372H         LINE#         577
  C:1372H         LINE#         579
BL51 BANKED LINKER/LOCATER V6.22                                                      10/13/2020  10:11:57  PAGE 16


  C:1381H         LINE#         581
  C:1390H         LINE#         582
  C:13A9H         LINE#         583
  C:13D2H         LINE#         584
  C:13F0H         LINE#         585
  C:142CH         LINE#         588
  C:1434H         LINE#         590
  C:1438H         LINE#         592
  C:1442H         LINE#         594
  C:144FH         LINE#         595
  C:1458H         LINE#         596
  C:146AH         LINE#         597
  C:1484H         LINE#         600
  C:148CH         LINE#         602
  C:1490H         LINE#         604
  C:1498H         LINE#         605
  C:14A6H         LINE#         607
  C:14B0H         LINE#         614
  C:14BFH         LINE#         615
  C:14C7H         LINE#         616
  -------         ENDPROC       SET_VAR
  -------         PROC          XBRHANDLE
  -------         DO            
  D:0008H         SYMBOL        k
  -------         ENDDO         
  C:003EH         LINE#         619
  C:003EH         LINE#         620
  C:003EH         LINE#         626
  C:0045H         LINE#         627
  C:0045H         LINE#         639
  C:0048H         LINE#         640
  C:004DH         LINE#         641
  C:0050H         LINE#         642
  C:0056H         LINE#         644
  C:0064H         LINE#         646
  C:0089H         LINE#         649
  C:00A6H         LINE#         650
  C:00B1H         LINE#         651
  C:00D6H         LINE#         653
  C:00E2H         LINE#         654
  C:00E2H         LINE#         655
  C:00F1H         LINE#         656
  C:00F1H         LINE#         660
  C:00F9H         LINE#         661
  C:00F9H         LINE#         662
  C:00FDH         LINE#         663
  C:0103H         LINE#         664
  C:0103H         LINE#         665
  C:0106H         LINE#         666
  C:0106H         LINE#         667
  C:0106H         LINE#         668
  C:0106H         LINE#         669
  C:0108H         LINE#         670
  C:011AH         LINE#         671
  C:011AH         LINE#         672
  C:0128H         LINE#         673
  C:0128H         LINE#         674
BL51 BANKED LINKER/LOCATER V6.22                                                      10/13/2020  10:11:57  PAGE 17


  C:0131H         LINE#         675
  C:0141H         LINE#         676
  C:0141H         LINE#         677
  C:0149H         LINE#         678
  C:0149H         LINE#         679
  C:0149H         LINE#         681
  C:0155H         LINE#         682
  C:0155H         LINE#         684
  C:0158H         LINE#         686
  C:015CH         LINE#         688
  C:0162H         LINE#         690
  C:0190H         LINE#         692
  C:0199H         LINE#         693
  C:0199H         LINE#         694
  C:019BH         LINE#         696
  C:01B4H         LINE#         698
  C:01CAH         LINE#         699
  C:01D2H         LINE#         700
  C:01DCH         LINE#         701
  C:01DCH         LINE#         703
  C:01E5H         LINE#         704
  C:01E5H         LINE#         705
  C:01E8H         LINE#         706
  C:01EAH         LINE#         708
  C:01EAH         LINE#         709
  C:01F4H         LINE#         710
  C:01F4H         LINE#         712
  C:01FEH         LINE#         714
  C:022BH         LINE#         715
  C:0233H         LINE#         717
  C:023BH         LINE#         719
  C:0240H         LINE#         720
  C:0240H         LINE#         721
  C:0240H         LINE#         723
  C:0259H         LINE#         724
  C:0259H         LINE#         725
  C:0279H         LINE#         726
  C:02A8H         LINE#         727
  C:02A8H         LINE#         729
  C:02AEH         LINE#         730
  C:02AEH         LINE#         731
  C:02C2H         LINE#         732
  C:02CCH         LINE#         734
  C:02CCH         LINE#         736
  C:0342H         LINE#         737
  C:0342H         LINE#         738
  C:0348H         LINE#         739
  C:036DH         LINE#         740
  C:038DH         LINE#         741
  C:03A6H         LINE#         742
  C:03CBH         LINE#         743
  C:03F0H         LINE#         745
  C:0412H         LINE#         746
  C:0412H         LINE#         747
  C:043EH         LINE#         748
  C:0462H         LINE#         749
  C:0485H         LINE#         753
BL51 BANKED LINKER/LOCATER V6.22                                                      10/13/2020  10:11:57  PAGE 18


  C:0485H         LINE#         754
  C:048BH         LINE#         755
  C:048BH         LINE#         757
  C:04BFH         LINE#         758
  C:04BFH         LINE#         759
  C:04CAH         LINE#         760
  C:04CAH         LINE#         761
  C:04E3H         LINE#         762
  C:0514H         LINE#         763
  C:0514H         LINE#         764
  C:0542H         LINE#         765
  C:055FH         LINE#         766
  C:055FH         LINE#         767
  C:055FH         LINE#         768
  C:055FH         LINE#         769
  C:055FH         LINE#         770
  C:0562H         LINE#         772
  C:0572H         LINE#         773
  C:0572H         LINE#         781
  C:05A3H         LINE#         782
  C:05A3H         LINE#         783
  C:05CFH         LINE#         785
  C:060DH         LINE#         787
  C:060DH         LINE#         788
  C:0615H         LINE#         789
  C:0615H         LINE#         790
  C:0615H         LINE#         791
  C:0615H         LINE#         792
  C:0617H         LINE#         794
  C:0617H         LINE#         795
  C:063BH         LINE#         796
  C:065FH         LINE#         797
  C:0662H         LINE#         798
  C:066FH         LINE#         799
  C:066FH         LINE#         800
  C:069DH         LINE#         801
  C:06BAH         LINE#         802
  C:06BAH         LINE#         803
  C:06BAH         LINE#         804
  C:06BAH         LINE#         805
  C:06BAH         LINE#         812
  C:06C7H         LINE#         813
  C:06C7H         LINE#         814
  C:06C8H         LINE#         815
  C:06C8H         LINE#         816
  C:06C8H         LINE#         817
  C:06C8H         LINE#         818
  C:06CAH         LINE#         820
  C:06CAH         LINE#         821
  C:06CFH         LINE#         822
  C:06D9H         LINE#         823
  C:06D9H         LINE#         870
  C:06E5H         LINE#         871
  C:06E5H         LINE#         872
  C:06E8H         LINE#         873
  C:076AH         LINE#         874
  C:076DH         LINE#         876
BL51 BANKED LINKER/LOCATER V6.22                                                      10/13/2020  10:11:57  PAGE 19


  C:076DH         LINE#         878
  C:077FH         LINE#         879
  C:077FH         LINE#         880
  C:078BH         LINE#         882
  C:079BH         LINE#         883
  C:079BH         LINE#         891
  C:07B7H         LINE#         892
  C:07B7H         LINE#         893
  C:07C1H         LINE#         894
  C:07C3H         LINE#         896
  C:07C3H         LINE#         897
  C:07EFH         LINE#         898
  C:080BH         LINE#         899
  C:080BH         LINE#         900
  C:082EH         LINE#         901
  C:082EH         LINE#         903
  C:082EH         LINE#         905
  C:082EH         LINE#         907
  C:082EH         LINE#         913
  C:082EH         LINE#         915
  C:082EH         LINE#         917
  C:0866H         LINE#         918
  C:0866H         LINE#         923
  C:0882H         LINE#         924
  C:0882H         LINE#         933
  C:0882H         LINE#         934
  C:08A0H         LINE#         935
  C:08A8H         LINE#         954
  C:08ADH         LINE#         956
  C:08B3H         LINE#         957
  C:08BAH         LINE#         958
  C:08BFH         LINE#         959
  C:08C4H         LINE#         962
  C:08C4H         LINE#         963
  C:08C4H         LINE#         965
  C:08C4H         LINE#         967
  C:08C4H         LINE#         969
  C:08D6H         LINE#         970
  C:08E9H         LINE#         971
  C:08F1H         LINE#         972
  C:08F6H         LINE#         973
  C:08FBH         LINE#         974
  C:0911H         LINE#         975
  C:0927H         LINE#         977
  C:0931H         LINE#         978
  C:093BH         LINE#         980
  C:094BH         LINE#         981
  C:094BH         LINE#         992
  C:095AH         LINE#         993
  C:095AH         LINE#         994
  C:0961H         LINE#         995
  C:0964H         LINE#         998
  C:0964H         LINE#         999
  C:0964H         LINE#         1002
  C:0964H         LINE#         1005
  C:0965H         LINE#         1007
  C:0965H         LINE#         1008
BL51 BANKED LINKER/LOCATER V6.22                                                      10/13/2020  10:11:57  PAGE 20


  C:096DH         LINE#         1009
  C:0970H         LINE#         1019
  C:0976H         LINE#         1020
  C:097AH         LINE#         1025
  C:0980H         LINE#         1033
  C:098AH         LINE#         1034
  C:098FH         LINE#         1035
  C:0995H         LINE#         1037
  C:099BH         LINE#         1039
  C:09A1H         LINE#         1041
  C:09A6H         LINE#         1042
  C:09B0H         LINE#         1046
  C:09B0H         LINE#         1048
  -------         ENDPROC       XBRHANDLE
  -------         PROC          WAIT1
  -------         DO            
  D:0008H         SYMBOL        i
  D:0009H         SYMBOL        j
  -------         ENDDO         
  C:2373H         LINE#         1051
  C:2373H         LINE#         1052
  C:2373H         LINE#         1056
  C:2376H         LINE#         1057
  C:2376H         LINE#         1058
  C:2376H         LINE#         1059
  C:2380H         LINE#         1079
  C:2383H         LINE#         1080
  C:2383H         LINE#         1082
  C:2386H         LINE#         1083
  C:238BH         LINE#         1084
  C:238EH         LINE#         1087
  C:23B5H         LINE#         1089
  C:23BCH         LINE#         1110
  C:23C3H         LINE#         1116
  C:23D8H         LINE#         1117
  C:23EBH         LINE#         1119
  C:23EDH         LINE#         1121
  C:23F5H         LINE#         1124
  -------         ENDPROC       WAIT1
  -------         PROC          WAIT2
  -------         DO            
  D:0008H         SYMBOL        i
  D:0009H         SYMBOL        k
  D:000BH         SYMBOL        t
  -------         ENDDO         
  C:2477H         LINE#         1125
  C:2477H         LINE#         1126
  C:2477H         LINE#         1131
  C:2481H         LINE#         1134
  C:2484H         LINE#         1135
  C:2484H         LINE#         1136
  C:2489H         LINE#         1137
  C:2489H         LINE#         1148
  C:248CH         LINE#         1149
  C:2491H         LINE#         1150
  C:2494H         LINE#         1151
  C:249AH         LINE#         1153
BL51 BANKED LINKER/LOCATER V6.22                                                      10/13/2020  10:11:57  PAGE 21


  C:24BFH         LINE#         1155
  C:24CFH         LINE#         1156
  C:24D2H         LINE#         1158
  C:24D9H         LINE#         1160
  C:24F4H         LINE#         1167
  -------         ENDPROC       WAIT2
  -------         PROC          _PWM3INIT
  D:0007H         SYMBOL        ab
  -------         DO            
  D:0004H         SYMBOL        i11
  D:0007H         SYMBOL        j11
  -------         ENDDO         
  C:2B15H         LINE#         1169
  C:2B15H         LINE#         1170
  C:2B15H         LINE#         1173
  C:2B30H         LINE#         1174
  C:2B33H         LINE#         1188
  C:2B39H         LINE#         1197
  C:2B3CH         LINE#         1204
  C:2B3EH         LINE#         1205
  C:2B41H         LINE#         1207
  C:2B43H         LINE#         1208
  -------         ENDPROC       _PWM3INIT
  -------         PROC          MAIN
  C:0FD5H         LINE#         1216
  C:0FD5H         LINE#         1217
  C:0FD5H         LINE#         1219
  C:0FD8H         LINE#         1220
  C:0FDBH         LINE#         1221
  C:0FDEH         LINE#         1224
  C:0FE3H         LINE#         1225
  C:0FE6H         LINE#         1226
  C:0FE9H         LINE#         1227
  C:0FECH         LINE#         1229
  C:0FEFH         LINE#         1233
  C:0FF5H         LINE#         1234
  C:0FF8H         LINE#         1236
  C:0FFAH         LINE#         1238
  C:1001H         LINE#         1241
  C:1006H         LINE#         1242
  C:100CH         LINE#         1243
  C:1016H         LINE#         1244
  C:101AH         LINE#         1246
  C:101CH         LINE#         1247
  C:101FH         LINE#         1263
  C:1025H         LINE#         1265
  C:102CH         LINE#         1266
  C:1033H         LINE#         1267
  C:103FH         LINE#         1268
  C:1046H         LINE#         1270
  C:1048H         LINE#         1272
  C:104BH         LINE#         1274
  C:1054H         LINE#         1276
  C:1057H         LINE#         1279
  C:105EH         LINE#         1281
  C:1061H         LINE#         1283
  C:106BH         LINE#         1284
BL51 BANKED LINKER/LOCATER V6.22                                                      10/13/2020  10:11:57  PAGE 22


  C:106BH         LINE#         1285
  C:106BH         LINE#         1286
  C:1074H         LINE#         1287
  C:1074H         LINE#         1288
  C:1076H         LINE#         1289
  C:107BH         LINE#         1290
  C:1080H         LINE#         1291
  C:1085H         LINE#         1292
  C:108AH         LINE#         1293
  C:108FH         LINE#         1294
  C:1092H         LINE#         1295
  C:1097H         LINE#         1297
  C:1097H         LINE#         1298
  C:109FH         LINE#         1299
  C:109FH         LINE#         1300
  C:10A5H         LINE#         1301
  C:10A5H         LINE#         1302
  C:10A6H         LINE#         1303
  C:10A8H         LINE#         1305
  C:10ADH         LINE#         1306
  C:10B2H         LINE#         1307
  C:10B7H         LINE#         1308
  C:10BCH         LINE#         1309
  C:10C1H         LINE#         1310
  C:10C4H         LINE#         1311
  C:10C9H         LINE#         1314
  C:10C9H         LINE#         1317
  C:10C9H         LINE#         1318
  C:10CCH         LINE#         1321
  C:10D0H         LINE#         1322
  C:10D0H         LINE#         1323
  C:10D8H         LINE#         1324
  C:10DBH         LINE#         1325
  C:10DBH         LINE#         1327
  C:10E6H         LINE#         1328
  C:10E6H         LINE#         1329
  C:10EAH         LINE#         1330
  C:10EAH         LINE#         1331
  C:10ECH         LINE#         1333
  C:10EFH         LINE#         1334
  C:10F7H         LINE#         1337
  C:1101H         LINE#         1338
  C:1106H         LINE#         1339
  C:110CH         LINE#         1341
  C:1112H         LINE#         1343
  C:1118H         LINE#         1345
  C:111DH         LINE#         1346
  C:1127H         LINE#         1347
  C:1127H         LINE#         1349
  C:112AH         LINE#         1351
  C:1139H         LINE#         1352
  C:1139H         LINE#         1353
  C:1140H         LINE#         1354
  C:1140H         LINE#         1355
  C:1142H         LINE#         1356
  C:1150H         LINE#         1357
  C:1163H         LINE#         1358
BL51 BANKED LINKER/LOCATER V6.22                                                      10/13/2020  10:11:57  PAGE 23


  C:1163H         LINE#         1359
  C:1167H         LINE#         1360
  C:116BH         LINE#         1362
  C:116BH         LINE#         1363
  C:116BH         LINE#         1364
  C:116BH         LINE#         1365
  C:117DH         LINE#         1366
  C:117DH         LINE#         1367
  C:1189H         LINE#         1368
  C:1189H         LINE#         1369
  C:118CH         LINE#         1370
  C:1198H         LINE#         1377
  C:1198H         LINE#         1378
  C:1198H         LINE#         1380
  C:119BH         LINE#         1382
  C:119BH         LINE#         1383
  C:119EH         LINE#         1384
  C:11A4H         LINE#         1385
  C:11A4H         LINE#         1386
  C:11A8H         LINE#         1387
  C:11ABH         LINE#         1389
  C:11ABH         LINE#         1390
  C:11B3H         LINE#         1392
  C:11B6H         LINE#         1394
  C:11BEH         LINE#         1398
  C:11C8H         LINE#         1399
  C:11CDH         LINE#         1400
  C:11D3H         LINE#         1402
  C:11D9H         LINE#         1404
  C:11DFH         LINE#         1406
  C:11E4H         LINE#         1407
  C:11EEH         LINE#         1409
  C:11EEH         LINE#         1412
  C:11EEH         LINE#         1414
  -------         ENDPROC       MAIN
  -------         PROC          TIMER1_RPT
  C:1F60H         LINE#         1433
  C:1F7DH         LINE#         1436
  C:1F96H         LINE#         1438
  C:1FA4H         LINE#         1439
  C:1FBBH         LINE#         1440
  C:1FBBH         LINE#         1441
  C:1FC2H         LINE#         1442
  C:1FC7H         LINE#         1443
  C:1FC7H         LINE#         1444
  C:1FCFH         LINE#         1445
  C:1FDBH         LINE#         1446
  C:1FDBH         LINE#         1447
  C:1FDFH         LINE#         1448
  C:1FE6H         LINE#         1449
  C:1FEDH         LINE#         1450
  C:1FEDH         LINE#         1453
  -------         ENDPROC       TIMER1_RPT
  -------         PROC          UART1_RPT
  -------         DO            
  D:0007H         SYMBOL        i
  -------         ENDDO         
BL51 BANKED LINKER/LOCATER V6.22                                                      10/13/2020  10:11:57  PAGE 24


  C:283AH         LINE#         1462
  C:2857H         LINE#         1467
  C:285CH         LINE#         1468
  C:285CH         LINE#         1469
  C:285EH         LINE#         1470
  C:2861H         LINE#         1471
  C:2864H         LINE#         1472
  C:2866H         LINE#         1473
  C:2866H         LINE#         1474
  -------         ENDPROC       UART1_RPT
  -------         PROC          UART2_RPT
  C:001AH         LINE#         1476
  C:001AH         LINE#         1478
  -------         ENDPROC       UART2_RPT
  -------         PROC          _FLASH_ERASEBLOCK
  D:0006H         SYMBOL        fui_Address
  C:2BB9H         LINE#         1485
  C:2BB9H         LINE#         1486
  C:2BB9H         LINE#         1487
  C:2BB9H         LINE#         1488
  C:2BB9H         LINE#         1489
  C:2BBCH         LINE#         1490
  C:2BBEH         LINE#         1491
  C:2BC3H         LINE#         1493
  C:2BC5H         LINE#         1494
  C:2BC7H         LINE#         1495
  C:2BCDH         LINE#         1496
  C:2BD1H         LINE#         1497
  C:2BD7H         LINE#         1498
  C:2BDDH         LINE#         1500
  -------         ENDPROC       _FLASH_ERASEBLOCK
  -------         PROC          _FLASH_WRITEDATA
  D:0007H         SYMBOL        fuc_SaveData
  D:0004H         SYMBOL        fui_Address
  C:2B6CH         LINE#         1510
  C:2B6CH         LINE#         1511
  C:2B6CH         LINE#         1512
  C:2B6CH         LINE#         1513
  C:2B6CH         LINE#         1514
  C:2B6FH         LINE#         1515
  C:2B71H         LINE#         1516
  C:2B76H         LINE#         1518
  C:2B78H         LINE#         1519
  C:2B7AH         LINE#         1520
  C:2B7CH         LINE#         1521
  C:2B82H         LINE#         1522
  C:2B86H         LINE#         1523
  C:2B8CH         LINE#         1524
  C:2B92H         LINE#         1526
  -------         ENDPROC       _FLASH_WRITEDATA
  -------         ENDMOD        HC_MCU_XBR

  -------         MODULE        MCU_API
  C:0000H         SYMBOL        _ICE_DUMMY_
  D:0080H         PUBLIC        P0
  D:0090H         PUBLIC        P1
  D:00A0H         PUBLIC        P2
BL51 BANKED LINKER/LOCATER V6.22                                                      10/13/2020  10:11:57  PAGE 25


  C:2265H         PUBLIC        _mcu_dp_bool_mesh_update
  C:2DABH         PUBLIC        mcu_reset_bt
  C:1EAEH         PUBLIC        _mcu_dp_enum_mesh_update
  D:00A8H         PUBLIC        IE
  C:26F2H         PUBLIC        _mcu_dp_raw_update
  D:00F8H         PUBLIC        RSTFR
  C:24F5H         PUBLIC        _hex_to_bcd
  C:2566H         PUBLIC        _uart_receive_input
  C:2DD9H         PUBLIC        mcu_get_reset_bt_flag
  C:2008H         PUBLIC        _byte_to_int
  C:28C6H         PUBLIC        _int_to_byte
  D:0098H         PUBLIC        SCON
  D:0088H         PUBLIC        TCON
  D:00B8H         PUBLIC        IE1
  C:2CF8H         PUBLIC        bt_protocol_init
  C:2DDFH         PUBLIC        mcu_get_bt_work_state
  C:11F1H         PUBLIC        bt_uart_service
  C:1AE2H         PUBLIC        _my_memcpy
  C:298DH         PUBLIC        _my_memset
  C:2DC9H         PUBLIC        _mcu_get_dp_download_value
  C:2745H         PUBLIC        _mcu_dp_string_update
  C:19FAH         PUBLIC        _mcu_dp_fault_update
  C:269DH         PUBLIC        _my_strlen
  C:2143H         PUBLIC        _mcu_dp_value_update
  C:2DB7H         PUBLIC        _mcu_get_dp_download_bool
  C:27EBH         PUBLIC        _mcu_dp_bool_update
  C:2DC0H         PUBLIC        _mcu_get_dp_download_enum
  C:1C7FH         PUBLIC        _mcu_dp_value_mesh_update
  D:00D0H         PUBLIC        PSW
  C:2909H         PUBLIC        _mcu_dp_enum_update
  -------         PROC          _HEX_TO_BCD
  D:0007H         SYMBOL        Value_H
  D:0005H         SYMBOL        Value_L
  -------         DO            
  D:0007H         SYMBOL        bcd_value
  -------         ENDDO         
  C:24F5H         LINE#         29
  C:24F5H         LINE#         30
  C:24F5H         LINE#         33
  C:2501H         LINE#         34
  C:2507H         LINE#         35
  C:2513H         LINE#         36
  C:2519H         LINE#         37
  C:2525H         LINE#         38
  C:2529H         LINE#         40
  C:252CH         LINE#         42
  C:2530H         LINE#         43
  C:253CH         LINE#         44
  C:2542H         LINE#         45
  C:254EH         LINE#         46
  C:2550H         LINE#         47
  C:255CH         LINE#         48
  C:2560H         LINE#         50
  C:2565H         LINE#         52
  C:2565H         LINE#         53
  -------         ENDPROC       _HEX_TO_BCD
  -------         PROC          _MY_STRLEN
BL51 BANKED LINKER/LOCATER V6.22                                                      10/13/2020  10:11:57  PAGE 26


  D:0015H         SYMBOL        str
  -------         DO            
  D:0018H         SYMBOL        len
  -------         ENDDO         
  C:269DH         LINE#         60
  C:26A3H         LINE#         61
  C:26A3H         LINE#         62
  C:26ACH         LINE#         63
  C:26B1H         LINE#         64
  C:26B1H         LINE#         65
  C:26B6H         LINE#         66
  C:26B6H         LINE#         68
  C:26D2H         LINE#         69
  C:26D2H         LINE#         70
  C:26E7H         LINE#         71
  C:26E9H         LINE#         73
  C:26F1H         LINE#         74
  -------         ENDPROC       _MY_STRLEN
  -------         PROC          _MY_MEMSET
  D:0038H         SYMBOL        src
  D:0005H         SYMBOL        ch
  D:003CH         SYMBOL        count
  -------         DO            
  D:003EH         SYMBOL        tmp
  -------         ENDDO         
  C:298DH         LINE#         83
  C:2993H         LINE#         84
  C:2993H         LINE#         85
  C:2999H         LINE#         87
  C:299EH         LINE#         88
  C:299EH         LINE#         89
  C:29A2H         LINE#         90
  C:29A2H         LINE#         92
  C:29AFH         LINE#         93
  C:29AFH         LINE#         94
  C:29C1H         LINE#         95
  C:29C3H         LINE#         97
  C:29C9H         LINE#         98
  -------         ENDPROC       _MY_MEMSET
  -------         PROC          _MY_MEMCPY
  D:0022H         SYMBOL        dest
  D:0025H         SYMBOL        src
  D:0028H         SYMBOL        count
  -------         DO            
  D:002AH         SYMBOL        pdest
  D:002DH         SYMBOL        psrc
  D:0030H         SYMBOL        i
  -------         ENDDO         
  C:1AE2H         LINE#         107
  C:1AE8H         LINE#         108
  C:1AE8H         LINE#         109
  C:1AEEH         LINE#         110
  C:1AF7H         LINE#         113
  C:1B04H         LINE#         114
  C:1B04H         LINE#         115
  C:1B0BH         LINE#         116
  C:1B0BH         LINE#         118
BL51 BANKED LINKER/LOCATER V6.22                                                      10/13/2020  10:11:57  PAGE 27


  C:1B35H         LINE#         119
  C:1B35H         LINE#         120
  C:1B45H         LINE#         121
  C:1B45H         LINE#         122
  C:1B63H         LINE#         123
  C:1B6DH         LINE#         124
  C:1B6DH         LINE#         126
  C:1B6DH         LINE#         127
  C:1B7EH         LINE#         128
  C:1B7EH         LINE#         129
  C:1BA2H         LINE#         130
  C:1BACH         LINE#         131
  C:1BACH         LINE#         133
  C:1BB2H         LINE#         134
  -------         ENDPROC       _MY_MEMCPY
  -------         PROC          _INT_TO_BYTE
  D:0062H         SYMBOL        number
  D:0001H         SYMBOL        value
  C:28C6H         LINE#         141
  C:28CEH         LINE#         142
  C:28CEH         LINE#         143
  C:28D7H         LINE#         144
  C:28EBH         LINE#         145
  C:28FFH         LINE#         146
  -------         ENDPROC       _INT_TO_BYTE
  -------         PROC          _BYTE_TO_INT
  D:0001H         SYMBOL        value
  -------         DO            
  D:0029H         SYMBOL        nubmer
  -------         ENDDO         
  C:2008H         LINE#         154
  C:2008H         LINE#         155
  C:2008H         LINE#         156
  C:2011H         LINE#         158
  C:201EH         LINE#         159
  C:2031H         LINE#         160
  C:2049H         LINE#         161
  C:205DH         LINE#         162
  C:2075H         LINE#         163
  C:2089H         LINE#         164
  C:20A1H         LINE#         166
  C:20A8H         LINE#         167
  -------         ENDPROC       _BYTE_TO_INT
  -------         PROC          MCU_GET_RESET_BT_FLAG
  C:2DD9H         LINE#         177
  C:2DD9H         LINE#         178
  C:2DD9H         LINE#         179
  C:2DDEH         LINE#         180
  -------         ENDPROC       MCU_GET_RESET_BT_FLAG
  -------         PROC          MCU_RESET_BT
  C:2DABH         LINE#         189
  C:2DABH         LINE#         190
  C:2DABH         LINE#         191
  C:2DB0H         LINE#         193
  -------         ENDPROC       MCU_RESET_BT
  -------         PROC          MCU_GET_BT_WORK_STATE
  C:2DDFH         LINE#         205
BL51 BANKED LINKER/LOCATER V6.22                                                      10/13/2020  10:11:57  PAGE 28


  C:2DDFH         LINE#         206
  C:2DDFH         LINE#         207
  C:2DE4H         LINE#         208
  -------         ENDPROC       MCU_GET_BT_WORK_STATE
  -------         PROC          _MCU_DP_RAW_UPDATE
  D:005CH         SYMBOL        dpid
  D:005DH         SYMBOL        value
  D:0060H         SYMBOL        len
  -------         DO            
  D:0004H         SYMBOL        length
  -------         ENDDO         
  C:26F2H         LINE#         219
  C:26FAH         LINE#         220
  C:26FAH         LINE#         221
  C:26FDH         LINE#         223
  C:2704H         LINE#         224
  C:2707H         LINE#         226
  C:2712H         LINE#         227
  C:2719H         LINE#         229
  C:2721H         LINE#         230
  C:272AH         LINE#         232
  C:273DH         LINE#         234
  C:2742H         LINE#         236
  C:2744H         LINE#         237
  -------         ENDPROC       _MCU_DP_RAW_UPDATE
  -------         PROC          _MCU_DP_BOOL_UPDATE
  D:0003H         SYMBOL        dpid
  D:0024H         SYMBOL        value
  -------         DO            
  D:0004H         SYMBOL        length
  -------         ENDDO         
  C:27EBH         LINE#         245
  C:27EFH         LINE#         246
  C:27EFH         LINE#         247
  C:27F2H         LINE#         249
  C:27F9H         LINE#         250
  C:27FCH         LINE#         252
  C:2807H         LINE#         253
  C:280EH         LINE#         255
  C:2815H         LINE#         256
  C:281EH         LINE#         258
  C:2822H         LINE#         259
  C:2822H         LINE#         260
  C:2823H         LINE#         261
  C:2825H         LINE#         263
  C:2825H         LINE#         264
  C:2832H         LINE#         265
  C:2832H         LINE#         267
  C:2837H         LINE#         269
  C:2839H         LINE#         270
  -------         ENDPROC       _MCU_DP_BOOL_UPDATE
  -------         PROC          _MCU_DP_BOOL_MESH_UPDATE
  D:0001H         SYMBOL        dpid
  D:0005H         SYMBOL        value
  D:0002H         SYMBOL        groupa
  -------         DO            
  D:0004H         SYMBOL        check_sum
BL51 BANKED LINKER/LOCATER V6.22                                                      10/13/2020  10:11:57  PAGE 29


  D:0024H         SYMBOL        len
  D:0026H         SYMBOL        buf
  D:0035H         SYMBOL        i
  -------         ENDDO         
  C:2265H         LINE#         271
  C:2267H         LINE#         272
  C:2267H         LINE#         274
  C:2269H         LINE#         275
  C:226DH         LINE#         282
  C:2274H         LINE#         283
  C:2277H         LINE#         285
  C:227AH         LINE#         286
  C:227DH         LINE#         287
  C:2280H         LINE#         288
  C:2283H         LINE#         290
  C:2285H         LINE#         291
  C:2288H         LINE#         292
  C:228AH         LINE#         293
  C:228CH         LINE#         294
  C:228EH         LINE#         295
  C:2291H         LINE#         296
  C:2293H         LINE#         297
  C:2296H         LINE#         298
  C:2299H         LINE#         299
  C:2299H         LINE#         300
  C:229BH         LINE#         301
  C:229DH         LINE#         303
  C:229DH         LINE#         304
  C:22A0H         LINE#         305
  C:22A0H         LINE#         307
  C:22A5H         LINE#         308
  C:22A5H         LINE#         309
  C:22ADH         LINE#         310
  C:22BBH         LINE#         311
  C:22BDH         LINE#         312
  C:22C3H         LINE#         313
  C:22C8H         LINE#         314
  C:22D5H         LINE#         315
  C:22D5H         LINE#         316
  C:22DFH         LINE#         317
  C:22E7H         LINE#         318
  C:22E9H         LINE#         321
  C:22EBH         LINE#         322
  -------         ENDPROC       _MCU_DP_BOOL_MESH_UPDATE
  -------         PROC          _MCU_DP_ENUM_MESH_UPDATE
  D:0001H         SYMBOL        dpid
  D:0005H         SYMBOL        value
  D:0002H         SYMBOL        groupa
  -------         DO            
  D:0004H         SYMBOL        check_sum
  D:0024H         SYMBOL        len
  D:0026H         SYMBOL        buf
  D:0035H         SYMBOL        i
  -------         ENDDO         
  C:1EAEH         LINE#         324
  C:1EB0H         LINE#         325
  C:1EB0H         LINE#         327
BL51 BANKED LINKER/LOCATER V6.22                                                      10/13/2020  10:11:57  PAGE 30


  C:1EB2H         LINE#         328
  C:1EB6H         LINE#         335
  C:1EBDH         LINE#         336
  C:1EC0H         LINE#         338
  C:1EC3H         LINE#         339
  C:1EC6H         LINE#         340
  C:1EC9H         LINE#         341
  C:1ECCH         LINE#         343
  C:1ECEH         LINE#         344
  C:1ED1H         LINE#         345
  C:1ED3H         LINE#         346
  C:1ED5H         LINE#         347
  C:1ED7H         LINE#         348
  C:1EDAH         LINE#         349
  C:1EDCH         LINE#         350
  C:1EDFH         LINE#         351
  C:1EE2H         LINE#         352
  C:1EE2H         LINE#         353
  C:1EE4H         LINE#         354
  C:1EE6H         LINE#         355
  C:1EE9H         LINE#         356
  C:1EE9H         LINE#         357
  C:1EECH         LINE#         358
  C:1EEEH         LINE#         359
  C:1EF1H         LINE#         360
  C:1EF1H         LINE#         361
  C:1EF4H         LINE#         362
  C:1EF6H         LINE#         363
  C:1EF9H         LINE#         364
  C:1EF9H         LINE#         365
  C:1EFCH         LINE#         366
  C:1EFEH         LINE#         367
  C:1F01H         LINE#         368
  C:1F01H         LINE#         369
  C:1F04H         LINE#         370
  C:1F06H         LINE#         371
  C:1F09H         LINE#         372
  C:1F09H         LINE#         373
  C:1F0CH         LINE#         374
  C:1F0EH         LINE#         375
  C:1F11H         LINE#         376
  C:1F11H         LINE#         377
  C:1F14H         LINE#         378
  C:1F14H         LINE#         380
  C:1F19H         LINE#         381
  C:1F19H         LINE#         382
  C:1F21H         LINE#         383
  C:1F2FH         LINE#         384
  C:1F31H         LINE#         385
  C:1F37H         LINE#         386
  C:1F3CH         LINE#         387
  C:1F49H         LINE#         388
  C:1F49H         LINE#         389
  C:1F53H         LINE#         390
  C:1F5BH         LINE#         391
  C:1F5DH         LINE#         394
  C:1F5FH         LINE#         395
BL51 BANKED LINKER/LOCATER V6.22                                                      10/13/2020  10:11:57  PAGE 31


  -------         ENDPROC       _MCU_DP_ENUM_MESH_UPDATE
  -------         PROC          _MCU_DP_VALUE_UPDATE
  D:0003H         SYMBOL        dpid
  D:0028H         SYMBOL        value
  -------         DO            
  D:0004H         SYMBOL        length
  -------         ENDDO         
  C:2143H         LINE#         408
  C:2145H         LINE#         409
  C:2145H         LINE#         410
  C:2148H         LINE#         412
  C:214FH         LINE#         413
  C:2152H         LINE#         415
  C:215DH         LINE#         416
  C:2164H         LINE#         418
  C:216BH         LINE#         419
  C:2170H         LINE#         421
  C:218AH         LINE#         422
  C:21A4H         LINE#         423
  C:21C0H         LINE#         424
  C:21D1H         LINE#         426
  C:21D6H         LINE#         428
  C:21D8H         LINE#         429
  -------         ENDPROC       _MCU_DP_VALUE_UPDATE
  -------         PROC          _MCU_DP_VALUE_MESH_UPDATE
  D:0005H         SYMBOL        dpid
  D:0028H         SYMBOL        value
  D:002CH         SYMBOL        groupa
  -------         DO            
  D:0003H         SYMBOL        check_sum
  D:002EH         SYMBOL        len
  I:0080H         SYMBOL        buf
  D:0030H         SYMBOL        i
  -------         ENDDO         
  C:1C7FH         LINE#         431
  C:1C81H         LINE#         432
  C:1C81H         LINE#         434
  C:1C83H         LINE#         435
  C:1C87H         LINE#         442
  C:1C8EH         LINE#         443
  C:1C91H         LINE#         445
  C:1C95H         LINE#         446
  C:1C98H         LINE#         447
  C:1C9BH         LINE#         448
  C:1C9EH         LINE#         450
  C:1CA0H         LINE#         451
  C:1CA3H         LINE#         452
  C:1CA7H         LINE#         453
  C:1CAAH         LINE#         454
  C:1CADH         LINE#         455
  C:1CB0H         LINE#         456
  C:1CB3H         LINE#         457
  C:1CB6H         LINE#         458
  C:1CC7H         LINE#         459
  C:1CD8H         LINE#         460
  C:1CE9H         LINE#         461
  C:1CF0H         LINE#         465
BL51 BANKED LINKER/LOCATER V6.22                                                      10/13/2020  10:11:57  PAGE 32


  C:1CF4H         LINE#         466
  C:1CF4H         LINE#         467
  C:1CFCH         LINE#         468
  C:1D0AH         LINE#         469
  C:1D0EH         LINE#         470
  C:1D14H         LINE#         471
  C:1D19H         LINE#         472
  C:1D26H         LINE#         473
  C:1D26H         LINE#         474
  C:1D30H         LINE#         475
  C:1D38H         LINE#         476
  C:1D3AH         LINE#         479
  C:1D3CH         LINE#         480
  -------         ENDPROC       _MCU_DP_VALUE_MESH_UPDATE
  -------         PROC          _MCU_DP_STRING_UPDATE
  D:0015H         SYMBOL        dpid
  D:0016H         SYMBOL        value
  D:0019H         SYMBOL        len
  -------         DO            
  D:0004H         SYMBOL        length
  -------         ENDDO         
  C:2745H         LINE#         491
  C:274DH         LINE#         492
  C:274DH         LINE#         493
  C:2750H         LINE#         495
  C:2757H         LINE#         496
  C:275AH         LINE#         498
  C:2765H         LINE#         499
  C:276CH         LINE#         501
[...]
  C:1554H         LINE#         971
  C:1561H         LINE#         972
  C:1561H         LINE#         973
  C:1564H         LINE#         974
  C:1564H         LINE#         976
  C:1571H         LINE#         977
  C:1571H         LINE#         978
  C:1574H         LINE#         979
  C:1574H         LINE#         981
BL51 BANKED LINKER/LOCATER V6.22                                                      10/13/2020  10:11:57  PAGE 46


  C:1581H         LINE#         982
  C:1581H         LINE#         983
  C:1584H         LINE#         984
  C:1584H         LINE#         986
  C:1591H         LINE#         987
  C:1591H         LINE#         988
  C:1593H         LINE#         989
  C:1593H         LINE#         991
  C:15A0H         LINE#         992
  C:15A0H         LINE#         993
  C:15A2H         LINE#         994
  C:15A2H         LINE#         996
  C:15AFH         LINE#         997
  C:15AFH         LINE#         998
  C:15B1H         LINE#         999
  C:15B1H         LINE#         1001
  C:15BEH         LINE#         1002
  C:15BEH         LINE#         1003
  C:15C0H         LINE#         1004
  C:15C0H         LINE#         1006
  C:15CDH         LINE#         1007
  C:15CDH         LINE#         1008
  C:15CFH         LINE#         1009
  C:15CFH         LINE#         1011
  C:15DCH         LINE#         1012
  C:15DCH         LINE#         1013
  C:15DEH         LINE#         1014
  C:15DEH         LINE#         1016
  C:15EBH         LINE#         1017
  C:15EBH         LINE#         1018
  C:15EDH         LINE#         1019
  C:15EDH         LINE#         1021
  C:15FAH         LINE#         1022
  C:15FAH         LINE#         1023
  C:15FCH         LINE#         1024
  C:15FCH         LINE#         1026
  C:160BH         LINE#         1027
  C:160BH         LINE#         1028
  C:160DH         LINE#         1031
  C:160DH         LINE#         1032
  C:1612H         LINE#         1033
  C:1612H         LINE#         1034
  C:1612H         LINE#         1035
  C:1614H         LINE#         1036
  -------         ENDPROC       _DP_DOWNLOAD_HANDLE
  -------         PROC          GET_DOWNLOAD_CMD_TOTAL
  C:2DE8H         LINE#         1044
  C:2DE8H         LINE#         1045
  C:2DE8H         LINE#         1046
  C:2DEAH         LINE#         1047
  -------         ENDPROC       GET_DOWNLOAD_CMD_TOTAL
  -------         PROC          SAVEVAR
  -------         DO            
  D:0007H         SYMBOL        i
  -------         ENDDO         
  C:1823H         LINE#         1049
  C:1823H         LINE#         1050
BL51 BANKED LINKER/LOCATER V6.22                                                      10/13/2020  10:11:57  PAGE 47


  C:1823H         LINE#         1052
  C:182AH         LINE#         1053
  C:1831H         LINE#         1055
  C:184EH         LINE#         1056
  C:1855H         LINE#         1057
  C:185CH         LINE#         1059
  C:1875H         LINE#         1060
  C:187CH         LINE#         1061
  C:1883H         LINE#         1063
  C:1888H         LINE#         1064
  C:188FH         LINE#         1065
  C:1896H         LINE#         1067
  C:189BH         LINE#         1068
  C:18A2H         LINE#         1069
  C:18A9H         LINE#         1070
  C:18AFH         LINE#         1071
  C:18B6H         LINE#         1072
  C:18BDH         LINE#         1074
  C:18C2H         LINE#         1075
  C:18C9H         LINE#         1076
  C:18D0H         LINE#         1078
  C:18D5H         LINE#         1079
  C:18DCH         LINE#         1080
  C:18E3H         LINE#         1082
  C:18E8H         LINE#         1083
  C:18EFH         LINE#         1084
  C:18F6H         LINE#         1098
  C:18FDH         LINE#         1099
  C:1904H         LINE#         1100
  C:190DH         LINE#         1102
  C:190FH         LINE#         1104
  -------         ENDPROC       SAVEVAR
  -------         ENDMOD        PROTOCOL

  -------         MODULE        SYSTEM
  C:0000H         SYMBOL        _ICE_DUMMY_
  C:2B93H         SYMBOL        _get_dowmload_dpid_index
  X:005BH         PUBLIC        bt_queue_buf
  D:0080H         PUBLIC        P0
  D:0090H         PUBLIC        P1
  C:29CAH         SYMBOL        _bt_uart_write_data
  D:00A0H         PUBLIC        P2
  X:0072H         PUBLIC        bt_work_state
  C:2A0DH         PUBLIC        _set_bt_uart_buffer
  C:25D7H         PUBLIC        _bt_uart_mesh_write_frame
  C:2C64H         SYMBOL        heat_beat_check
  D:00A8H         PUBLIC        IE
  D:00F8H         PUBLIC        RSTFR
  C:2DD1H         SYMBOL        get_mcu_bt_mode
  X:0073H         PUBLIC        set_btmode_flag
  X:0074H         PUBLIC        stop_update_flag
  D:0098H         PUBLIC        SCON
  D:0088H         PUBLIC        TCON
  C:0026H         PUBLIC        _set_bt_uart_byte
  D:00B8H         PUBLIC        IE1
  C:2CA2H         PUBLIC        get_queue_total_data
  C:2AB2H         PUBLIC        _get_check_sum
BL51 BANKED LINKER/LOCATER V6.22                                                      10/13/2020  10:11:57  PAGE 48


  X:0075H         PUBLIC        reset_bt_flag
  C:294BH         PUBLIC        Queue_Read_Byte
  D:0050H         PUBLIC        queue_in
  X:0076H         PUBLIC        bt_uart_rx_buf
  D:0053H         PUBLIC        queue_out
  X:0095H         PUBLIC        bt_uart_tx_buf
  C:0D51H         PUBLIC        _data_handle
  C:2798H         PUBLIC        _bt_uart_write_frame
  C:263DH         SYMBOL        _data_point_handle
  D:00D0H         PUBLIC        PSW
  C:2A43H         SYMBOL        product_info_update
  -------         PROC          _SET_BT_UART_BYTE
  D:0006H         SYMBOL        dest
  D:0005H         SYMBOL        byte
  -------         DO            
  D:0001H         SYMBOL        obj
  -------         ENDDO         
  C:0026H         LINE#         47
  C:0026H         LINE#         48
  C:0026H         LINE#         49
  C:0030H         LINE#         51
  C:0034H         LINE#         52
  C:0039H         LINE#         54
  C:0039H         LINE#         55
  -------         ENDPROC       _SET_BT_UART_BYTE
  -------         PROC          L?0059
  -------         ENDPROC       L?0059
  -------         PROC          _SET_BT_UART_BUFFER
  D:001BH         SYMBOL        dest
  D:001DH         SYMBOL        src
  D:0020H         SYMBOL        len
  -------         DO            
  D:0001H         SYMBOL        obj
  -------         ENDDO         
  C:2A0DH         LINE#         64
  C:2A17H         LINE#         65
  C:2A17H         LINE#         66
  C:2A21H         LINE#         68
  C:2A33H         LINE#         70
  C:2A3FH         LINE#         71
  C:2A42H         LINE#         72
  -------         ENDPROC       _SET_BT_UART_BUFFER
  -------         PROC          _BT_UART_WRITE_DATA
  D:002EH         SYMBOL        in
  D:0031H         SYMBOL        len
  C:29CAH         LINE#         80
  C:29D4H         LINE#         81
  C:29D4H         LINE#         82
  C:29DFH         LINE#         83
  C:29DFH         LINE#         85
  C:29DFH         LINE#         87
  C:29ECH         LINE#         88
  C:29ECH         LINE#         89
  C:29F9H         LINE#         90
  C:2A04H         LINE#         91
  C:2A06H         LINE#         92
  -------         ENDPROC       _BT_UART_WRITE_DATA
BL51 BANKED LINKER/LOCATER V6.22                                                      10/13/2020  10:11:57  PAGE 49


  -------         PROC          _GET_CHECK_SUM
  D:002EH         SYMBOL        pack
  D:0031H         SYMBOL        pack_len
  -------         DO            
  D:0004H         SYMBOL        i
  D:0007H         SYMBOL        check_sum
  -------         ENDDO         
  C:2AB2H         LINE#         100
  C:2ABCH         LINE#         101
  C:2ABCH         LINE#         103
  C:2ABEH         LINE#         105
  C:2AC9H         LINE#         106
  C:2AC9H         LINE#         107
  C:2ADCH         LINE#         108
  C:2AE3H         LINE#         110
  C:2AE3H         LINE#         111
  -------         ENDPROC       _GET_CHECK_SUM
  -------         PROC          _BT_UART_WRITE_FRAME
  D:0007H         SYMBOL        fr_type
  D:002CH         SYMBOL        len
  -------         DO            
  D:0006H         SYMBOL        check_sum
  -------         ENDDO         
  C:2798H         LINE#         119
  C:279CH         LINE#         120
  C:279CH         LINE#         121
  C:279CH         LINE#         123
  C:27A2H         LINE#         124
  C:27A6H         LINE#         125
  C:27A9H         LINE#         126
  C:27ACH         LINE#         127
  C:27B0H         LINE#         128
  C:27B4H         LINE#         130
  C:27BDH         LINE#         131
  C:27D0H         LINE#         132
  C:27DEH         LINE#         134
  -------         ENDPROC       _BT_UART_WRITE_FRAME
  -------         PROC          _BT_UART_MESH_WRITE_FRAME
  D:0007H         SYMBOL        fr_type
  D:0068H         SYMBOL        len
  -------         DO            
  D:0006H         SYMBOL        check_sum
  -------         ENDDO         
  C:25D7H         LINE#         138
  C:25DBH         LINE#         139
  C:25DBH         LINE#         140
  C:25DBH         LINE#         142
  C:25E6H         LINE#         144
  C:25ECH         LINE#         145
  C:25F0H         LINE#         146
  C:25F3H         LINE#         147
  C:25F6H         LINE#         149
  C:25FAH         LINE#         150
  C:25FEH         LINE#         151
  C:2602H         LINE#         152
  C:2604H         LINE#         155
  C:260FH         LINE#         156
BL51 BANKED LINKER/LOCATER V6.22                                                      10/13/2020  10:11:57  PAGE 50


  C:2622H         LINE#         157
  C:2630H         LINE#         159
  -------         ENDPROC       _BT_UART_MESH_WRITE_FRAME
  -------         PROC          HEAT_BEAT_CHECK
  -------         DO            
  D:0007H         SYMBOL        length
  D:004FH         SYMBOL        mcu_reset_state
  -------         ENDDO         
  C:2C64H         LINE#         170
  C:2C64H         LINE#         171
  C:2C64H         LINE#         172
  C:2C66H         LINE#         175
  C:2C6AH         LINE#         176
  C:2C6AH         LINE#         177
  C:2C6FH         LINE#         178
  C:2C72H         LINE#         179
  C:2C74H         LINE#         181
  C:2C74H         LINE#         182
  C:2C7BH         LINE#         183
  C:2C7BH         LINE#         185
  -------         ENDPROC       HEAT_BEAT_CHECK
  -------         PROC          PRODUCT_INFO_UPDATE
  -------         DO            
  D:0014H         SYMBOL        length
  -------         ENDDO         
  C:2A43H         LINE#         193
  C:2A43H         LINE#         194
  C:2A43H         LINE#         195
  C:2A46H         LINE#         197
  C:2A5CH         LINE#         198
  C:2A72H         LINE#         200
  -------         ENDPROC       PRODUCT_INFO_UPDATE
  -------         PROC          GET_MCU_BT_MODE
  -------         DO            
  D:0007H         SYMBOL        length
  -------         ENDDO         
  C:2DD1H         LINE#         208
  C:2DD1H         LINE#         209
  C:2DD1H         LINE#         210
  C:2DD2H         LINE#         219
  -------         ENDPROC       GET_MCU_BT_MODE
  -------         PROC          _GET_DOWMLOAD_DPID_INDEX
  D:001BH         SYMBOL        dpid
  -------         DO            
  D:0006H         SYMBOL        index
  D:0007H         SYMBOL        total
  -------         ENDDO         
  C:2B93H         LINE#         227
  C:2B95H         LINE#         228
  C:2B95H         LINE#         230
  C:2B98H         LINE#         232
  C:2B9FH         LINE#         233
  C:2B9FH         LINE#         234
  C:2BB3H         LINE#         235
  C:2BB3H         LINE#         236
  C:2BB3H         LINE#         237
  C:2BB3H         LINE#         238
BL51 BANKED LINKER/LOCATER V6.22                                                      10/13/2020  10:11:57  PAGE 51


  C:2BB6H         LINE#         240
  C:2BB8H         LINE#         241
  -------         ENDPROC       _GET_DOWMLOAD_DPID_INDEX
  -------         PROC          _DATA_POINT_HANDLE
  D:0014H         SYMBOL        value
  -------         DO            
  D:0017H         SYMBOL        dp_id
  D:0007H         SYMBOL        index
  D:0018H         SYMBOL        dp_type
  D:0007H         SYMBOL        ret
  D:0019H         SYMBOL        dp_len
  -------         ENDDO         
  C:263DH         LINE#         248
  C:2643H         LINE#         249
  C:2643H         LINE#         255
  C:2648H         LINE#         256
  C:2650H         LINE#         257
  C:265BH         LINE#         258
  C:266AH         LINE#         260
  C:266FH         LINE#         262
  C:2683H         LINE#         263
  C:2683H         LINE#         265
  C:2686H         LINE#         266
  C:2686H         LINE#         268
  C:2686H         LINE#         269
  C:269CH         LINE#         270
  C:269CH         LINE#         272
  C:269CH         LINE#         273
  -------         ENDPROC       _DATA_POINT_HANDLE
  -------         PROC          _DATA_HANDLE
  D:000CH         SYMBOL        offset
  -------         DO            
  D:000EH         SYMBOL        dp_len
  D:0007H         SYMBOL        ret
  D:0010H         SYMBOL        i
  D:0012H         SYMBOL        total_len
  D:0007H         SYMBOL        cmd_type
  -------         ENDDO         
  C:0D51H         LINE#         280
  C:0D55H         LINE#         281
  C:0D55H         LINE#         293
  C:0D61H         LINE#         295
  C:0D94H         LINE#         296
  C:0D94H         LINE#         297
  C:0D94H         LINE#         298
  C:0D97H         LINE#         299
  C:0D97H         LINE#         301
  C:0D97H         LINE#         302
  C:0D9AH         LINE#         303
  C:0D9AH         LINE#         305
  C:0D9AH         LINE#         306
  C:0D9DH         LINE#         307
  C:0D9DH         LINE#         310
  C:0D9DH         LINE#         311
  C:0DAEH         LINE#         312
  C:0DB6H         LINE#         313
  C:0DB6H         LINE#         315
BL51 BANKED LINKER/LOCATER V6.22                                                      10/13/2020  10:11:57  PAGE 52


  C:0DB6H         LINE#         316
  C:0DBCH         LINE#         317
  C:0DBDH         LINE#         320
  C:0DBDH         LINE#         321
  C:0DCFH         LINE#         322
  C:0DE5H         LINE#         324
  C:0DF8H         LINE#         325
  C:0DF8H         LINE#         326
  C:0E12H         LINE#         327
  C:0E26H         LINE#         329
  C:0E3DH         LINE#         331
  C:0E40H         LINE#         332
  C:0E40H         LINE#         334
  C:0E43H         LINE#         335
  C:0E43H         LINE#         337
  C:0E43H         LINE#         339
  C:0E43H         LINE#         341
  C:0E56H         LINE#         342
  C:0E58H         LINE#         344
  C:0E58H         LINE#         345
  C:0E58H         LINE#         346
  C:0E6AH         LINE#         347
  C:0E80H         LINE#         350
  C:0E95H         LINE#         351
  C:0EAAH         LINE#         353
  C:0EBFH         LINE#         354
  C:0ED4H         LINE#         356
  C:0EE9H         LINE#         357
  C:0EFEH         LINE#         359
  C:0F13H         LINE#         360
  C:0F28H         LINE#         362
  C:0F3DH         LINE#         363
  C:0F52H         LINE#         365
  C:0F67H         LINE#         366
  C:0F7CH         LINE#         368
  C:0F91H         LINE#         369
  C:0FA6H         LINE#         371
  C:0FBBH         LINE#         372
  C:0FD0H         LINE#         376
  C:0FD1H         LINE#         377
  C:0FD1H         LINE#         378
  C:0FD4H         LINE#         379
  C:0FD4H         LINE#         440
  C:0FD4H         LINE#         441
  C:0FD4H         LINE#         442
  C:0FD4H         LINE#         443
  -------         ENDPROC       _DATA_HANDLE
  -------         PROC          GET_QUEUE_TOTAL_DATA
  C:2CA2H         LINE#         450
  C:2CA2H         LINE#         451
  C:2CA2H         LINE#         452
  C:2CBAH         LINE#         453
  C:2CBDH         LINE#         455
  C:2CBFH         LINE#         456
  -------         ENDPROC       GET_QUEUE_TOTAL_DATA
  -------         PROC          QUEUE_READ_BYTE
  -------         DO            
BL51 BANKED LINKER/LOCATER V6.22                                                      10/13/2020  10:11:57  PAGE 53


  D:0007H         SYMBOL        value
  -------         ENDDO         
  C:294BH         LINE#         463
  C:294BH         LINE#         464
  C:294BH         LINE#         467
  C:2963H         LINE#         468
  C:2963H         LINE#         470
  C:2971H         LINE#         471
  C:2971H         LINE#         473
  C:297AH         LINE#         474
  C:297AH         LINE#         476
  C:298CH         LINE#         477
  C:298CH         LINE#         479
  C:298CH         LINE#         480
  -------         ENDPROC       QUEUE_READ_BYTE
  -------         ENDMOD        SYSTEM

  -------         MODULE        ?C?FPDIV
  C:09B4H         PUBLIC        ?C?FPDIV
  -------         ENDMOD        ?C?FPDIV

  -------         MODULE        ?C?FCAST
  C:0A5BH         PUBLIC        ?C?FCASTC
  C:0A56H         PUBLIC        ?C?FCASTI
  C:0A51H         PUBLIC        ?C?FCASTL
  -------         ENDMOD        ?C?FCAST

  -------         MODULE        ?C?CASTF
  C:0A8FH         PUBLIC        ?C?CASTF
  -------         ENDMOD        ?C?CASTF

  -------         MODULE        ?C?CLDPTR
  C:0B10H         PUBLIC        ?C?CLDPTR
  -------         ENDMOD        ?C?CLDPTR

  -------         MODULE        ?C?CLDOPTR
  C:0B29H         PUBLIC        ?C?CLDOPTR
  -------         ENDMOD        ?C?CLDOPTR

  -------         MODULE        ?C?CSTPTR
  C:0B56H         PUBLIC        ?C?CSTPTR
  -------         ENDMOD        ?C?CSTPTR

  -------         MODULE        ?C?CSTOPTR
  C:0B68H         PUBLIC        ?C?CSTOPTR
  -------         ENDMOD        ?C?CSTOPTR

  -------         MODULE        ?C?IMUL
  C:0B8AH         PUBLIC        ?C?IMUL
  -------         ENDMOD        ?C?IMUL

  -------         MODULE        ?C?LMUL
  C:0B9CH         PUBLIC        ?C?LMUL
  -------         ENDMOD        ?C?LMUL

  -------         MODULE        ?C?ULDIV
  C:0C27H         PUBLIC        ?C?ULDIV
BL51 BANKED LINKER/LOCATER V6.22                                                      10/13/2020  10:11:57  PAGE 54


  -------         ENDMOD        ?C?ULDIV

  -------         MODULE        ?C?LNEG
  C:0CB9H         PUBLIC        ?C?LNEG
  -------         ENDMOD        ?C?LNEG

  -------         MODULE        ?C?SLCMP
  C:0CC7H         PUBLIC        ?C?SLCMP
  -------         ENDMOD        ?C?SLCMP

  -------         MODULE        ?C?ULCMP
  C:0CDDH         PUBLIC        ?C?ULCMP
  -------         ENDMOD        ?C?ULCMP

  -------         MODULE        ?C?ULSHR
  C:0CEEH         PUBLIC        ?C?ULSHR
  -------         ENDMOD        ?C?ULSHR

  -------         MODULE        ?C?LSHL
  C:0D01H         PUBLIC        ?C?LSHL
  -------         ENDMOD        ?C?LSHL

  -------         MODULE        ?C?LSTXDATA
  C:0D14H         PUBLIC        ?C?LSTXDATA
  -------         ENDMOD        ?C?LSTXDATA

  -------         MODULE        ?C?LSTKXDATA
  C:0D20H         PUBLIC        ?C?LSTKXDATA
  -------         ENDMOD        ?C?LSTKXDATA

Program Size: data=146.0 xdata=274 code=11754
LINK/LOCATE RUN COMPLETE.  0 WARNING(S),  0 ERROR(S)
